Archive member included to satisfy reference by file (symbol)

d:/programs/7.0/toolchain/avr8/avr8-gnu-toolchain/bin/../lib/gcc/avr/5.4.0/avrxmega3\libgcc.a(_udivmodqi4.o)
                              at_lcd.o (__udivmodqi4)
d:/programs/7.0/toolchain/avr8/avr8-gnu-toolchain/bin/../lib/gcc/avr/5.4.0/avrxmega3\libgcc.a(_udivmodhi4.o)
                              at_lcd.o (__udivmodhi4)
d:/programs/7.0/toolchain/avr8/avr8-gnu-toolchain/bin/../lib/gcc/avr/5.4.0/avrxmega3\libgcc.a(_divmodhi4.o)
                              at_lcd.o (__divmodhi4)
d:/programs/7.0/toolchain/avr8/avr8-gnu-toolchain/bin/../lib/gcc/avr/5.4.0/avrxmega3\libgcc.a(_udivmodsi4.o)
                              at_lcd.o (__udivmodsi4)
d:/programs/7.0/toolchain/avr8/avr8-gnu-toolchain/bin/../lib/gcc/avr/5.4.0/avrxmega3\libgcc.a(_exit.o)
                              D:/Programs/7.0/Packs/Atmel/ATmega_DFP/1.7.374/gcc/dev/atmega4809/avrxmega3/crtatmega4809.o (exit)
d:/programs/7.0/toolchain/avr8/avr8-gnu-toolchain/bin/../lib/gcc/avr/5.4.0/avrxmega3\libgcc.a(_tablejump2.o)
                              servo.o (__tablejump2__)
d:/programs/7.0/toolchain/avr8/avr8-gnu-toolchain/bin/../lib/gcc/avr/5.4.0/avrxmega3\libgcc.a(_clear_bss.o)
                              at_lcd.o (__do_clear_bss)
d:/programs/7.0/toolchain/avr8/avr8-gnu-toolchain/bin/../lib/gcc/avr/5.4.0/avrxmega3\libgcc.a(_ctors.o)
                              main.o (__do_global_ctors)
d:/programs/7.0/toolchain/avr8/avr8-gnu-toolchain/bin/../lib/gcc/avr/5.4.0/avrxmega3\libgcc.a(_dtors.o)
                              main.o (__do_global_dtors)
d:/programs/7.0/toolchain/avr8/avr8-gnu-toolchain/bin/../lib/gcc/avr/5.4.0/avrxmega3\libgcc.a(_umulhisi3.o)
                              servo.o (__umulhisi3)
d:/programs/7.0/toolchain/avr8/avr8-gnu-toolchain/bin/../lib/gcc/avr/5.4.0/avrxmega3\libgcc.a(_muluhisi3.o)
                              at_lcd.o (__muluhisi3)

Discarded input sections

 .data          0x00000000        0x0 D:/Programs/7.0/Packs/Atmel/ATmega_DFP/1.7.374/gcc/dev/atmega4809/avrxmega3/crtatmega4809.o
 .bss           0x00000000        0x0 D:/Programs/7.0/Packs/Atmel/ATmega_DFP/1.7.374/gcc/dev/atmega4809/avrxmega3/crtatmega4809.o
 .group         0x00000000        0x8 at_lcd.o
 .group         0x00000000        0x8 at_lcd.o
 .group         0x00000000        0x8 at_lcd.o
 .group         0x00000000        0x8 at_lcd.o
 .group         0x00000000        0x8 at_lcd.o
 .group         0x00000000        0x8 at_lcd.o
 .group         0x00000000        0x8 at_lcd.o
 .group         0x00000000        0x8 at_lcd.o
 .group         0x00000000        0x8 at_lcd.o
 .group         0x00000000        0x8 at_lcd.o
 .group         0x00000000        0x8 at_lcd.o
 .group         0x00000000        0x8 at_lcd.o
 .text          0x00000000        0x0 at_lcd.o
 .data          0x00000000        0x0 at_lcd.o
 .bss           0x00000000        0x0 at_lcd.o
 .text.isfinite
                0x00000000       0x14 at_lcd.o
 .text.copysign
                0x00000000       0x16 at_lcd.o
 .text._ZN4User6StringC2Ev
                0x00000000        0x2 at_lcd.o
 .text._ZN4User6StringD2Ev
                0x00000000        0x2 at_lcd.o
 .text._ZN4User6String10num_to_strEhhPc
                0x00000000       0xde at_lcd.o
 .text._ZN4User6String10num_to_strEahPc
                0x00000000      0x122 at_lcd.o
 .text._ZN4User6String10num_to_strEjhPc
                0x00000000      0x1c2 at_lcd.o
 .text._ZN4User6String10num_to_strEihPc
                0x00000000      0x2ce at_lcd.o
 .text._ZN4User6String10num_to_strEmhPc
                0x00000000      0x39c at_lcd.o
 .text._ZN4User6String10num_to_strElhPc
                0x00000000      0x660 at_lcd.o
 .rodata.str1.1
                0x00000000        0xe at_lcd.o
 .text._ZN4User6String10num_to_engEmahPc
                0x00000000      0x26a at_lcd.o
 .text._ZN4User6String10num_to_engElahPc
                0x00000000      0x2c2 at_lcd.o
 .text._ZN4User6String10num_to_engEmhPc
                0x00000000      0x26a at_lcd.o
 .text._ZN4User6String10num_to_engElhPc
                0x00000000      0x2c0 at_lcd.o
 .text._Z10lcd_confighh
                0x00000000       0x22 at_lcd.o
 .text._Z12lcd_print_u8hh
                0x00000000      0x118 at_lcd.o
 .text._Z12lcd_print_s8ha
                0x00000000      0x152 at_lcd.o
 .text          0x00000000        0x0 debug.o
 .data          0x00000000        0x0 debug.o
 .bss           0x00000000        0x0 debug.o
 .debug_line    0x00000000        0x0 debug.o
 .debug_str     0x00000000      0x187 debug.o
 .comment       0x00000000       0x31 debug.o
 .group         0x00000000        0x8 embedded_string.o
 .group         0x00000000        0x8 embedded_string.o
 .group         0x00000000        0x8 embedded_string.o
 .group         0x00000000        0x8 embedded_string.o
 .group         0x00000000        0x8 embedded_string.o
 .group         0x00000000        0x8 embedded_string.o
 .group         0x00000000        0x8 embedded_string.o
 .group         0x00000000        0x8 embedded_string.o
 .group         0x00000000        0x8 embedded_string.o
 .group         0x00000000        0x8 embedded_string.o
 .group         0x00000000        0x8 embedded_string.o
 .group         0x00000000        0x8 embedded_string.o
 .text          0x00000000        0x0 embedded_string.o
 .data          0x00000000        0x0 embedded_string.o
 .bss           0x00000000        0x0 embedded_string.o
 .text._ZN4User6StringC2Ev
                0x00000000        0x2 embedded_string.o
 .text._ZN4User6StringD2Ev
                0x00000000        0x2 embedded_string.o
 .text._ZN4User6String10num_to_strEhhPc
                0x00000000       0xde embedded_string.o
 .text._ZN4User6String10num_to_strEahPc
                0x00000000      0x122 embedded_string.o
 .rodata        0x00000000       0x3a embedded_string.o
 .text._ZN4User6String10num_to_strEjhPc
                0x00000000      0x1c2 embedded_string.o
 .text._ZN4User6String10num_to_strEihPc
                0x00000000      0x2ce embedded_string.o
 .text._ZN4User6String10num_to_strEmhPc
                0x00000000      0x39c embedded_string.o
 .text._ZN4User6String10num_to_strElhPc
                0x00000000      0x660 embedded_string.o
 .rodata.str1.1
                0x00000000        0xe embedded_string.o
 .text._ZN4User6String10num_to_engEmahPc
                0x00000000      0x26a embedded_string.o
 .text._ZN4User6String10num_to_engElahPc
                0x00000000      0x2c2 embedded_string.o
 .text._ZN4User6String10num_to_engEmhPc
                0x00000000      0x26a embedded_string.o
 .text._ZN4User6String10num_to_engElhPc
                0x00000000      0x2c0 embedded_string.o
 .debug_info    0x00000000     0x1315 embedded_string.o
 .debug_abbrev  0x00000000      0x262 embedded_string.o
 .debug_loc     0x00000000     0x335b embedded_string.o
 .debug_aranges
                0x00000000       0x78 embedded_string.o
 .debug_ranges  0x00000000       0xc8 embedded_string.o
 .debug_line    0x00000000     0x136a embedded_string.o
 .debug_str     0x00000000      0x55a embedded_string.o
 .comment       0x00000000       0x31 embedded_string.o
 .debug_frame   0x00000000      0x35c embedded_string.o
 .text          0x00000000        0x0 init.o
 .data          0x00000000        0x0 init.o
 .bss           0x00000000        0x0 init.o
 .text          0x00000000        0x0 int.o
 .data          0x00000000        0x0 int.o
 .bss           0x00000000        0x0 int.o
 .text.isfinite
                0x00000000       0x14 int.o
 .text.copysign
                0x00000000       0x16 int.o
 .text          0x00000000        0x0 main.o
 .data          0x00000000        0x0 main.o
 .bss           0x00000000        0x0 main.o
 .text.isfinite
                0x00000000       0x14 main.o
 .text.copysign
                0x00000000       0x16 main.o
 .text._Z17function_templatev
                0x00000000        0x2 main.o
 .group         0x00000000        0x8 servo.o
 .text          0x00000000        0x0 servo.o
 .data          0x00000000        0x0 servo.o
 .bss           0x00000000        0x0 servo.o
 .text.isfinite
                0x00000000       0x14 servo.o
 .text.copysign
                0x00000000       0x16 servo.o
 .text._ZN9OrangeBot5Servo9get_errorEv
                0x00000000        0x6 servo.o
 .text._ZN9OrangeBot5Servo12report_errorENS0_11_Error_codeE
                0x00000000        0x4 servo.o
 .text._ZN9OrangeBot5Servo14error_recoveryEv
                0x00000000        0x4 servo.o
 .text._ZN9OrangeBot5Servo5dummyEv
                0x00000000        0x4 servo.o
 .text          0x00000000        0x0 d:/programs/7.0/toolchain/avr8/avr8-gnu-toolchain/bin/../lib/gcc/avr/5.4.0/avrxmega3\libgcc.a(_udivmodqi4.o)
 .data          0x00000000        0x0 d:/programs/7.0/toolchain/avr8/avr8-gnu-toolchain/bin/../lib/gcc/avr/5.4.0/avrxmega3\libgcc.a(_udivmodqi4.o)
 .bss           0x00000000        0x0 d:/programs/7.0/toolchain/avr8/avr8-gnu-toolchain/bin/../lib/gcc/avr/5.4.0/avrxmega3\libgcc.a(_udivmodqi4.o)
 .text.libgcc.mul
                0x00000000        0x0 d:/programs/7.0/toolchain/avr8/avr8-gnu-toolchain/bin/../lib/gcc/avr/5.4.0/avrxmega3\libgcc.a(_udivmodqi4.o)
 .text.libgcc   0x00000000        0x0 d:/programs/7.0/toolchain/avr8/avr8-gnu-toolchain/bin/../lib/gcc/avr/5.4.0/avrxmega3\libgcc.a(_udivmodqi4.o)
 .text.libgcc.prologue
                0x00000000        0x0 d:/programs/7.0/toolchain/avr8/avr8-gnu-toolchain/bin/../lib/gcc/avr/5.4.0/avrxmega3\libgcc.a(_udivmodqi4.o)
 .text.libgcc.builtins
                0x00000000        0x0 d:/programs/7.0/toolchain/avr8/avr8-gnu-toolchain/bin/../lib/gcc/avr/5.4.0/avrxmega3\libgcc.a(_udivmodqi4.o)
 .text.libgcc.fmul
                0x00000000        0x0 d:/programs/7.0/toolchain/avr8/avr8-gnu-toolchain/bin/../lib/gcc/avr/5.4.0/avrxmega3\libgcc.a(_udivmodqi4.o)
 .text.libgcc.fixed
                0x00000000        0x0 d:/programs/7.0/toolchain/avr8/avr8-gnu-toolchain/bin/../lib/gcc/avr/5.4.0/avrxmega3\libgcc.a(_udivmodqi4.o)
 .text          0x00000000        0x0 d:/programs/7.0/toolchain/avr8/avr8-gnu-toolchain/bin/../lib/gcc/avr/5.4.0/avrxmega3\libgcc.a(_udivmodhi4.o)
 .data          0x00000000        0x0 d:/programs/7.0/toolchain/avr8/avr8-gnu-toolchain/bin/../lib/gcc/avr/5.4.0/avrxmega3\libgcc.a(_udivmodhi4.o)
 .bss           0x00000000        0x0 d:/programs/7.0/toolchain/avr8/avr8-gnu-toolchain/bin/../lib/gcc/avr/5.4.0/avrxmega3\libgcc.a(_udivmodhi4.o)
 .text.libgcc.mul
                0x00000000        0x0 d:/programs/7.0/toolchain/avr8/avr8-gnu-toolchain/bin/../lib/gcc/avr/5.4.0/avrxmega3\libgcc.a(_udivmodhi4.o)
 .text.libgcc   0x00000000        0x0 d:/programs/7.0/toolchain/avr8/avr8-gnu-toolchain/bin/../lib/gcc/avr/5.4.0/avrxmega3\libgcc.a(_udivmodhi4.o)
 .text.libgcc.prologue
                0x00000000        0x0 d:/programs/7.0/toolchain/avr8/avr8-gnu-toolchain/bin/../lib/gcc/avr/5.4.0/avrxmega3\libgcc.a(_udivmodhi4.o)
 .text.libgcc.builtins
                0x00000000        0x0 d:/programs/7.0/toolchain/avr8/avr8-gnu-toolchain/bin/../lib/gcc/avr/5.4.0/avrxmega3\libgcc.a(_udivmodhi4.o)
 .text.libgcc.fmul
                0x00000000        0x0 d:/programs/7.0/toolchain/avr8/avr8-gnu-toolchain/bin/../lib/gcc/avr/5.4.0/avrxmega3\libgcc.a(_udivmodhi4.o)
 .text.libgcc.fixed
                0x00000000        0x0 d:/programs/7.0/toolchain/avr8/avr8-gnu-toolchain/bin/../lib/gcc/avr/5.4.0/avrxmega3\libgcc.a(_udivmodhi4.o)
 .text          0x00000000        0x0 d:/programs/7.0/toolchain/avr8/avr8-gnu-toolchain/bin/../lib/gcc/avr/5.4.0/avrxmega3\libgcc.a(_divmodhi4.o)
 .data          0x00000000        0x0 d:/programs/7.0/toolchain/avr8/avr8-gnu-toolchain/bin/../lib/gcc/avr/5.4.0/avrxmega3\libgcc.a(_divmodhi4.o)
 .bss           0x00000000        0x0 d:/programs/7.0/toolchain/avr8/avr8-gnu-toolchain/bin/../lib/gcc/avr/5.4.0/avrxmega3\libgcc.a(_divmodhi4.o)
 .text.libgcc.mul
                0x00000000        0x0 d:/programs/7.0/toolchain/avr8/avr8-gnu-toolchain/bin/../lib/gcc/avr/5.4.0/avrxmega3\libgcc.a(_divmodhi4.o)
 .text.libgcc.div
                0x00000000       0x28 d:/programs/7.0/toolchain/avr8/avr8-gnu-toolchain/bin/../lib/gcc/avr/5.4.0/avrxmega3\libgcc.a(_divmodhi4.o)
 .text.libgcc   0x00000000        0x0 d:/programs/7.0/toolchain/avr8/avr8-gnu-toolchain/bin/../lib/gcc/avr/5.4.0/avrxmega3\libgcc.a(_divmodhi4.o)
 .text.libgcc.prologue
                0x00000000        0x0 d:/programs/7.0/toolchain/avr8/avr8-gnu-toolchain/bin/../lib/gcc/avr/5.4.0/avrxmega3\libgcc.a(_divmodhi4.o)
 .text.libgcc.builtins
                0x00000000        0x0 d:/programs/7.0/toolchain/avr8/avr8-gnu-toolchain/bin/../lib/gcc/avr/5.4.0/avrxmega3\libgcc.a(_divmodhi4.o)
 .text.libgcc.fmul
                0x00000000        0x0 d:/programs/7.0/toolchain/avr8/avr8-gnu-toolchain/bin/../lib/gcc/avr/5.4.0/avrxmega3\libgcc.a(_divmodhi4.o)
 .text.libgcc.fixed
                0x00000000        0x0 d:/programs/7.0/toolchain/avr8/avr8-gnu-toolchain/bin/../lib/gcc/avr/5.4.0/avrxmega3\libgcc.a(_divmodhi4.o)
 .text          0x00000000        0x0 d:/programs/7.0/toolchain/avr8/avr8-gnu-toolchain/bin/../lib/gcc/avr/5.4.0/avrxmega3\libgcc.a(_udivmodsi4.o)
 .data          0x00000000        0x0 d:/programs/7.0/toolchain/avr8/avr8-gnu-toolchain/bin/../lib/gcc/avr/5.4.0/avrxmega3\libgcc.a(_udivmodsi4.o)
 .bss           0x00000000        0x0 d:/programs/7.0/toolchain/avr8/avr8-gnu-toolchain/bin/../lib/gcc/avr/5.4.0/avrxmega3\libgcc.a(_udivmodsi4.o)
 .text.libgcc.mul
                0x00000000        0x0 d:/programs/7.0/toolchain/avr8/avr8-gnu-toolchain/bin/../lib/gcc/avr/5.4.0/avrxmega3\libgcc.a(_udivmodsi4.o)
 .text.libgcc   0x00000000        0x0 d:/programs/7.0/toolchain/avr8/avr8-gnu-toolchain/bin/../lib/gcc/avr/5.4.0/avrxmega3\libgcc.a(_udivmodsi4.o)
 .text.libgcc.prologue
                0x00000000        0x0 d:/programs/7.0/toolchain/avr8/avr8-gnu-toolchain/bin/../lib/gcc/avr/5.4.0/avrxmega3\libgcc.a(_udivmodsi4.o)
 .text.libgcc.builtins
                0x00000000        0x0 d:/programs/7.0/toolchain/avr8/avr8-gnu-toolchain/bin/../lib/gcc/avr/5.4.0/avrxmega3\libgcc.a(_udivmodsi4.o)
 .text.libgcc.fmul
                0x00000000        0x0 d:/programs/7.0/toolchain/avr8/avr8-gnu-toolchain/bin/../lib/gcc/avr/5.4.0/avrxmega3\libgcc.a(_udivmodsi4.o)
 .text.libgcc.fixed
                0x00000000        0x0 d:/programs/7.0/toolchain/avr8/avr8-gnu-toolchain/bin/../lib/gcc/avr/5.4.0/avrxmega3\libgcc.a(_udivmodsi4.o)
 .text          0x00000000        0x0 d:/programs/7.0/toolchain/avr8/avr8-gnu-toolchain/bin/../lib/gcc/avr/5.4.0/avrxmega3\libgcc.a(_exit.o)
 .data          0x00000000        0x0 d:/programs/7.0/toolchain/avr8/avr8-gnu-toolchain/bin/../lib/gcc/avr/5.4.0/avrxmega3\libgcc.a(_exit.o)
 .bss           0x00000000        0x0 d:/programs/7.0/toolchain/avr8/avr8-gnu-toolchain/bin/../lib/gcc/avr/5.4.0/avrxmega3\libgcc.a(_exit.o)
 .text.libgcc.mul
                0x00000000        0x0 d:/programs/7.0/toolchain/avr8/avr8-gnu-toolchain/bin/../lib/gcc/avr/5.4.0/avrxmega3\libgcc.a(_exit.o)
 .text.libgcc.div
                0x00000000        0x0 d:/programs/7.0/toolchain/avr8/avr8-gnu-toolchain/bin/../lib/gcc/avr/5.4.0/avrxmega3\libgcc.a(_exit.o)
 .text.libgcc   0x00000000        0x0 d:/programs/7.0/toolchain/avr8/avr8-gnu-toolchain/bin/../lib/gcc/avr/5.4.0/avrxmega3\libgcc.a(_exit.o)
 .text.libgcc.prologue
                0x00000000        0x0 d:/programs/7.0/toolchain/avr8/avr8-gnu-toolchain/bin/../lib/gcc/avr/5.4.0/avrxmega3\libgcc.a(_exit.o)
 .text.libgcc.builtins
                0x00000000        0x0 d:/programs/7.0/toolchain/avr8/avr8-gnu-toolchain/bin/../lib/gcc/avr/5.4.0/avrxmega3\libgcc.a(_exit.o)
 .text.libgcc.fmul
                0x00000000        0x0 d:/programs/7.0/toolchain/avr8/avr8-gnu-toolchain/bin/../lib/gcc/avr/5.4.0/avrxmega3\libgcc.a(_exit.o)
 .text.libgcc.fixed
                0x00000000        0x0 d:/programs/7.0/toolchain/avr8/avr8-gnu-toolchain/bin/../lib/gcc/avr/5.4.0/avrxmega3\libgcc.a(_exit.o)
 .text          0x00000000        0x0 d:/programs/7.0/toolchain/avr8/avr8-gnu-toolchain/bin/../lib/gcc/avr/5.4.0/avrxmega3\libgcc.a(_tablejump2.o)
 .data          0x00000000        0x0 d:/programs/7.0/toolchain/avr8/avr8-gnu-toolchain/bin/../lib/gcc/avr/5.4.0/avrxmega3\libgcc.a(_tablejump2.o)
 .bss           0x00000000        0x0 d:/programs/7.0/toolchain/avr8/avr8-gnu-toolchain/bin/../lib/gcc/avr/5.4.0/avrxmega3\libgcc.a(_tablejump2.o)
 .text.libgcc.mul
                0x00000000        0x0 d:/programs/7.0/toolchain/avr8/avr8-gnu-toolchain/bin/../lib/gcc/avr/5.4.0/avrxmega3\libgcc.a(_tablejump2.o)
 .text.libgcc.div
                0x00000000        0x0 d:/programs/7.0/toolchain/avr8/avr8-gnu-toolchain/bin/../lib/gcc/avr/5.4.0/avrxmega3\libgcc.a(_tablejump2.o)
 .text.libgcc.prologue
                0x00000000        0x0 d:/programs/7.0/toolchain/avr8/avr8-gnu-toolchain/bin/../lib/gcc/avr/5.4.0/avrxmega3\libgcc.a(_tablejump2.o)
 .text.libgcc.builtins
                0x00000000        0x0 d:/programs/7.0/toolchain/avr8/avr8-gnu-toolchain/bin/../lib/gcc/avr/5.4.0/avrxmega3\libgcc.a(_tablejump2.o)
 .text.libgcc.fmul
                0x00000000        0x0 d:/programs/7.0/toolchain/avr8/avr8-gnu-toolchain/bin/../lib/gcc/avr/5.4.0/avrxmega3\libgcc.a(_tablejump2.o)
 .text.libgcc.fixed
                0x00000000        0x0 d:/programs/7.0/toolchain/avr8/avr8-gnu-toolchain/bin/../lib/gcc/avr/5.4.0/avrxmega3\libgcc.a(_tablejump2.o)
 .text          0x00000000        0x0 d:/programs/7.0/toolchain/avr8/avr8-gnu-toolchain/bin/../lib/gcc/avr/5.4.0/avrxmega3\libgcc.a(_clear_bss.o)
 .data          0x00000000        0x0 d:/programs/7.0/toolchain/avr8/avr8-gnu-toolchain/bin/../lib/gcc/avr/5.4.0/avrxmega3\libgcc.a(_clear_bss.o)
 .bss           0x00000000        0x0 d:/programs/7.0/toolchain/avr8/avr8-gnu-toolchain/bin/../lib/gcc/avr/5.4.0/avrxmega3\libgcc.a(_clear_bss.o)
 .text.libgcc.mul
                0x00000000        0x0 d:/programs/7.0/toolchain/avr8/avr8-gnu-toolchain/bin/../lib/gcc/avr/5.4.0/avrxmega3\libgcc.a(_clear_bss.o)
 .text.libgcc.div
                0x00000000        0x0 d:/programs/7.0/toolchain/avr8/avr8-gnu-toolchain/bin/../lib/gcc/avr/5.4.0/avrxmega3\libgcc.a(_clear_bss.o)
 .text.libgcc   0x00000000        0x0 d:/programs/7.0/toolchain/avr8/avr8-gnu-toolchain/bin/../lib/gcc/avr/5.4.0/avrxmega3\libgcc.a(_clear_bss.o)
 .text.libgcc.prologue
                0x00000000        0x0 d:/programs/7.0/toolchain/avr8/avr8-gnu-toolchain/bin/../lib/gcc/avr/5.4.0/avrxmega3\libgcc.a(_clear_bss.o)
 .text.libgcc.builtins
                0x00000000        0x0 d:/programs/7.0/toolchain/avr8/avr8-gnu-toolchain/bin/../lib/gcc/avr/5.4.0/avrxmega3\libgcc.a(_clear_bss.o)
 .text.libgcc.fmul
                0x00000000        0x0 d:/programs/7.0/toolchain/avr8/avr8-gnu-toolchain/bin/../lib/gcc/avr/5.4.0/avrxmega3\libgcc.a(_clear_bss.o)
 .text.libgcc.fixed
                0x00000000        0x0 d:/programs/7.0/toolchain/avr8/avr8-gnu-toolchain/bin/../lib/gcc/avr/5.4.0/avrxmega3\libgcc.a(_clear_bss.o)
 .text          0x00000000        0x0 d:/programs/7.0/toolchain/avr8/avr8-gnu-toolchain/bin/../lib/gcc/avr/5.4.0/avrxmega3\libgcc.a(_ctors.o)
 .data          0x00000000        0x0 d:/programs/7.0/toolchain/avr8/avr8-gnu-toolchain/bin/../lib/gcc/avr/5.4.0/avrxmega3\libgcc.a(_ctors.o)
 .bss           0x00000000        0x0 d:/programs/7.0/toolchain/avr8/avr8-gnu-toolchain/bin/../lib/gcc/avr/5.4.0/avrxmega3\libgcc.a(_ctors.o)
 .text.libgcc.mul
                0x00000000        0x0 d:/programs/7.0/toolchain/avr8/avr8-gnu-toolchain/bin/../lib/gcc/avr/5.4.0/avrxmega3\libgcc.a(_ctors.o)
 .text.libgcc.div
                0x00000000        0x0 d:/programs/7.0/toolchain/avr8/avr8-gnu-toolchain/bin/../lib/gcc/avr/5.4.0/avrxmega3\libgcc.a(_ctors.o)
 .text.libgcc   0x00000000        0x0 d:/programs/7.0/toolchain/avr8/avr8-gnu-toolchain/bin/../lib/gcc/avr/5.4.0/avrxmega3\libgcc.a(_ctors.o)
 .text.libgcc.prologue
                0x00000000        0x0 d:/programs/7.0/toolchain/avr8/avr8-gnu-toolchain/bin/../lib/gcc/avr/5.4.0/avrxmega3\libgcc.a(_ctors.o)
 .text.libgcc.builtins
                0x00000000        0x0 d:/programs/7.0/toolchain/avr8/avr8-gnu-toolchain/bin/../lib/gcc/avr/5.4.0/avrxmega3\libgcc.a(_ctors.o)
 .text.libgcc.fmul
                0x00000000        0x0 d:/programs/7.0/toolchain/avr8/avr8-gnu-toolchain/bin/../lib/gcc/avr/5.4.0/avrxmega3\libgcc.a(_ctors.o)
 .text.libgcc.fixed
                0x00000000        0x0 d:/programs/7.0/toolchain/avr8/avr8-gnu-toolchain/bin/../lib/gcc/avr/5.4.0/avrxmega3\libgcc.a(_ctors.o)
 .text          0x00000000        0x0 d:/programs/7.0/toolchain/avr8/avr8-gnu-toolchain/bin/../lib/gcc/avr/5.4.0/avrxmega3\libgcc.a(_dtors.o)
 .data          0x00000000        0x0 d:/programs/7.0/toolchain/avr8/avr8-gnu-toolchain/bin/../lib/gcc/avr/5.4.0/avrxmega3\libgcc.a(_dtors.o)
 .bss           0x00000000        0x0 d:/programs/7.0/toolchain/avr8/avr8-gnu-toolchain/bin/../lib/gcc/avr/5.4.0/avrxmega3\libgcc.a(_dtors.o)
 .text.libgcc.mul
                0x00000000        0x0 d:/programs/7.0/toolchain/avr8/avr8-gnu-toolchain/bin/../lib/gcc/avr/5.4.0/avrxmega3\libgcc.a(_dtors.o)
 .text.libgcc.div
                0x00000000        0x0 d:/programs/7.0/toolchain/avr8/avr8-gnu-toolchain/bin/../lib/gcc/avr/5.4.0/avrxmega3\libgcc.a(_dtors.o)
 .text.libgcc   0x00000000        0x0 d:/programs/7.0/toolchain/avr8/avr8-gnu-toolchain/bin/../lib/gcc/avr/5.4.0/avrxmega3\libgcc.a(_dtors.o)
 .text.libgcc.prologue
                0x00000000        0x0 d:/programs/7.0/toolchain/avr8/avr8-gnu-toolchain/bin/../lib/gcc/avr/5.4.0/avrxmega3\libgcc.a(_dtors.o)
 .text.libgcc.builtins
                0x00000000        0x0 d:/programs/7.0/toolchain/avr8/avr8-gnu-toolchain/bin/../lib/gcc/avr/5.4.0/avrxmega3\libgcc.a(_dtors.o)
 .text.libgcc.fmul
                0x00000000        0x0 d:/programs/7.0/toolchain/avr8/avr8-gnu-toolchain/bin/../lib/gcc/avr/5.4.0/avrxmega3\libgcc.a(_dtors.o)
 .text.libgcc.fixed
                0x00000000        0x0 d:/programs/7.0/toolchain/avr8/avr8-gnu-toolchain/bin/../lib/gcc/avr/5.4.0/avrxmega3\libgcc.a(_dtors.o)
 .text          0x00000000        0x0 d:/programs/7.0/toolchain/avr8/avr8-gnu-toolchain/bin/../lib/gcc/avr/5.4.0/avrxmega3\libgcc.a(_umulhisi3.o)
 .data          0x00000000        0x0 d:/programs/7.0/toolchain/avr8/avr8-gnu-toolchain/bin/../lib/gcc/avr/5.4.0/avrxmega3\libgcc.a(_umulhisi3.o)
 .bss           0x00000000        0x0 d:/programs/7.0/toolchain/avr8/avr8-gnu-toolchain/bin/../lib/gcc/avr/5.4.0/avrxmega3\libgcc.a(_umulhisi3.o)
 .text.libgcc.div
                0x00000000        0x0 d:/programs/7.0/toolchain/avr8/avr8-gnu-toolchain/bin/../lib/gcc/avr/5.4.0/avrxmega3\libgcc.a(_umulhisi3.o)
 .text.libgcc   0x00000000        0x0 d:/programs/7.0/toolchain/avr8/avr8-gnu-toolchain/bin/../lib/gcc/avr/5.4.0/avrxmega3\libgcc.a(_umulhisi3.o)
 .text.libgcc.prologue
                0x00000000        0x0 d:/programs/7.0/toolchain/avr8/avr8-gnu-toolchain/bin/../lib/gcc/avr/5.4.0/avrxmega3\libgcc.a(_umulhisi3.o)
 .text.libgcc.builtins
                0x00000000        0x0 d:/programs/7.0/toolchain/avr8/avr8-gnu-toolchain/bin/../lib/gcc/avr/5.4.0/avrxmega3\libgcc.a(_umulhisi3.o)
 .text.libgcc.fmul
                0x00000000        0x0 d:/programs/7.0/toolchain/avr8/avr8-gnu-toolchain/bin/../lib/gcc/avr/5.4.0/avrxmega3\libgcc.a(_umulhisi3.o)
 .text.libgcc.fixed
                0x00000000        0x0 d:/programs/7.0/toolchain/avr8/avr8-gnu-toolchain/bin/../lib/gcc/avr/5.4.0/avrxmega3\libgcc.a(_umulhisi3.o)
 .text          0x00000000        0x0 d:/programs/7.0/toolchain/avr8/avr8-gnu-toolchain/bin/../lib/gcc/avr/5.4.0/avrxmega3\libgcc.a(_muluhisi3.o)
 .data          0x00000000        0x0 d:/programs/7.0/toolchain/avr8/avr8-gnu-toolchain/bin/../lib/gcc/avr/5.4.0/avrxmega3\libgcc.a(_muluhisi3.o)
 .bss           0x00000000        0x0 d:/programs/7.0/toolchain/avr8/avr8-gnu-toolchain/bin/../lib/gcc/avr/5.4.0/avrxmega3\libgcc.a(_muluhisi3.o)
 .text.libgcc.mul
                0x00000000       0x16 d:/programs/7.0/toolchain/avr8/avr8-gnu-toolchain/bin/../lib/gcc/avr/5.4.0/avrxmega3\libgcc.a(_muluhisi3.o)
 .text.libgcc.div
                0x00000000        0x0 d:/programs/7.0/toolchain/avr8/avr8-gnu-toolchain/bin/../lib/gcc/avr/5.4.0/avrxmega3\libgcc.a(_muluhisi3.o)
 .text.libgcc   0x00000000        0x0 d:/programs/7.0/toolchain/avr8/avr8-gnu-toolchain/bin/../lib/gcc/avr/5.4.0/avrxmega3\libgcc.a(_muluhisi3.o)
 .text.libgcc.prologue
                0x00000000        0x0 d:/programs/7.0/toolchain/avr8/avr8-gnu-toolchain/bin/../lib/gcc/avr/5.4.0/avrxmega3\libgcc.a(_muluhisi3.o)
 .text.libgcc.builtins
                0x00000000        0x0 d:/programs/7.0/toolchain/avr8/avr8-gnu-toolchain/bin/../lib/gcc/avr/5.4.0/avrxmega3\libgcc.a(_muluhisi3.o)
 .text.libgcc.fmul
                0x00000000        0x0 d:/programs/7.0/toolchain/avr8/avr8-gnu-toolchain/bin/../lib/gcc/avr/5.4.0/avrxmega3\libgcc.a(_muluhisi3.o)
 .text.libgcc.fixed
                0x00000000        0x0 d:/programs/7.0/toolchain/avr8/avr8-gnu-toolchain/bin/../lib/gcc/avr/5.4.0/avrxmega3\libgcc.a(_muluhisi3.o)

Memory Configuration

Name             Origin             Length             Attributes
text             0x00000000         0x0000c000         xr
data             0x00802800         0x00001800         rw !x
eeprom           0x00810000         0x00000100         rw !x
fuse             0x00820000         0x0000000a         rw !x
lock             0x00830000         0x00000400         rw !x
signature        0x00840000         0x00000400         rw !x
user_signatures  0x00850000         0x00000400         rw !x
*default*        0x00000000         0xffffffff

Linker script and memory map

Address of section .data set to 0x802800
                0x00004000                __RODATA_PM_OFFSET__ = 0x4000
LOAD D:/Programs/7.0/Packs/Atmel/ATmega_DFP/1.7.374/gcc/dev/atmega4809/avrxmega3/crtatmega4809.o
LOAD at_lcd.o
LOAD debug.o
LOAD embedded_string.o
LOAD init.o
LOAD int.o
LOAD main.o
LOAD servo.o
START GROUP
LOAD d:/programs/7.0/toolchain/avr8/avr8-gnu-toolchain/bin/../lib/gcc/avr/5.4.0/../../../../avr/lib/avrxmega3\libm.a
END GROUP
LOAD d:/programs/7.0/toolchain/avr8/avr8-gnu-toolchain/bin/../lib/gcc/avr/5.4.0/avrxmega3\libgcc.a
LOAD d:/programs/7.0/toolchain/avr8/avr8-gnu-toolchain/bin/../lib/gcc/avr/5.4.0/../../../../avr/lib/avrxmega3\libm.a
START GROUP
LOAD d:/programs/7.0/toolchain/avr8/avr8-gnu-toolchain/bin/../lib/gcc/avr/5.4.0/avrxmega3\libgcc.a
LOAD d:/programs/7.0/toolchain/avr8/avr8-gnu-toolchain/bin/../lib/gcc/avr/5.4.0/../../../../avr/lib/avrxmega3\libm.a
LOAD d:/programs/7.0/toolchain/avr8/avr8-gnu-toolchain/bin/../lib/gcc/avr/5.4.0/../../../../avr/lib/avrxmega3\libc.a
LOAD D:/Programs/7.0/Packs/Atmel/ATmega_DFP/1.7.374/gcc/dev/atmega4809/avrxmega3\libatmega4809.a
END GROUP
                [0x00000000]                __TEXT_REGION_ORIGIN__ = DEFINED (__TEXT_REGION_ORIGIN__)?__TEXT_REGION_ORIGIN__:0x0
                [0x00802800]                __DATA_REGION_ORIGIN__ = DEFINED (__DATA_REGION_ORIGIN__)?__DATA_REGION_ORIGIN__:0x802000
                [0x0000c000]                __TEXT_REGION_LENGTH__ = DEFINED (__TEXT_REGION_LENGTH__)?__TEXT_REGION_LENGTH__:0x100000
                [0x00001800]                __DATA_REGION_LENGTH__ = DEFINED (__DATA_REGION_LENGTH__)?__DATA_REGION_LENGTH__:0xffa0
                [0x00000100]                __EEPROM_REGION_LENGTH__ = DEFINED (__EEPROM_REGION_LENGTH__)?__EEPROM_REGION_LENGTH__:0x10000
                [0x0000000a]                __FUSE_REGION_LENGTH__ = DEFINED (__FUSE_REGION_LENGTH__)?__FUSE_REGION_LENGTH__:0x400
                0x00000400                __LOCK_REGION_LENGTH__ = DEFINED (__LOCK_REGION_LENGTH__)?__LOCK_REGION_LENGTH__:0x400
                0x00000400                __SIGNATURE_REGION_LENGTH__ = DEFINED (__SIGNATURE_REGION_LENGTH__)?__SIGNATURE_REGION_LENGTH__:0x400
                0x00000400                __USER_SIGNATURE_REGION_LENGTH__ = DEFINED (__USER_SIGNATURE_REGION_LENGTH__)?__USER_SIGNATURE_REGION_LENGTH__:0x400
                0x00008000                __RODATA_PM_OFFSET__ = DEFINED (__RODATA_PM_OFFSET__)?__RODATA_PM_OFFSET__:0x8000

.hash
 *(.hash)

.dynsym
 *(.dynsym)

.dynstr
 *(.dynstr)

.gnu.version
 *(.gnu.version)

.gnu.version_d
 *(.gnu.version_d)

.gnu.version_r
 *(.gnu.version_r)

.rel.init
 *(.rel.init)

.rela.init
 *(.rela.init)

.rel.text
 *(.rel.text)
 *(.rel.text.*)
 *(.rel.gnu.linkonce.t*)

.rela.text
 *(.rela.text)
 *(.rela.text.*)
 *(.rela.gnu.linkonce.t*)

.rel.fini
 *(.rel.fini)

.rela.fini
 *(.rela.fini)

.rel.rodata
 *(.rel.rodata)
 *(.rel.rodata.*)
 *(.rel.gnu.linkonce.r*)

.rela.rodata
 *(.rela.rodata)
 *(.rela.rodata.*)
 *(.rela.gnu.linkonce.r*)

.rel.data
 *(.rel.data)
 *(.rel.data.*)
 *(.rel.gnu.linkonce.d*)

.rela.data
 *(.rela.data)
 *(.rela.data.*)
 *(.rela.gnu.linkonce.d*)

.rel.ctors
 *(.rel.ctors)

.rela.ctors
 *(.rela.ctors)

.rel.dtors
 *(.rel.dtors)

.rela.dtors
 *(.rela.dtors)

.rel.got
 *(.rel.got)

.rela.got
 *(.rela.got)

.rel.bss
 *(.rel.bss)

.rela.bss
 *(.rela.bss)

.rel.plt
 *(.rel.plt)

.rela.plt
 *(.rela.plt)

.text           0x00000000      0xfdc
 *(.vectors)
 .vectors       0x00000000       0xa0 D:/Programs/7.0/Packs/Atmel/ATmega_DFP/1.7.374/gcc/dev/atmega4809/avrxmega3/crtatmega4809.o
                0x00000000                __vector_default
                0x00000000                __vectors
 *(.vectors)
 *(.progmem.gcc*)
 .progmem.gcc_sw_table._ZN9OrangeBot5Servo12hal_servo_ioEhb
                0x000000a0       0x10 servo.o
                0x000000b0                . = ALIGN (0x2)
                0x000000b0                __trampolines_start = .
 *(.trampolines)
 .trampolines   0x000000b0        0x0 linker stubs
 *(.trampolines*)
                0x000000b0                __trampolines_end = .
 *libprintf_flt.a:*(.progmem.data)
 *libc.a:*(.progmem.data)
 *(.progmem*)
                0x000000b0                . = ALIGN (0x2)
 *(.jumptables)
 *(.jumptables*)
 *(.lowtext)
 *(.lowtext*)
                0x000000b0                __ctors_start = .
 *(.ctors)
 .ctors         0x000000b0        0x2 main.o
                0x000000b2                __ctors_end = .
                0x000000b2                __dtors_start = .
 *(.dtors)
 .dtors         0x000000b2        0x2 main.o
                0x000000b4                __dtors_end = .
 SORT(*)(.ctors)
 SORT(*)(.dtors)
 *(.init0)
 .init0         0x000000b4        0x0 D:/Programs/7.0/Packs/Atmel/ATmega_DFP/1.7.374/gcc/dev/atmega4809/avrxmega3/crtatmega4809.o
                0x000000b4                __init
 *(.init0)
 *(.init1)
 *(.init1)
 *(.init2)
 .init2         0x000000b4        0xc D:/Programs/7.0/Packs/Atmel/ATmega_DFP/1.7.374/gcc/dev/atmega4809/avrxmega3/crtatmega4809.o
 *(.init2)
 *(.init3)
 *(.init3)
 *(.init4)
 .init4         0x000000c0       0x10 d:/programs/7.0/toolchain/avr8/avr8-gnu-toolchain/bin/../lib/gcc/avr/5.4.0/avrxmega3\libgcc.a(_clear_bss.o)
                0x000000c0                __do_clear_bss
 *(.init4)
 *(.init5)
 *(.init5)
 *(.init6)
 .init6         0x000000d0       0x16 d:/programs/7.0/toolchain/avr8/avr8-gnu-toolchain/bin/../lib/gcc/avr/5.4.0/avrxmega3\libgcc.a(_ctors.o)
                0x000000d0                __do_global_ctors
 *(.init6)
 *(.init7)
 *(.init7)
 *(.init8)
 *(.init8)
 *(.init9)
 .init9         0x000000e6        0x8 D:/Programs/7.0/Packs/Atmel/ATmega_DFP/1.7.374/gcc/dev/atmega4809/avrxmega3/crtatmega4809.o
 *(.init9)
 *(.text)
 .text          0x000000ee        0x4 D:/Programs/7.0/Packs/Atmel/ATmega_DFP/1.7.374/gcc/dev/atmega4809/avrxmega3/crtatmega4809.o
                0x000000ee                __vector_38
                0x000000ee                __vector_22
                0x000000ee                __vector_28
                0x000000ee                __vector_1
                0x000000ee                __vector_32
                0x000000ee                __vector_34
                0x000000ee                __vector_24
                0x000000ee                __vector_12
                0x000000ee                __bad_interrupt
                0x000000ee                __vector_6
                0x000000ee                __vector_31
                0x000000ee                __vector_35
                0x000000ee                __vector_39
                0x000000ee                __vector_3
                0x000000ee                __vector_23
                0x000000ee                __vector_30
                0x000000ee                __vector_25
                0x000000ee                __vector_11
                0x000000ee                __vector_13
                0x000000ee                __vector_17
                0x000000ee                __vector_19
                0x000000ee                __vector_27
                0x000000ee                __vector_5
                0x000000ee                __vector_33
                0x000000ee                __vector_37
                0x000000ee                __vector_9
                0x000000ee                __vector_2
                0x000000ee                __vector_21
                0x000000ee                __vector_15
                0x000000ee                __vector_36
                0x000000ee                __vector_29
                0x000000ee                __vector_8
                0x000000ee                __vector_26
                0x000000ee                __vector_14
                0x000000ee                __vector_10
                0x000000ee                __vector_16
                0x000000ee                __vector_18
                0x000000ee                __vector_20
                0x000000f2                . = ALIGN (0x2)
 *(.text.*)
 .text._Z12lcd_send_cmdh
                0x000000f2       0x78 at_lcd.o
                0x000000f2                _Z12lcd_send_cmdh
 .text._Z8lcd_initv
                0x0000016a       0x4c at_lcd.o
                0x0000016a                _Z8lcd_initv
 .text._Z10lcd_updatev
                0x000001b6      0x300 at_lcd.o
                0x000001b6                _Z10lcd_updatev
 .text._Z14lcd_print_charhh
                0x000004b6       0x56 at_lcd.o
                0x000004b6                _Z14lcd_print_charhh
 .text._Z13lcd_print_strhPKc
                0x0000050c       0x44 at_lcd.o
                0x0000050c                _Z13lcd_print_strhPKc
 .text._Z13lcd_print_u16hj
                0x00000550      0x1dc at_lcd.o
                0x00000550                _Z13lcd_print_u16hj
 .text._Z10init_clockv
                0x0000072c       0x3e init.o
                0x0000072c                _Z10init_clockv
 .text._Z8init_pinv
                0x0000076a       0xa8 init.o
                0x0000076a                _Z8init_pinv
 .text._Z8init_rtcv
                0x00000812       0x36 init.o
                0x00000812                _Z8init_rtcv
 .text._Z4initv
                0x00000848       0x10 init.o
                0x00000848                _Z4initv
 .text.__vector_4
                0x00000858       0x8e int.o
                0x00000858                __vector_4
 .text.__vector_7
                0x000008e6       0x52 int.o
                0x000008e6                __vector_7
 .text._Z41__static_initialization_and_destruction_0ii
                0x00000938       0x3a main.o
 .text.main     0x00000972       0xf8 main.o
                0x00000972                main
 .text._GLOBAL__sub_I_g_isr_flags
                0x00000a6a        0xe main.o
 .text._GLOBAL__sub_D_g_isr_flags
                0x00000a78        0xe main.o
 .text._ZN9OrangeBot5ServoD2Ev
                0x00000a86        0x2 servo.o
                0x00000a86                _ZN9OrangeBot5ServoD2Ev
                0x00000a86                _ZN9OrangeBot5ServoD1Ev
 .text._ZN9OrangeBot5Servo12hal_servo_ioEhb
                0x00000a88       0xd6 servo.o
                0x00000a88                _ZN9OrangeBot5Servo12hal_servo_ioEhb
 .text._ZN9OrangeBot5Servo11hal_init_ioEv
                0x00000b5e       0x30 servo.o
                0x00000b5e                _ZN9OrangeBot5Servo11hal_init_ioEv
 .text._ZN9OrangeBot5Servo25hal_init_ta0_timeout_modeEj
                0x00000b8e       0x5c servo.o
                0x00000b8e                _ZN9OrangeBot5Servo25hal_init_ta0_timeout_modeEj
 .text._ZN9OrangeBot5Servo12hal_delay_usEv
                0x00000bea        0xc servo.o
                0x00000bea                _ZN9OrangeBot5Servo12hal_delay_usEv
 .text._ZN9OrangeBot5Servo19hal_timer_set_delayEj
                0x00000bf6       0x3a servo.o
                0x00000bf6                _ZN9OrangeBot5Servo19hal_timer_set_delayEj
 .text._ZN9OrangeBot5Servo9hal_powerEb
                0x00000c30       0x1e servo.o
                0x00000c30                _ZN9OrangeBot5Servo9hal_powerEb
 .text._ZN9OrangeBot5Servo11hal_run_isrEb
                0x00000c4e       0x26 servo.o
                0x00000c4e                _ZN9OrangeBot5Servo11hal_run_isrEb
 .text._ZN9OrangeBot5Servo15init_class_varsEv
                0x00000c74       0x64 servo.o
                0x00000c74                _ZN9OrangeBot5Servo15init_class_varsEv
 .text._ZN9OrangeBot5Servo4initEv
                0x00000cd8       0x2a servo.o
                0x00000cd8                _ZN9OrangeBot5Servo4initEv
 .text._ZN9OrangeBot5ServoC2Ev
                0x00000d02        0x6 servo.o
                0x00000d02                _ZN9OrangeBot5ServoC2Ev
                0x00000d02                _ZN9OrangeBot5ServoC1Ev
 .text._ZN9OrangeBot5Servo10soft_startEhhhh
                0x00000d08       0x8a servo.o
                0x00000d08                _ZN9OrangeBot5Servo10soft_startEhhhh
 .text._ZN9OrangeBot5Servo5powerEb
                0x00000d92       0x40 servo.o
                0x00000d92                _ZN9OrangeBot5Servo5powerEb
 .text._ZN9OrangeBot5Servo14clear_servo_ioEv
                0x00000dd2       0x2e servo.o
                0x00000dd2                _ZN9OrangeBot5Servo14clear_servo_ioEv
 .text._ZN9OrangeBot5Servo14emergency_stopEv
                0x00000e00       0x28 servo.o
                0x00000e00                _ZN9OrangeBot5Servo14emergency_stopEv
 .text._ZN9OrangeBot5Servo13hal_timer_isrEv
                0x00000e28       0xec servo.o
                0x00000e28                _ZN9OrangeBot5Servo13hal_timer_isrEv
 .text.libgcc.div
                0x00000f14       0x18 d:/programs/7.0/toolchain/avr8/avr8-gnu-toolchain/bin/../lib/gcc/avr/5.4.0/avrxmega3\libgcc.a(_udivmodqi4.o)
                0x00000f14                __udivmodqi4
 .text.libgcc.div
                0x00000f2c       0x28 d:/programs/7.0/toolchain/avr8/avr8-gnu-toolchain/bin/../lib/gcc/avr/5.4.0/avrxmega3\libgcc.a(_udivmodhi4.o)
                0x00000f2c                __udivmodhi4
 .text.libgcc.div
                0x00000f54       0x44 d:/programs/7.0/toolchain/avr8/avr8-gnu-toolchain/bin/../lib/gcc/avr/5.4.0/avrxmega3\libgcc.a(_udivmodsi4.o)
                0x00000f54                __udivmodsi4
 .text.libgcc   0x00000f98        0xc d:/programs/7.0/toolchain/avr8/avr8-gnu-toolchain/bin/../lib/gcc/avr/5.4.0/avrxmega3\libgcc.a(_tablejump2.o)
                0x00000f98                __tablejump2__
 .text.libgcc.mul
                0x00000fa4       0x1e d:/programs/7.0/toolchain/avr8/avr8-gnu-toolchain/bin/../lib/gcc/avr/5.4.0/avrxmega3\libgcc.a(_umulhisi3.o)
                0x00000fa4                __umulhisi3
                0x00000fc2                . = ALIGN (0x2)
 *(.fini9)
 .fini9         0x00000fc2        0x0 d:/programs/7.0/toolchain/avr8/avr8-gnu-toolchain/bin/../lib/gcc/avr/5.4.0/avrxmega3\libgcc.a(_exit.o)
                0x00000fc2                _exit
                0x00000fc2                exit
 *(.fini9)
 *(.fini8)
 *(.fini8)
 *(.fini7)
 *(.fini7)
 *(.fini6)
 .fini6         0x00000fc2       0x16 d:/programs/7.0/toolchain/avr8/avr8-gnu-toolchain/bin/../lib/gcc/avr/5.4.0/avrxmega3\libgcc.a(_dtors.o)
                0x00000fc2                __do_global_dtors
 *(.fini6)
 *(.fini5)
 *(.fini5)
 *(.fini4)
 *(.fini4)
 *(.fini3)
 *(.fini3)
 *(.fini2)
 *(.fini2)
 *(.fini1)
 *(.fini1)
 *(.fini0)
 .fini0         0x00000fd8        0x4 d:/programs/7.0/toolchain/avr8/avr8-gnu-toolchain/bin/../lib/gcc/avr/5.4.0/avrxmega3\libgcc.a(_exit.o)
 *(.fini0)
                0x00000fdc                _etext = .

.rodata         0x00004fdc       0x44 load address 0x00000fdc
 *(.rodata)
 .rodata        0x00004fdc       0x3a at_lcd.o
 *(.rodata*)
 .rodata.str1.1
                0x00005016        0xa main.o
 *(.gnu.linkonce.r*)

.data           0x00802800        0x0 load address 0x00001020
                [!provide]                PROVIDE (__data_start, .)
 *(.data)
 *(.data*)
 *(.gnu.linkonce.d*)
                0x00802800                . = ALIGN (0x2)
                0x00802800                _edata = .
                [!provide]                PROVIDE (__data_end, .)

.bss            0x00802800       0x5b
                0x00802800                PROVIDE (__bss_start, .)
 *(.bss)
 *(.bss*)
 .bss._ZZ10lcd_updatevE8data_buf
                0x00802800        0x1 at_lcd.o
 .bss._ZZ10lcd_updatevE6status
                0x00802801        0x2 at_lcd.o
 .bss.lcd_error
                0x00802803        0x1 at_lcd.o
                0x00802803                lcd_error
 .bss.lcd_cfg_flags
                0x00802804        0x1 at_lcd.o
                0x00802804                lcd_cfg_flags
 .bss.lcd_updt  0x00802805        0x4 at_lcd.o
                0x00802805                lcd_updt
 .bss.lcd_show  0x00802809       0x20 at_lcd.o
                0x00802809                lcd_show
 .bss._ZZ10__vector_4E8pre_slow
                0x00802829        0x2 int.o
 .bss.gc_servo  0x0080282b       0x2e main.o
                0x0080282b                gc_servo
 .bss.ge_error_code
                0x00802859        0x1 main.o
                0x00802859                ge_error_code
 .bss.g_isr_flags
                0x0080285a        0x1 main.o
                0x0080285a                g_isr_flags
 *(COMMON)
                0x0080285b                PROVIDE (__bss_end, .)
                0x00001020                __data_load_start = LOADADDR (.data)
                0x00001020                __data_load_end = (__data_load_start + SIZEOF (.data))

.noinit         0x0080285b        0x0
                [!provide]                PROVIDE (__noinit_start, .)
 *(.noinit*)
                [!provide]                PROVIDE (__noinit_end, .)
                0x0080285b                _end = .
                [!provide]                PROVIDE (__heap_start, .)

.eeprom         0x00810000        0x0
 *(.eeprom*)
                0x00810000                __eeprom_end = .

.fuse
 *(.fuse)
 *(.lfuse)
 *(.hfuse)
 *(.efuse)

.lock
 *(.lock*)

.signature
 *(.signature*)

.user_signatures
 *(.user_signatures*)

.stab
 *(.stab)

.stabstr
 *(.stabstr)

.stab.excl
 *(.stab.excl)

.stab.exclstr
 *(.stab.exclstr)

.stab.index
 *(.stab.index)

.stab.indexstr
 *(.stab.indexstr)

.comment        0x00000000       0x30
 *(.comment)
 .comment       0x00000000       0x30 at_lcd.o
                                 0x31 (size before relaxing)
 .comment       0x00000030       0x31 init.o
 .comment       0x00000030       0x31 int.o
 .comment       0x00000030       0x31 main.o
 .comment       0x00000030       0x31 servo.o

.note.gnu.avr.deviceinfo
                0x00000000       0x40
 .note.gnu.avr.deviceinfo
                0x00000000       0x40 D:/Programs/7.0/Packs/Atmel/ATmega_DFP/1.7.374/gcc/dev/atmega4809/avrxmega3/crtatmega4809.o

.note.gnu.build-id
 *(.note.gnu.build-id)

.debug
 *(.debug)

.line
 *(.line)

.debug_srcinfo
 *(.debug_srcinfo)

.debug_sfnames
 *(.debug_sfnames)

.debug_aranges  0x00000000      0x258
 *(.debug_aranges)
 .debug_aranges
                0x00000000       0xd0 at_lcd.o
 .debug_aranges
                0x000000d0       0x38 init.o
 .debug_aranges
                0x00000108       0x38 int.o
 .debug_aranges
                0x00000140       0x50 main.o
 .debug_aranges
                0x00000190       0xc8 servo.o

.debug_pubnames
 *(.debug_pubnames)

.debug_info     0x00000000     0x7c98
 *(.debug_info .gnu.linkonce.wi.*)
 .debug_info    0x00000000     0x248a D:/Programs/7.0/Packs/Atmel/ATmega_DFP/1.7.374/gcc/dev/atmega4809/avrxmega3/crtatmega4809.o
 .debug_info    0x0000248a     0x1ded at_lcd.o
 .debug_info    0x00004277      0x7f2 init.o
 .debug_info    0x00004a69      0xfdb int.o
 .debug_info    0x00005a44      0xa88 main.o
 .debug_info    0x000064cc     0x17cc servo.o

.debug_abbrev   0x00000000     0x317a
 *(.debug_abbrev)
 .debug_abbrev  0x00000000     0x2296 D:/Programs/7.0/Packs/Atmel/ATmega_DFP/1.7.374/gcc/dev/atmega4809/avrxmega3/crtatmega4809.o
 .debug_abbrev  0x00002296      0x436 at_lcd.o
 .debug_abbrev  0x000026cc      0x153 init.o
 .debug_abbrev  0x0000281f      0x282 int.o
 .debug_abbrev  0x00002aa1      0x340 main.o
 .debug_abbrev  0x00002de1      0x399 servo.o

.debug_line     0x00000000     0x2b28
 *(.debug_line .debug_line.* .debug_line_end)
 .debug_line    0x00000000      0x187 D:/Programs/7.0/Packs/Atmel/ATmega_DFP/1.7.374/gcc/dev/atmega4809/avrxmega3/crtatmega4809.o
 .debug_line    0x00000187     0x1c52 at_lcd.o
 .debug_line    0x00001dd9      0x1e4 init.o
 .debug_line    0x00001fbd      0x1ce int.o
 .debug_line    0x0000218b      0x28f main.o
 .debug_line    0x0000241a      0x70e servo.o

.debug_frame    0x00000000      0x8d8
 *(.debug_frame)
 .debug_frame   0x00000000      0x49c at_lcd.o
 .debug_frame   0x0000049c       0x54 init.o
 .debug_frame   0x000004f0       0xcc int.o
 .debug_frame   0x000005bc       0xbc main.o
 .debug_frame   0x00000678      0x260 servo.o

.debug_str      0x00000000     0x29e1
 *(.debug_str)
 .debug_str     0x00000000      0xf85 D:/Programs/7.0/Packs/Atmel/ATmega_DFP/1.7.374/gcc/dev/atmega4809/avrxmega3/crtatmega4809.o
 .debug_str     0x00000f85      0x7db at_lcd.o
                                0x861 (size before relaxing)
 .debug_str     0x00001760      0x682 init.o
                                0x978 (size before relaxing)
 .debug_str     0x00001de2      0x6ae int.o
                                0xa8d (size before relaxing)
 .debug_str     0x00002490      0x1a0 main.o
                                0xa82 (size before relaxing)
 .debug_str     0x00002630      0x3b1 servo.o
                                0xe81 (size before relaxing)

.debug_loc      0x00000000     0x52d4
 *(.debug_loc)
 .debug_loc     0x00000000     0x419e at_lcd.o
 .debug_loc     0x0000419e       0x4c init.o
 .debug_loc     0x000041ea      0x1cc int.o
 .debug_loc     0x000043b6      0x25b main.o
 .debug_loc     0x00004611      0xcc3 servo.o

.debug_macinfo
 *(.debug_macinfo)

.debug_weaknames
 *(.debug_weaknames)

.debug_funcnames
 *(.debug_funcnames)

.debug_typenames
 *(.debug_typenames)

.debug_varnames
 *(.debug_varnames)

.debug_pubtypes
 *(.debug_pubtypes)

.debug_ranges   0x00000000      0x280
 *(.debug_ranges)
 .debug_ranges  0x00000000      0x120 at_lcd.o
 .debug_ranges  0x00000120       0x28 init.o
 .debug_ranges  0x00000148       0x28 int.o
 .debug_ranges  0x00000170       0x40 main.o
 .debug_ranges  0x000001b0       0xd0 servo.o

.debug_macro
 *(.debug_macro)
OUTPUT(2021-12-18b AT4809 OrangeHat Servo.elf elf32-avr)
LOAD linker stubs
