Archive member included to satisfy reference by file (symbol)

d:/programs/7.0/toolchain/avr8/avr8-gnu-toolchain/bin/../lib/gcc/avr/5.4.0/avrxmega3\libgcc.a(_udivmodqi4.o)
                              at_lcd.o (__udivmodqi4)
d:/programs/7.0/toolchain/avr8/avr8-gnu-toolchain/bin/../lib/gcc/avr/5.4.0/avrxmega3\libgcc.a(_udivmodhi4.o)
                              at_lcd.o (__udivmodhi4)
d:/programs/7.0/toolchain/avr8/avr8-gnu-toolchain/bin/../lib/gcc/avr/5.4.0/avrxmega3\libgcc.a(_divmodhi4.o)
                              at_lcd.o (__divmodhi4)
d:/programs/7.0/toolchain/avr8/avr8-gnu-toolchain/bin/../lib/gcc/avr/5.4.0/avrxmega3\libgcc.a(_udivmodsi4.o)
                              at_lcd.o (__udivmodsi4)
d:/programs/7.0/toolchain/avr8/avr8-gnu-toolchain/bin/../lib/gcc/avr/5.4.0/avrxmega3\libgcc.a(_exit.o)
                              D:/Programs/7.0/Packs/Atmel/ATmega_DFP/1.7.374/gcc/dev/atmega4809/avrxmega3/crtatmega4809.o (exit)
d:/programs/7.0/toolchain/avr8/avr8-gnu-toolchain/bin/../lib/gcc/avr/5.4.0/avrxmega3\libgcc.a(_clear_bss.o)
                              at_lcd.o (__do_clear_bss)
d:/programs/7.0/toolchain/avr8/avr8-gnu-toolchain/bin/../lib/gcc/avr/5.4.0/avrxmega3\libgcc.a(_ctors.o)
                              main.o (__do_global_ctors)
d:/programs/7.0/toolchain/avr8/avr8-gnu-toolchain/bin/../lib/gcc/avr/5.4.0/avrxmega3\libgcc.a(_dtors.o)
                              main.o (__do_global_dtors)
d:/programs/7.0/toolchain/avr8/avr8-gnu-toolchain/bin/../lib/gcc/avr/5.4.0/avrxmega3\libgcc.a(_umulhisi3.o)
                              servo.o (__umulhisi3)
d:/programs/7.0/toolchain/avr8/avr8-gnu-toolchain/bin/../lib/gcc/avr/5.4.0/avrxmega3\libgcc.a(_muluhisi3.o)
                              at_lcd.o (__muluhisi3)
d:/programs/7.0/toolchain/avr8/avr8-gnu-toolchain/bin/../lib/gcc/avr/5.4.0/avrxmega3\libgcc.a(_tablejump2.o)
                              d:/programs/7.0/toolchain/avr8/avr8-gnu-toolchain/bin/../lib/gcc/avr/5.4.0/avrxmega3\libgcc.a(_ctors.o) (__tablejump2__)

Discarded input sections

 .data          0x00000000        0x0 D:/Programs/7.0/Packs/Atmel/ATmega_DFP/1.7.374/gcc/dev/atmega4809/avrxmega3/crtatmega4809.o
 .bss           0x00000000        0x0 D:/Programs/7.0/Packs/Atmel/ATmega_DFP/1.7.374/gcc/dev/atmega4809/avrxmega3/crtatmega4809.o
 .group         0x00000000        0x8 at_lcd.o
 .group         0x00000000        0x8 at_lcd.o
 .group         0x00000000        0x8 at_lcd.o
 .group         0x00000000        0x8 at_lcd.o
 .group         0x00000000        0x8 at_lcd.o
 .group         0x00000000        0x8 at_lcd.o
 .group         0x00000000        0x8 at_lcd.o
 .group         0x00000000        0x8 at_lcd.o
 .group         0x00000000        0x8 at_lcd.o
 .group         0x00000000        0x8 at_lcd.o
 .group         0x00000000        0x8 at_lcd.o
 .group         0x00000000        0x8 at_lcd.o
 .text          0x00000000        0x0 at_lcd.o
 .data          0x00000000        0x0 at_lcd.o
 .bss           0x00000000        0x0 at_lcd.o
 .text.isfinite
                0x00000000       0x14 at_lcd.o
 .text.copysign
                0x00000000       0x16 at_lcd.o
 .text._ZN4User6StringC2Ev
                0x00000000        0x2 at_lcd.o
 .text._ZN4User6StringD2Ev
                0x00000000        0x2 at_lcd.o
 .text._ZN4User6String10num_to_strEhhPc
                0x00000000       0xde at_lcd.o
 .text._ZN4User6String10num_to_strEahPc
                0x00000000      0x122 at_lcd.o
 .text._ZN4User6String10num_to_strEjhPc
                0x00000000      0x1c2 at_lcd.o
 .text._ZN4User6String10num_to_strEihPc
                0x00000000      0x2ce at_lcd.o
 .text._ZN4User6String10num_to_strEmhPc
                0x00000000      0x39c at_lcd.o
 .text._ZN4User6String10num_to_strElhPc
                0x00000000      0x660 at_lcd.o
 .rodata.str1.1
                0x00000000        0xe at_lcd.o
 .text._ZN4User6String10num_to_engEmahPc
                0x00000000      0x26a at_lcd.o
 .text._ZN4User6String10num_to_engElahPc
                0x00000000      0x2c2 at_lcd.o
 .text._ZN4User6String10num_to_engEmhPc
                0x00000000      0x26a at_lcd.o
 .text._ZN4User6String10num_to_engElhPc
                0x00000000      0x2c0 at_lcd.o
 .text._Z10lcd_confighh
                0x00000000       0x22 at_lcd.o
 .text._Z12lcd_print_u8hh
                0x00000000      0x118 at_lcd.o
 .text._Z12lcd_print_s8ha
                0x00000000      0x152 at_lcd.o
 .text          0x00000000        0x0 debug.o
 .data          0x00000000        0x0 debug.o
 .bss           0x00000000        0x0 debug.o
 .debug_line    0x00000000        0x0 debug.o
 .debug_str     0x00000000      0x187 debug.o
 .comment       0x00000000       0x31 debug.o
 .group         0x00000000        0x8 embedded_string.o
 .group         0x00000000        0x8 embedded_string.o
 .group         0x00000000        0x8 embedded_string.o
 .group         0x00000000        0x8 embedded_string.o
 .group         0x00000000        0x8 embedded_string.o
 .group         0x00000000        0x8 embedded_string.o
 .group         0x00000000        0x8 embedded_string.o
 .group         0x00000000        0x8 embedded_string.o
 .group         0x00000000        0x8 embedded_string.o
 .group         0x00000000        0x8 embedded_string.o
 .group         0x00000000        0x8 embedded_string.o
 .group         0x00000000        0x8 embedded_string.o
 .text          0x00000000        0x0 embedded_string.o
 .data          0x00000000        0x0 embedded_string.o
 .bss           0x00000000        0x0 embedded_string.o
 .text._ZN4User6StringC2Ev
                0x00000000        0x2 embedded_string.o
 .text._ZN4User6StringD2Ev
                0x00000000        0x2 embedded_string.o
 .text._ZN4User6String10num_to_strEhhPc
                0x00000000       0xde embedded_string.o
 .text._ZN4User6String10num_to_strEahPc
                0x00000000      0x122 embedded_string.o
 .rodata        0x00000000       0x3a embedded_string.o
 .text._ZN4User6String10num_to_strEjhPc
                0x00000000      0x1c2 embedded_string.o
 .text._ZN4User6String10num_to_strEihPc
                0x00000000      0x2ce embedded_string.o
 .text._ZN4User6String10num_to_strEmhPc
                0x00000000      0x39c embedded_string.o
 .text._ZN4User6String10num_to_strElhPc
                0x00000000      0x660 embedded_string.o
 .rodata.str1.1
                0x00000000        0xe embedded_string.o
 .text._ZN4User6String10num_to_engEmahPc
                0x00000000      0x26a embedded_string.o
 .text._ZN4User6String10num_to_engElahPc
                0x00000000      0x2c2 embedded_string.o
 .text._ZN4User6String10num_to_engEmhPc
                0x00000000      0x26a embedded_string.o
 .text._ZN4User6String10num_to_engElhPc
                0x00000000      0x2c0 embedded_string.o
 .debug_info    0x00000000     0x1315 embedded_string.o
 .debug_abbrev  0x00000000      0x262 embedded_string.o
 .debug_loc     0x00000000     0x335b embedded_string.o
 .debug_aranges
                0x00000000       0x78 embedded_string.o
 .debug_ranges  0x00000000       0xc8 embedded_string.o
 .debug_line    0x00000000     0x136a embedded_string.o
 .debug_str     0x00000000      0x55a embedded_string.o
 .comment       0x00000000       0x31 embedded_string.o
 .debug_frame   0x00000000      0x35c embedded_string.o
 .text          0x00000000        0x0 init.o
 .data          0x00000000        0x0 init.o
 .bss           0x00000000        0x0 init.o
 .text          0x00000000        0x0 int.o
 .data          0x00000000        0x0 int.o
 .bss           0x00000000        0x0 int.o
 .text.isfinite
                0x00000000       0x14 int.o
 .text.copysign
                0x00000000       0x16 int.o
 .text          0x00000000        0x0 main.o
 .data          0x00000000        0x0 main.o
 .bss           0x00000000        0x0 main.o
 .text.isfinite
                0x00000000       0x14 main.o
 .text.copysign
                0x00000000       0x16 main.o
 .text._Z17function_templatev
                0x00000000        0x2 main.o
 .group         0x00000000        0x8 servo.o
 .text          0x00000000        0x0 servo.o
 .data          0x00000000        0x0 servo.o
 .bss           0x00000000        0x0 servo.o
 .text.isfinite
                0x00000000       0x14 servo.o
 .text.copysign
                0x00000000       0x16 servo.o
 .text._ZN9OrangeBot5Servo9get_errorEv
                0x00000000        0x6 servo.o
 .text._ZN9OrangeBot5Servo12report_errorENS0_11_Error_codeE
                0x00000000        0x4 servo.o
 .text._ZN9OrangeBot5Servo14error_recoveryEv
                0x00000000        0x4 servo.o
 .text._ZN9OrangeBot5Servo18compute_next_delayEv
                0x00000000        0x6 servo.o
 .text._ZN9OrangeBot5Servo5dummyEv
                0x00000000        0x4 servo.o
 .text          0x00000000        0x0 d:/programs/7.0/toolchain/avr8/avr8-gnu-toolchain/bin/../lib/gcc/avr/5.4.0/avrxmega3\libgcc.a(_udivmodqi4.o)
 .data          0x00000000        0x0 d:/programs/7.0/toolchain/avr8/avr8-gnu-toolchain/bin/../lib/gcc/avr/5.4.0/avrxmega3\libgcc.a(_udivmodqi4.o)
 .bss           0x00000000        0x0 d:/programs/7.0/toolchain/avr8/avr8-gnu-toolchain/bin/../lib/gcc/avr/5.4.0/avrxmega3\libgcc.a(_udivmodqi4.o)
 .text.libgcc.mul
                0x00000000        0x0 d:/programs/7.0/toolchain/avr8/avr8-gnu-toolchain/bin/../lib/gcc/avr/5.4.0/avrxmega3\libgcc.a(_udivmodqi4.o)
 .text.libgcc   0x00000000        0x0 d:/programs/7.0/toolchain/avr8/avr8-gnu-toolchain/bin/../lib/gcc/avr/5.4.0/avrxmega3\libgcc.a(_udivmodqi4.o)
 .text.libgcc.prologue
                0x00000000        0x0 d:/programs/7.0/toolchain/avr8/avr8-gnu-toolchain/bin/../lib/gcc/avr/5.4.0/avrxmega3\libgcc.a(_udivmodqi4.o)
 .text.libgcc.builtins
                0x00000000        0x0 d:/programs/7.0/toolchain/avr8/avr8-gnu-toolchain/bin/../lib/gcc/avr/5.4.0/avrxmega3\libgcc.a(_udivmodqi4.o)
 .text.libgcc.fmul
                0x00000000        0x0 d:/programs/7.0/toolchain/avr8/avr8-gnu-toolchain/bin/../lib/gcc/avr/5.4.0/avrxmega3\libgcc.a(_udivmodqi4.o)
 .text.libgcc.fixed
                0x00000000        0x0 d:/programs/7.0/toolchain/avr8/avr8-gnu-toolchain/bin/../lib/gcc/avr/5.4.0/avrxmega3\libgcc.a(_udivmodqi4.o)
 .text          0x00000000        0x0 d:/programs/7.0/toolchain/avr8/avr8-gnu-toolchain/bin/../lib/gcc/avr/5.4.0/avrxmega3\libgcc.a(_udivmodhi4.o)
 .data          0x00000000        0x0 d:/programs/7.0/toolchain/avr8/avr8-gnu-toolchain/bin/../lib/gcc/avr/5.4.0/avrxmega3\libgcc.a(_udivmodhi4.o)
 .bss           0x00000000        0x0 d:/programs/7.0/toolchain/avr8/avr8-gnu-toolchain/bin/../lib/gcc/avr/5.4.0/avrxmega3\libgcc.a(_udivmodhi4.o)
 .text.libgcc.mul
                0x00000000        0x0 d:/programs/7.0/toolchain/avr8/avr8-gnu-toolchain/bin/../lib/gcc/avr/5.4.0/avrxmega3\libgcc.a(_udivmodhi4.o)
 .text.libgcc   0x00000000        0x0 d:/programs/7.0/toolchain/avr8/avr8-gnu-toolchain/bin/../lib/gcc/avr/5.4.0/avrxmega3\libgcc.a(_udivmodhi4.o)
 .text.libgcc.prologue
                0x00000000        0x0 d:/programs/7.0/toolchain/avr8/avr8-gnu-toolchain/bin/../lib/gcc/avr/5.4.0/avrxmega3\libgcc.a(_udivmodhi4.o)
 .text.libgcc.builtins
                0x00000000        0x0 d:/programs/7.0/toolchain/avr8/avr8-gnu-toolchain/bin/../lib/gcc/avr/5.4.0/avrxmega3\libgcc.a(_udivmodhi4.o)
 .text.libgcc.fmul
                0x00000000        0x0 d:/programs/7.0/toolchain/avr8/avr8-gnu-toolchain/bin/../lib/gcc/avr/5.4.0/avrxmega3\libgcc.a(_udivmodhi4.o)
 .text.libgcc.fixed
                0x00000000        0x0 d:/programs/7.0/toolchain/avr8/avr8-gnu-toolchain/bin/../lib/gcc/avr/5.4.0/avrxmega3\libgcc.a(_udivmodhi4.o)
 .text          0x00000000        0x0 d:/programs/7.0/toolchain/avr8/avr8-gnu-toolchain/bin/../lib/gcc/avr/5.4.0/avrxmega3\libgcc.a(_divmodhi4.o)
 .data          0x00000000        0x0 d:/programs/7.0/toolchain/avr8/avr8-gnu-toolchain/bin/../lib/gcc/avr/5.4.0/avrxmega3\libgcc.a(_divmodhi4.o)
 .bss           0x00000000        0x0 d:/programs/7.0/toolchain/avr8/avr8-gnu-toolchain/bin/../lib/gcc/avr/5.4.0/avrxmega3\libgcc.a(_divmodhi4.o)
 .text.libgcc.mul
                0x00000000        0x0 d:/programs/7.0/toolchain/avr8/avr8-gnu-toolchain/bin/../lib/gcc/avr/5.4.0/avrxmega3\libgcc.a(_divmodhi4.o)
 .text.libgcc.div
                0x00000000       0x28 d:/programs/7.0/toolchain/avr8/avr8-gnu-toolchain/bin/../lib/gcc/avr/5.4.0/avrxmega3\libgcc.a(_divmodhi4.o)
 .text.libgcc   0x00000000        0x0 d:/programs/7.0/toolchain/avr8/avr8-gnu-toolchain/bin/../lib/gcc/avr/5.4.0/avrxmega3\libgcc.a(_divmodhi4.o)
 .text.libgcc.prologue
                0x00000000        0x0 d:/programs/7.0/toolchain/avr8/avr8-gnu-toolchain/bin/../lib/gcc/avr/5.4.0/avrxmega3\libgcc.a(_divmodhi4.o)
 .text.libgcc.builtins
                0x00000000        0x0 d:/programs/7.0/toolchain/avr8/avr8-gnu-toolchain/bin/../lib/gcc/avr/5.4.0/avrxmega3\libgcc.a(_divmodhi4.o)
 .text.libgcc.fmul
                0x00000000        0x0 d:/programs/7.0/toolchain/avr8/avr8-gnu-toolchain/bin/../lib/gcc/avr/5.4.0/avrxmega3\libgcc.a(_divmodhi4.o)
 .text.libgcc.fixed
                0x00000000        0x0 d:/programs/7.0/toolchain/avr8/avr8-gnu-toolchain/bin/../lib/gcc/avr/5.4.0/avrxmega3\libgcc.a(_divmodhi4.o)
 .text          0x00000000        0x0 d:/programs/7.0/toolchain/avr8/avr8-gnu-toolchain/bin/../lib/gcc/avr/5.4.0/avrxmega3\libgcc.a(_udivmodsi4.o)
 .data          0x00000000        0x0 d:/programs/7.0/toolchain/avr8/avr8-gnu-toolchain/bin/../lib/gcc/avr/5.4.0/avrxmega3\libgcc.a(_udivmodsi4.o)
 .bss           0x00000000        0x0 d:/programs/7.0/toolchain/avr8/avr8-gnu-toolchain/bin/../lib/gcc/avr/5.4.0/avrxmega3\libgcc.a(_udivmodsi4.o)
 .text.libgcc.mul
                0x00000000        0x0 d:/programs/7.0/toolchain/avr8/avr8-gnu-toolchain/bin/../lib/gcc/avr/5.4.0/avrxmega3\libgcc.a(_udivmodsi4.o)
 .text.libgcc   0x00000000        0x0 d:/programs/7.0/toolchain/avr8/avr8-gnu-toolchain/bin/../lib/gcc/avr/5.4.0/avrxmega3\libgcc.a(_udivmodsi4.o)
 .text.libgcc.prologue
                0x00000000        0x0 d:/programs/7.0/toolchain/avr8/avr8-gnu-toolchain/bin/../lib/gcc/avr/5.4.0/avrxmega3\libgcc.a(_udivmodsi4.o)
 .text.libgcc.builtins
                0x00000000        0x0 d:/programs/7.0/toolchain/avr8/avr8-gnu-toolchain/bin/../lib/gcc/avr/5.4.0/avrxmega3\libgcc.a(_udivmodsi4.o)
 .text.libgcc.fmul
                0x00000000        0x0 d:/programs/7.0/toolchain/avr8/avr8-gnu-toolchain/bin/../lib/gcc/avr/5.4.0/avrxmega3\libgcc.a(_udivmodsi4.o)
 .text.libgcc.fixed
                0x00000000        0x0 d:/programs/7.0/toolchain/avr8/avr8-gnu-toolchain/bin/../lib/gcc/avr/5.4.0/avrxmega3\libgcc.a(_udivmodsi4.o)
 .text          0x00000000        0x0 d:/programs/7.0/toolchain/avr8/avr8-gnu-toolchain/bin/../lib/gcc/avr/5.4.0/avrxmega3\libgcc.a(_exit.o)
 .data          0x00000000        0x0 d:/programs/7.0/toolchain/avr8/avr8-gnu-toolchain/bin/../lib/gcc/avr/5.4.0/avrxmega3\libgcc.a(_exit.o)
 .bss           0x00000000        0x0 d:/programs/7.0/toolchain/avr8/avr8-gnu-toolchain/bin/../lib/gcc/avr/5.4.0/avrxmega3\libgcc.a(_exit.o)
 .text.libgcc.mul
                0x00000000        0x0 d:/programs/7.0/toolchain/avr8/avr8-gnu-toolchain/bin/../lib/gcc/avr/5.4.0/avrxmega3\libgcc.a(_exit.o)
 .text.libgcc.div
                0x00000000        0x0 d:/programs/7.0/toolchain/avr8/avr8-gnu-toolchain/bin/../lib/gcc/avr/5.4.0/avrxmega3\libgcc.a(_exit.o)
 .text.libgcc   0x00000000        0x0 d:/programs/7.0/toolchain/avr8/avr8-gnu-toolchain/bin/../lib/gcc/avr/5.4.0/avrxmega3\libgcc.a(_exit.o)
 .text.libgcc.prologue
                0x00000000        0x0 d:/programs/7.0/toolchain/avr8/avr8-gnu-toolchain/bin/../lib/gcc/avr/5.4.0/avrxmega3\libgcc.a(_exit.o)
 .text.libgcc.builtins
                0x00000000        0x0 d:/programs/7.0/toolchain/avr8/avr8-gnu-toolchain/bin/../lib/gcc/avr/5.4.0/avrxmega3\libgcc.a(_exit.o)
 .text.libgcc.fmul
                0x00000000        0x0 d:/programs/7.0/toolchain/avr8/avr8-gnu-toolchain/bin/../lib/gcc/avr/5.4.0/avrxmega3\libgcc.a(_exit.o)
 .text.libgcc.fixed
                0x00000000        0x0 d:/programs/7.0/toolchain/avr8/avr8-gnu-toolchain/bin/../lib/gcc/avr/5.4.0/avrxmega3\libgcc.a(_exit.o)
 .text          0x00000000        0x0 d:/programs/7.0/toolchain/avr8/avr8-gnu-toolchain/bin/../lib/gcc/avr/5.4.0/avrxmega3\libgcc.a(_clear_bss.o)
 .data          0x00000000        0x0 d:/programs/7.0/toolchain/avr8/avr8-gnu-toolchain/bin/../lib/gcc/avr/5.4.0/avrxmega3\libgcc.a(_clear_bss.o)
 .bss           0x00000000        0x0 d:/programs/7.0/toolchain/avr8/avr8-gnu-toolchain/bin/../lib/gcc/avr/5.4.0/avrxmega3\libgcc.a(_clear_bss.o)
 .text.libgcc.mul
                0x00000000        0x0 d:/programs/7.0/toolchain/avr8/avr8-gnu-toolchain/bin/../lib/gcc/avr/5.4.0/avrxmega3\libgcc.a(_clear_bss.o)
 .text.libgcc.div
                0x00000000        0x0 d:/programs/7.0/toolchain/avr8/avr8-gnu-toolchain/bin/../lib/gcc/avr/5.4.0/avrxmega3\libgcc.a(_clear_bss.o)
 .text.libgcc   0x00000000        0x0 d:/programs/7.0/toolchain/avr8/avr8-gnu-toolchain/bin/../lib/gcc/avr/5.4.0/avrxmega3\libgcc.a(_clear_bss.o)
 .text.libgcc.prologue
                0x00000000        0x0 d:/programs/7.0/toolchain/avr8/avr8-gnu-toolchain/bin/../lib/gcc/avr/5.4.0/avrxmega3\libgcc.a(_clear_bss.o)
 .text.libgcc.builtins
                0x00000000        0x0 d:/programs/7.0/toolchain/avr8/avr8-gnu-toolchain/bin/../lib/gcc/avr/5.4.0/avrxmega3\libgcc.a(_clear_bss.o)
 .text.libgcc.fmul
                0x00000000        0x0 d:/programs/7.0/toolchain/avr8/avr8-gnu-toolchain/bin/../lib/gcc/avr/5.4.0/avrxmega3\libgcc.a(_clear_bss.o)
 .text.libgcc.fixed
                0x00000000        0x0 d:/programs/7.0/toolchain/avr8/avr8-gnu-toolchain/bin/../lib/gcc/avr/5.4.0/avrxmega3\libgcc.a(_clear_bss.o)
 .text          0x00000000        0x0 d:/programs/7.0/toolchain/avr8/avr8-gnu-toolchain/bin/../lib/gcc/avr/5.4.0/avrxmega3\libgcc.a(_ctors.o)
 .data          0x00000000        0x0 d:/programs/7.0/toolchain/avr8/avr8-gnu-toolchain/bin/../lib/gcc/avr/5.4.0/avrxmega3\libgcc.a(_ctors.o)
 .bss           0x00000000        0x0 d:/programs/7.0/toolchain/avr8/avr8-gnu-toolchain/bin/../lib/gcc/avr/5.4.0/avrxmega3\libgcc.a(_ctors.o)
 .text.libgcc.mul
                0x00000000        0x0 d:/programs/7.0/toolchain/avr8/avr8-gnu-toolchain/bin/../lib/gcc/avr/5.4.0/avrxmega3\libgcc.a(_ctors.o)
 .text.libgcc.div
                0x00000000        0x0 d:/programs/7.0/toolchain/avr8/avr8-gnu-toolchain/bin/../lib/gcc/avr/5.4.0/avrxmega3\libgcc.a(_ctors.o)
 .text.libgcc   0x00000000        0x0 d:/programs/7.0/toolchain/avr8/avr8-gnu-toolchain/bin/../lib/gcc/avr/5.4.0/avrxmega3\libgcc.a(_ctors.o)
 .text.libgcc.prologue
                0x00000000        0x0 d:/programs/7.0/toolchain/avr8/avr8-gnu-toolchain/bin/../lib/gcc/avr/5.4.0/avrxmega3\libgcc.a(_ctors.o)
 .text.libgcc.builtins
                0x00000000        0x0 d:/programs/7.0/toolchain/avr8/avr8-gnu-toolchain/bin/../lib/gcc/avr/5.4.0/avrxmega3\libgcc.a(_ctors.o)
 .text.libgcc.fmul
                0x00000000        0x0 d:/programs/7.0/toolchain/avr8/avr8-gnu-toolchain/bin/../lib/gcc/avr/5.4.0/avrxmega3\libgcc.a(_ctors.o)
 .text.libgcc.fixed
                0x00000000        0x0 d:/programs/7.0/toolchain/avr8/avr8-gnu-toolchain/bin/../lib/gcc/avr/5.4.0/avrxmega3\libgcc.a(_ctors.o)
 .text          0x00000000        0x0 d:/programs/7.0/toolchain/avr8/avr8-gnu-toolchain/bin/../lib/gcc/avr/5.4.0/avrxmega3\libgcc.a(_dtors.o)
 .data          0x00000000        0x0 d:/programs/7.0/toolchain/avr8/avr8-gnu-toolchain/bin/../lib/gcc/avr/5.4.0/avrxmega3\libgcc.a(_dtors.o)
 .bss           0x00000000        0x0 d:/programs/7.0/toolchain/avr8/avr8-gnu-toolchain/bin/../lib/gcc/avr/5.4.0/avrxmega3\libgcc.a(_dtors.o)
 .text.libgcc.mul
                0x00000000        0x0 d:/programs/7.0/toolchain/avr8/avr8-gnu-toolchain/bin/../lib/gcc/avr/5.4.0/avrxmega3\libgcc.a(_dtors.o)
 .text.libgcc.div
                0x00000000        0x0 d:/programs/7.0/toolchain/avr8/avr8-gnu-toolchain/bin/../lib/gcc/avr/5.4.0/avrxmega3\libgcc.a(_dtors.o)
 .text.libgcc   0x00000000        0x0 d:/programs/7.0/toolchain/avr8/avr8-gnu-toolchain/bin/../lib/gcc/avr/5.4.0/avrxmega3\libgcc.a(_dtors.o)
 .text.libgcc.prologue
                0x00000000        0x0 d:/programs/7.0/toolchain/avr8/avr8-gnu-toolchain/bin/../lib/gcc/avr/5.4.0/avrxmega3\libgcc.a(_dtors.o)
 .text.libgcc.builtins
                0x00000000        0x0 d:/programs/7.0/toolchain/avr8/avr8-gnu-toolchain/bin/../lib/gcc/avr/5.4.0/avrxmega3\libgcc.a(_dtors.o)
 .text.libgcc.fmul
                0x00000000        0x0 d:/programs/7.0/toolchain/avr8/avr8-gnu-toolchain/bin/../lib/gcc/avr/5.4.0/avrxmega3\libgcc.a(_dtors.o)
 .text.libgcc.fixed
                0x00000000        0x0 d:/programs/7.0/toolchain/avr8/avr8-gnu-toolchain/bin/../lib/gcc/avr/5.4.0/avrxmega3\libgcc.a(_dtors.o)
 .text          0x00000000        0x0 d:/programs/7.0/toolchain/avr8/avr8-gnu-toolchain/bin/../lib/gcc/avr/5.4.0/avrxmega3\libgcc.a(_umulhisi3.o)
 .data          0x00000000        0x0 d:/programs/7.0/toolchain/avr8/avr8-gnu-toolchain/bin/../lib/gcc/avr/5.4.0/avrxmega3\libgcc.a(_umulhisi3.o)
 .bss           0x00000000        0x0 d:/programs/7.0/toolchain/avr8/avr8-gnu-toolchain/bin/../lib/gcc/avr/5.4.0/avrxmega3\libgcc.a(_umulhisi3.o)
 .text.libgcc.div
                0x00000000        0x0 d:/programs/7.0/toolchain/avr8/avr8-gnu-toolchain/bin/../lib/gcc/avr/5.4.0/avrxmega3\libgcc.a(_umulhisi3.o)
 .text.libgcc   0x00000000        0x0 d:/programs/7.0/toolchain/avr8/avr8-gnu-toolchain/bin/../lib/gcc/avr/5.4.0/avrxmega3\libgcc.a(_umulhisi3.o)
 .text.libgcc.prologue
                0x00000000        0x0 d:/programs/7.0/toolchain/avr8/avr8-gnu-toolchain/bin/../lib/gcc/avr/5.4.0/avrxmega3\libgcc.a(_umulhisi3.o)
 .text.libgcc.builtins
                0x00000000        0x0 d:/programs/7.0/toolchain/avr8/avr8-gnu-toolchain/bin/../lib/gcc/avr/5.4.0/avrxmega3\libgcc.a(_umulhisi3.o)
 .text.libgcc.fmul
                0x00000000        0x0 d:/programs/7.0/toolchain/avr8/avr8-gnu-toolchain/bin/../lib/gcc/avr/5.4.0/avrxmega3\libgcc.a(_umulhisi3.o)
 .text.libgcc.fixed
                0x00000000        0x0 d:/programs/7.0/toolchain/avr8/avr8-gnu-toolchain/bin/../lib/gcc/avr/5.4.0/avrxmega3\libgcc.a(_umulhisi3.o)
 .text          0x00000000        0x0 d:/programs/7.0/toolchain/avr8/avr8-gnu-toolchain/bin/../lib/gcc/avr/5.4.0/avrxmega3\libgcc.a(_muluhisi3.o)
 .data          0x00000000        0x0 d:/programs/7.0/toolchain/avr8/avr8-gnu-toolchain/bin/../lib/gcc/avr/5.4.0/avrxmega3\libgcc.a(_muluhisi3.o)
 .bss           0x00000000        0x0 d:/programs/7.0/toolchain/avr8/avr8-gnu-toolchain/bin/../lib/gcc/avr/5.4.0/avrxmega3\libgcc.a(_muluhisi3.o)
 .text.libgcc.mul
                0x00000000       0x16 d:/programs/7.0/toolchain/avr8/avr8-gnu-toolchain/bin/../lib/gcc/avr/5.4.0/avrxmega3\libgcc.a(_muluhisi3.o)
 .text.libgcc.div
                0x00000000        0x0 d:/programs/7.0/toolchain/avr8/avr8-gnu-toolchain/bin/../lib/gcc/avr/5.4.0/avrxmega3\libgcc.a(_muluhisi3.o)
 .text.libgcc   0x00000000        0x0 d:/programs/7.0/toolchain/avr8/avr8-gnu-toolchain/bin/../lib/gcc/avr/5.4.0/avrxmega3\libgcc.a(_muluhisi3.o)
 .text.libgcc.prologue
                0x00000000        0x0 d:/programs/7.0/toolchain/avr8/avr8-gnu-toolchain/bin/../lib/gcc/avr/5.4.0/avrxmega3\libgcc.a(_muluhisi3.o)
 .text.libgcc.builtins
                0x00000000        0x0 d:/programs/7.0/toolchain/avr8/avr8-gnu-toolchain/bin/../lib/gcc/avr/5.4.0/avrxmega3\libgcc.a(_muluhisi3.o)
 .text.libgcc.fmul
                0x00000000        0x0 d:/programs/7.0/toolchain/avr8/avr8-gnu-toolchain/bin/../lib/gcc/avr/5.4.0/avrxmega3\libgcc.a(_muluhisi3.o)
 .text.libgcc.fixed
                0x00000000        0x0 d:/programs/7.0/toolchain/avr8/avr8-gnu-toolchain/bin/../lib/gcc/avr/5.4.0/avrxmega3\libgcc.a(_muluhisi3.o)
 .text          0x00000000        0x0 d:/programs/7.0/toolchain/avr8/avr8-gnu-toolchain/bin/../lib/gcc/avr/5.4.0/avrxmega3\libgcc.a(_tablejump2.o)
 .data          0x00000000        0x0 d:/programs/7.0/toolchain/avr8/avr8-gnu-toolchain/bin/../lib/gcc/avr/5.4.0/avrxmega3\libgcc.a(_tablejump2.o)
 .bss           0x00000000        0x0 d:/programs/7.0/toolchain/avr8/avr8-gnu-toolchain/bin/../lib/gcc/avr/5.4.0/avrxmega3\libgcc.a(_tablejump2.o)
 .text.libgcc.mul
                0x00000000        0x0 d:/programs/7.0/toolchain/avr8/avr8-gnu-toolchain/bin/../lib/gcc/avr/5.4.0/avrxmega3\libgcc.a(_tablejump2.o)
 .text.libgcc.div
                0x00000000        0x0 d:/programs/7.0/toolchain/avr8/avr8-gnu-toolchain/bin/../lib/gcc/avr/5.4.0/avrxmega3\libgcc.a(_tablejump2.o)
 .text.libgcc.prologue
                0x00000000        0x0 d:/programs/7.0/toolchain/avr8/avr8-gnu-toolchain/bin/../lib/gcc/avr/5.4.0/avrxmega3\libgcc.a(_tablejump2.o)
 .text.libgcc.builtins
                0x00000000        0x0 d:/programs/7.0/toolchain/avr8/avr8-gnu-toolchain/bin/../lib/gcc/avr/5.4.0/avrxmega3\libgcc.a(_tablejump2.o)
 .text.libgcc.fmul
                0x00000000        0x0 d:/programs/7.0/toolchain/avr8/avr8-gnu-toolchain/bin/../lib/gcc/avr/5.4.0/avrxmega3\libgcc.a(_tablejump2.o)
 .text.libgcc.fixed
                0x00000000        0x0 d:/programs/7.0/toolchain/avr8/avr8-gnu-toolchain/bin/../lib/gcc/avr/5.4.0/avrxmega3\libgcc.a(_tablejump2.o)

Memory Configuration

Name             Origin             Length             Attributes
text             0x00000000         0x0000c000         xr
data             0x00802800         0x00001800         rw !x
eeprom           0x00810000         0x00000100         rw !x
fuse             0x00820000         0x0000000a         rw !x
lock             0x00830000         0x00000400         rw !x
signature        0x00840000         0x00000400         rw !x
user_signatures  0x00850000         0x00000400         rw !x
*default*        0x00000000         0xffffffff

Linker script and memory map

Address of section .data set to 0x802800
                0x00004000                __RODATA_PM_OFFSET__ = 0x4000
LOAD D:/Programs/7.0/Packs/Atmel/ATmega_DFP/1.7.374/gcc/dev/atmega4809/avrxmega3/crtatmega4809.o
LOAD at_lcd.o
LOAD debug.o
LOAD embedded_string.o
LOAD init.o
LOAD int.o
LOAD main.o
LOAD servo.o
START GROUP
LOAD d:/programs/7.0/toolchain/avr8/avr8-gnu-toolchain/bin/../lib/gcc/avr/5.4.0/../../../../avr/lib/avrxmega3\libm.a
END GROUP
LOAD d:/programs/7.0/toolchain/avr8/avr8-gnu-toolchain/bin/../lib/gcc/avr/5.4.0/avrxmega3\libgcc.a
LOAD d:/programs/7.0/toolchain/avr8/avr8-gnu-toolchain/bin/../lib/gcc/avr/5.4.0/../../../../avr/lib/avrxmega3\libm.a
START GROUP
LOAD d:/programs/7.0/toolchain/avr8/avr8-gnu-toolchain/bin/../lib/gcc/avr/5.4.0/avrxmega3\libgcc.a
LOAD d:/programs/7.0/toolchain/avr8/avr8-gnu-toolchain/bin/../lib/gcc/avr/5.4.0/../../../../avr/lib/avrxmega3\libm.a
LOAD d:/programs/7.0/toolchain/avr8/avr8-gnu-toolchain/bin/../lib/gcc/avr/5.4.0/../../../../avr/lib/avrxmega3\libc.a
LOAD D:/Programs/7.0/Packs/Atmel/ATmega_DFP/1.7.374/gcc/dev/atmega4809/avrxmega3\libatmega4809.a
END GROUP
                [0x00000000]                __TEXT_REGION_ORIGIN__ = DEFINED (__TEXT_REGION_ORIGIN__)?__TEXT_REGION_ORIGIN__:0x0
                [0x00802800]                __DATA_REGION_ORIGIN__ = DEFINED (__DATA_REGION_ORIGIN__)?__DATA_REGION_ORIGIN__:0x802000
                [0x0000c000]                __TEXT_REGION_LENGTH__ = DEFINED (__TEXT_REGION_LENGTH__)?__TEXT_REGION_LENGTH__:0x100000
                [0x00001800]                __DATA_REGION_LENGTH__ = DEFINED (__DATA_REGION_LENGTH__)?__DATA_REGION_LENGTH__:0xffa0
                [0x00000100]                __EEPROM_REGION_LENGTH__ = DEFINED (__EEPROM_REGION_LENGTH__)?__EEPROM_REGION_LENGTH__:0x10000
                [0x0000000a]                __FUSE_REGION_LENGTH__ = DEFINED (__FUSE_REGION_LENGTH__)?__FUSE_REGION_LENGTH__:0x400
                0x00000400                __LOCK_REGION_LENGTH__ = DEFINED (__LOCK_REGION_LENGTH__)?__LOCK_REGION_LENGTH__:0x400
                0x00000400                __SIGNATURE_REGION_LENGTH__ = DEFINED (__SIGNATURE_REGION_LENGTH__)?__SIGNATURE_REGION_LENGTH__:0x400
                0x00000400                __USER_SIGNATURE_REGION_LENGTH__ = DEFINED (__USER_SIGNATURE_REGION_LENGTH__)?__USER_SIGNATURE_REGION_LENGTH__:0x400
                0x00008000                __RODATA_PM_OFFSET__ = DEFINED (__RODATA_PM_OFFSET__)?__RODATA_PM_OFFSET__:0x8000

.hash
 *(.hash)

.dynsym
 *(.dynsym)

.dynstr
 *(.dynstr)

.gnu.version
 *(.gnu.version)

.gnu.version_d
 *(.gnu.version_d)

.gnu.version_r
 *(.gnu.version_r)

.rel.init
 *(.rel.init)

.rela.init
 *(.rela.init)

.rel.text
 *(.rel.text)
 *(.rel.text.*)
 *(.rel.gnu.linkonce.t*)

.rela.text
 *(.rela.text)
 *(.rela.text.*)
 *(.rela.gnu.linkonce.t*)

.rel.fini
 *(.rel.fini)

.rela.fini
 *(.rela.fini)

.rel.rodata
 *(.rel.rodata)
 *(.rel.rodata.*)
 *(.rel.gnu.linkonce.r*)

.rela.rodata
 *(.rela.rodata)
 *(.rela.rodata.*)
 *(.rela.gnu.linkonce.r*)

.rel.data
 *(.rel.data)
 *(.rel.data.*)
 *(.rel.gnu.linkonce.d*)

.rela.data
 *(.rela.data)
 *(.rela.data.*)
 *(.rela.gnu.linkonce.d*)

.rel.ctors
 *(.rel.ctors)

.rela.ctors
 *(.rela.ctors)

.rel.dtors
 *(.rel.dtors)

.rela.dtors
 *(.rela.dtors)

.rel.got
 *(.rel.got)

.rela.got
 *(.rela.got)

.rel.bss
 *(.rel.bss)

.rela.bss
 *(.rela.bss)

.rel.plt
 *(.rel.plt)

.rela.plt
 *(.rela.plt)

.text           0x00000000      0xdca
 *(.vectors)
 .vectors       0x00000000       0xa0 D:/Programs/7.0/Packs/Atmel/ATmega_DFP/1.7.374/gcc/dev/atmega4809/avrxmega3/crtatmega4809.o
                0x00000000                __vector_default
                0x00000000                __vectors
 *(.vectors)
 *(.progmem.gcc*)
                0x000000a0                . = ALIGN (0x2)
                0x000000a0                __trampolines_start = .
 *(.trampolines)
 .trampolines   0x000000a0        0x0 linker stubs
 *(.trampolines*)
                0x000000a0                __trampolines_end = .
 *libprintf_flt.a:*(.progmem.data)
 *libc.a:*(.progmem.data)
 *(.progmem*)
                0x000000a0                . = ALIGN (0x2)
 *(.jumptables)
 *(.jumptables*)
 *(.lowtext)
 *(.lowtext*)
                0x000000a0                __ctors_start = .
 *(.ctors)
 .ctors         0x000000a0        0x2 main.o
                0x000000a2                __ctors_end = .
                0x000000a2                __dtors_start = .
 *(.dtors)
 .dtors         0x000000a2        0x2 main.o
                0x000000a4                __dtors_end = .
 SORT(*)(.ctors)
 SORT(*)(.dtors)
 *(.init0)
 .init0         0x000000a4        0x0 D:/Programs/7.0/Packs/Atmel/ATmega_DFP/1.7.374/gcc/dev/atmega4809/avrxmega3/crtatmega4809.o
                0x000000a4                __init
 *(.init0)
 *(.init1)
 *(.init1)
 *(.init2)
 .init2         0x000000a4        0xc D:/Programs/7.0/Packs/Atmel/ATmega_DFP/1.7.374/gcc/dev/atmega4809/avrxmega3/crtatmega4809.o
 *(.init2)
 *(.init3)
 *(.init3)
 *(.init4)
 .init4         0x000000b0       0x10 d:/programs/7.0/toolchain/avr8/avr8-gnu-toolchain/bin/../lib/gcc/avr/5.4.0/avrxmega3\libgcc.a(_clear_bss.o)
                0x000000b0                __do_clear_bss
 *(.init4)
 *(.init5)
 *(.init5)
 *(.init6)
 .init6         0x000000c0       0x16 d:/programs/7.0/toolchain/avr8/avr8-gnu-toolchain/bin/../lib/gcc/avr/5.4.0/avrxmega3\libgcc.a(_ctors.o)
                0x000000c0                __do_global_ctors
 *(.init6)
 *(.init7)
 *(.init7)
 *(.init8)
 *(.init8)
 *(.init9)
 .init9         0x000000d6        0x8 D:/Programs/7.0/Packs/Atmel/ATmega_DFP/1.7.374/gcc/dev/atmega4809/avrxmega3/crtatmega4809.o
 *(.init9)
 *(.text)
 .text          0x000000de        0x4 D:/Programs/7.0/Packs/Atmel/ATmega_DFP/1.7.374/gcc/dev/atmega4809/avrxmega3/crtatmega4809.o
                0x000000de                __vector_38
                0x000000de                __vector_22
                0x000000de                __vector_28
                0x000000de                __vector_1
                0x000000de                __vector_32
                0x000000de                __vector_34
                0x000000de                __vector_24
                0x000000de                __vector_12
                0x000000de                __bad_interrupt
                0x000000de                __vector_6
                0x000000de                __vector_31
                0x000000de                __vector_35
                0x000000de                __vector_39
                0x000000de                __vector_3
                0x000000de                __vector_23
                0x000000de                __vector_30
                0x000000de                __vector_25
                0x000000de                __vector_11
                0x000000de                __vector_13
                0x000000de                __vector_17
                0x000000de                __vector_19
                0x000000de                __vector_27
                0x000000de                __vector_5
                0x000000de                __vector_33
                0x000000de                __vector_37
                0x000000de                __vector_9
                0x000000de                __vector_2
                0x000000de                __vector_21
                0x000000de                __vector_15
                0x000000de                __vector_36
                0x000000de                __vector_29
                0x000000de                __vector_8
                0x000000de                __vector_26
                0x000000de                __vector_14
                0x000000de                __vector_10
                0x000000de                __vector_16
                0x000000de                __vector_18
                0x000000de                __vector_20
                0x000000e2                . = ALIGN (0x2)
 *(.text.*)
 .text._Z12lcd_send_cmdh
                0x000000e2       0x78 at_lcd.o
                0x000000e2                _Z12lcd_send_cmdh
 .text._Z8lcd_initv
                0x0000015a       0x4c at_lcd.o
                0x0000015a                _Z8lcd_initv
 .text._Z10lcd_updatev
                0x000001a6      0x300 at_lcd.o
                0x000001a6                _Z10lcd_updatev
 .text._Z14lcd_print_charhh
                0x000004a6       0x56 at_lcd.o
                0x000004a6                _Z14lcd_print_charhh
 .text._Z13lcd_print_strhPKc
                0x000004fc       0x44 at_lcd.o
                0x000004fc                _Z13lcd_print_strhPKc
 .text._Z13lcd_print_u16hj
                0x00000540      0x1dc at_lcd.o
                0x00000540                _Z13lcd_print_u16hj
 .text._Z10init_clockv
                0x0000071c       0x3e init.o
                0x0000071c                _Z10init_clockv
 .text._Z8init_pinv
                0x0000075a       0xa8 init.o
                0x0000075a                _Z8init_pinv
 .text._Z8init_rtcv
                0x00000802       0x36 init.o
                0x00000802                _Z8init_rtcv
 .text._Z4initv
                0x00000838       0x10 init.o
                0x00000838                _Z4initv
 .text.__vector_4
                0x00000848       0x8e int.o
                0x00000848                __vector_4
 .text.__vector_7
                0x000008d6       0x52 int.o
                0x000008d6                __vector_7
 .text._Z41__static_initialization_and_destruction_0ii
                0x00000928       0x3a main.o
 .text.main     0x00000962       0xf8 main.o
                0x00000962                main
 .text._GLOBAL__sub_I_g_isr_flags
                0x00000a5a        0xe main.o
 .text._GLOBAL__sub_D_g_isr_flags
                0x00000a68        0xe main.o
 .text._ZN9OrangeBot5ServoD2Ev
                0x00000a76        0x2 servo.o
                0x00000a76                _ZN9OrangeBot5ServoD2Ev
                0x00000a76                _ZN9OrangeBot5ServoD1Ev
 .text._ZN9OrangeBot5Servo12hal_servo_ioEhb
                0x00000a78       0x18 servo.o
                0x00000a78                _ZN9OrangeBot5Servo12hal_servo_ioEhb
 .text._ZN9OrangeBot5Servo11hal_init_ioEv
                0x00000a90       0x30 servo.o
                0x00000a90                _ZN9OrangeBot5Servo11hal_init_ioEv
 .text._ZN9OrangeBot5Servo25hal_init_ta0_timeout_modeEj
                0x00000ac0       0x5c servo.o
                0x00000ac0                _ZN9OrangeBot5Servo25hal_init_ta0_timeout_modeEj
 .text._ZN9OrangeBot5Servo12hal_delay_usEv
                0x00000b1c        0xc servo.o
                0x00000b1c                _ZN9OrangeBot5Servo12hal_delay_usEv
 .text._ZN9OrangeBot5Servo19hal_timer_set_delayEj
                0x00000b28       0x48 servo.o
                0x00000b28                _ZN9OrangeBot5Servo19hal_timer_set_delayEj
 .text._ZN9OrangeBot5Servo13hal_timer_isrEv
                0x00000b70       0x44 servo.o
                0x00000b70                _ZN9OrangeBot5Servo13hal_timer_isrEv
 .text._ZN9OrangeBot5Servo9hal_powerEb
                0x00000bb4       0x1e servo.o
                0x00000bb4                _ZN9OrangeBot5Servo9hal_powerEb
 .text._ZN9OrangeBot5Servo11hal_run_isrEb
                0x00000bd2       0x26 servo.o
                0x00000bd2                _ZN9OrangeBot5Servo11hal_run_isrEb
 .text._ZN9OrangeBot5Servo15init_class_varsEv
                0x00000bf8       0x10 servo.o
                0x00000bf8                _ZN9OrangeBot5Servo15init_class_varsEv
 .text._ZN9OrangeBot5Servo4initEv
                0x00000c08       0x2a servo.o
                0x00000c08                _ZN9OrangeBot5Servo4initEv
 .text._ZN9OrangeBot5ServoC2Ev
                0x00000c32        0x6 servo.o
                0x00000c32                _ZN9OrangeBot5ServoC2Ev
                0x00000c32                _ZN9OrangeBot5ServoC1Ev
 .text._ZN9OrangeBot5Servo10soft_startEhhhh
                0x00000c38       0x8a servo.o
                0x00000c38                _ZN9OrangeBot5Servo10soft_startEhhhh
 .text._ZN9OrangeBot5Servo5powerEb
                0x00000cc2       0x40 servo.o
                0x00000cc2                _ZN9OrangeBot5Servo5powerEb
 .text.libgcc.div
                0x00000d02       0x18 d:/programs/7.0/toolchain/avr8/avr8-gnu-toolchain/bin/../lib/gcc/avr/5.4.0/avrxmega3\libgcc.a(_udivmodqi4.o)
                0x00000d02                __udivmodqi4
 .text.libgcc.div
                0x00000d1a       0x28 d:/programs/7.0/toolchain/avr8/avr8-gnu-toolchain/bin/../lib/gcc/avr/5.4.0/avrxmega3\libgcc.a(_udivmodhi4.o)
                0x00000d1a                __udivmodhi4
 .text.libgcc.div
                0x00000d42       0x44 d:/programs/7.0/toolchain/avr8/avr8-gnu-toolchain/bin/../lib/gcc/avr/5.4.0/avrxmega3\libgcc.a(_udivmodsi4.o)
                0x00000d42                __udivmodsi4
 .text.libgcc.mul
                0x00000d86       0x1e d:/programs/7.0/toolchain/avr8/avr8-gnu-toolchain/bin/../lib/gcc/avr/5.4.0/avrxmega3\libgcc.a(_umulhisi3.o)
                0x00000d86                __umulhisi3
 .text.libgcc   0x00000da4        0xc d:/programs/7.0/toolchain/avr8/avr8-gnu-toolchain/bin/../lib/gcc/avr/5.4.0/avrxmega3\libgcc.a(_tablejump2.o)
                0x00000da4                __tablejump2__
                0x00000db0                . = ALIGN (0x2)
 *(.fini9)
 .fini9         0x00000db0        0x0 d:/programs/7.0/toolchain/avr8/avr8-gnu-toolchain/bin/../lib/gcc/avr/5.4.0/avrxmega3\libgcc.a(_exit.o)
                0x00000db0                _exit
                0x00000db0                exit
 *(.fini9)
 *(.fini8)
 *(.fini8)
 *(.fini7)
 *(.fini7)
 *(.fini6)
 .fini6         0x00000db0       0x16 d:/programs/7.0/toolchain/avr8/avr8-gnu-toolchain/bin/../lib/gcc/avr/5.4.0/avrxmega3\libgcc.a(_dtors.o)
                0x00000db0                __do_global_dtors
 *(.fini6)
 *(.fini5)
 *(.fini5)
 *(.fini4)
 *(.fini4)
 *(.fini3)
 *(.fini3)
 *(.fini2)
 *(.fini2)
 *(.fini1)
 *(.fini1)
 *(.fini0)
 .fini0         0x00000dc6        0x4 d:/programs/7.0/toolchain/avr8/avr8-gnu-toolchain/bin/../lib/gcc/avr/5.4.0/avrxmega3\libgcc.a(_exit.o)
 *(.fini0)
                0x00000dca                _etext = .

.rodata         0x00004dca       0x44 load address 0x00000dca
 *(.rodata)
 .rodata        0x00004dca       0x3a at_lcd.o
 *(.rodata*)
 .rodata.str1.1
                0x00004e04        0xa main.o
 *(.gnu.linkonce.r*)

.data           0x00802800        0x0 load address 0x00000e0e
                [!provide]                PROVIDE (__data_start, .)
 *(.data)
 *(.data*)
 *(.gnu.linkonce.d*)
                0x00802800                . = ALIGN (0x2)
                0x00802800                _edata = .
                [!provide]                PROVIDE (__data_end, .)

.bss            0x00802800       0x53
                0x00802800                PROVIDE (__bss_start, .)
 *(.bss)
 *(.bss*)
 .bss._ZZ10lcd_updatevE8data_buf
                0x00802800        0x1 at_lcd.o
 .bss._ZZ10lcd_updatevE6status
                0x00802801        0x2 at_lcd.o
 .bss.lcd_error
                0x00802803        0x1 at_lcd.o
                0x00802803                lcd_error
 .bss.lcd_cfg_flags
                0x00802804        0x1 at_lcd.o
                0x00802804                lcd_cfg_flags
 .bss.lcd_updt  0x00802805        0x4 at_lcd.o
                0x00802805                lcd_updt
 .bss.lcd_show  0x00802809       0x20 at_lcd.o
                0x00802809                lcd_show
 .bss._ZZ10__vector_4E8pre_slow
                0x00802829        0x2 int.o
 .bss.gc_servo  0x0080282b       0x26 main.o
                0x0080282b                gc_servo
 .bss.ge_error_code
                0x00802851        0x1 main.o
                0x00802851                ge_error_code
 .bss.g_isr_flags
                0x00802852        0x1 main.o
                0x00802852                g_isr_flags
 *(COMMON)
                0x00802853                PROVIDE (__bss_end, .)
                0x00000e0e                __data_load_start = LOADADDR (.data)
                0x00000e0e                __data_load_end = (__data_load_start + SIZEOF (.data))

.noinit         0x00802853        0x0
                [!provide]                PROVIDE (__noinit_start, .)
 *(.noinit*)
                [!provide]                PROVIDE (__noinit_end, .)
                0x00802853                _end = .
                [!provide]                PROVIDE (__heap_start, .)

.eeprom         0x00810000        0x0
 *(.eeprom*)
                0x00810000                __eeprom_end = .

.fuse
 *(.fuse)
 *(.lfuse)
 *(.hfuse)
 *(.efuse)

.lock
 *(.lock*)

.signature
 *(.signature*)

.user_signatures
 *(.user_signatures*)

.stab
 *(.stab)

.stabstr
 *(.stabstr)

.stab.excl
 *(.stab.excl)

.stab.exclstr
 *(.stab.exclstr)

.stab.index
 *(.stab.index)

.stab.indexstr
 *(.stab.indexstr)

.comment        0x00000000       0x30
 *(.comment)
 .comment       0x00000000       0x30 at_lcd.o
                                 0x31 (size before relaxing)
 .comment       0x00000030       0x31 init.o
 .comment       0x00000030       0x31 int.o
 .comment       0x00000030       0x31 main.o
 .comment       0x00000030       0x31 servo.o

.note.gnu.avr.deviceinfo
                0x00000000       0x40
 .note.gnu.avr.deviceinfo
                0x00000000       0x40 D:/Programs/7.0/Packs/Atmel/ATmega_DFP/1.7.374/gcc/dev/atmega4809/avrxmega3/crtatmega4809.o

.note.gnu.build-id
 *(.note.gnu.build-id)

.debug
 *(.debug)

.line
 *(.line)

.debug_srcinfo
 *(.debug_srcinfo)

.debug_sfnames
 *(.debug_sfnames)

.debug_aranges  0x00000000      0x250
 *(.debug_aranges)
 .debug_aranges
                0x00000000       0xd0 at_lcd.o
 .debug_aranges
                0x000000d0       0x38 init.o
 .debug_aranges
                0x00000108       0x38 int.o
 .debug_aranges
                0x00000140       0x50 main.o
 .debug_aranges
                0x00000190       0xc0 servo.o

.debug_pubnames
 *(.debug_pubnames)

.debug_info     0x00000000     0x79d7
 *(.debug_info .gnu.linkonce.wi.*)
 .debug_info    0x00000000     0x248a D:/Programs/7.0/Packs/Atmel/ATmega_DFP/1.7.374/gcc/dev/atmega4809/avrxmega3/crtatmega4809.o
 .debug_info    0x0000248a     0x1ded at_lcd.o
 .debug_info    0x00004277      0x7f2 init.o
 .debug_info    0x00004a69      0xf67 int.o
 .debug_info    0x000059d0      0xa1a main.o
 .debug_info    0x000063ea     0x15ed servo.o

.debug_abbrev   0x00000000     0x317f
 *(.debug_abbrev)
 .debug_abbrev  0x00000000     0x2296 D:/Programs/7.0/Packs/Atmel/ATmega_DFP/1.7.374/gcc/dev/atmega4809/avrxmega3/crtatmega4809.o
 .debug_abbrev  0x00002296      0x436 at_lcd.o
 .debug_abbrev  0x000026cc      0x153 init.o
 .debug_abbrev  0x0000281f      0x28b int.o
 .debug_abbrev  0x00002aaa      0x349 main.o
 .debug_abbrev  0x00002df3      0x38c servo.o

.debug_line     0x00000000     0x297f
 *(.debug_line .debug_line.* .debug_line_end)
 .debug_line    0x00000000      0x187 D:/Programs/7.0/Packs/Atmel/ATmega_DFP/1.7.374/gcc/dev/atmega4809/avrxmega3/crtatmega4809.o
 .debug_line    0x00000187     0x1c52 at_lcd.o
 .debug_line    0x00001dd9      0x1e4 init.o
 .debug_line    0x00001fbd      0x1ce int.o
 .debug_line    0x0000218b      0x28f main.o
 .debug_line    0x0000241a      0x565 servo.o

.debug_frame    0x00000000      0x87c
 *(.debug_frame)
 .debug_frame   0x00000000      0x49c at_lcd.o
 .debug_frame   0x0000049c       0x54 init.o
 .debug_frame   0x000004f0       0xcc int.o
 .debug_frame   0x000005bc       0xbc main.o
 .debug_frame   0x00000678      0x204 servo.o

.debug_str      0x00000000     0x2960
 *(.debug_str)
 .debug_str     0x00000000      0xf85 D:/Programs/7.0/Packs/Atmel/ATmega_DFP/1.7.374/gcc/dev/atmega4809/avrxmega3/crtatmega4809.o
 .debug_str     0x00000f85      0x7db at_lcd.o
                                0x861 (size before relaxing)
 .debug_str     0x00001760      0x682 init.o
                                0x978 (size before relaxing)
 .debug_str     0x00001de2      0x64c int.o
                                0xa25 (size before relaxing)
 .debug_str     0x0000242e      0x1a8 main.o
                                0xa22 (size before relaxing)
 .debug_str     0x000025d6      0x38a servo.o
                                0xdfa (size before relaxing)

.debug_loc      0x00000000     0x4f92
 *(.debug_loc)
 .debug_loc     0x00000000     0x419e at_lcd.o
 .debug_loc     0x0000419e       0x4c init.o
 .debug_loc     0x000041ea      0x1cc int.o
 .debug_loc     0x000043b6      0x25b main.o
 .debug_loc     0x00004611      0x981 servo.o

.debug_macinfo
 *(.debug_macinfo)

.debug_weaknames
 *(.debug_weaknames)

.debug_funcnames
 *(.debug_funcnames)

.debug_typenames
 *(.debug_typenames)

.debug_varnames
 *(.debug_varnames)

.debug_pubtypes
 *(.debug_pubtypes)

.debug_ranges   0x00000000      0x260
 *(.debug_ranges)
 .debug_ranges  0x00000000      0x120 at_lcd.o
 .debug_ranges  0x00000120       0x28 init.o
 .debug_ranges  0x00000148       0x28 int.o
 .debug_ranges  0x00000170       0x40 main.o
 .debug_ranges  0x000001b0       0xb0 servo.o

.debug_macro
 *(.debug_macro)
OUTPUT(2021-12-18b AT4809 OrangeHat Servo.elf elf32-avr)
LOAD linker stubs
