Archive member included to satisfy reference by file (symbol)

d:/programs/7.0/toolchain/avr8/avr8-gnu-toolchain/bin/../lib/gcc/avr/5.4.0/avrxmega3\libgcc.a(_udivmodqi4.o)
                              at_lcd.o (__udivmodqi4)
d:/programs/7.0/toolchain/avr8/avr8-gnu-toolchain/bin/../lib/gcc/avr/5.4.0/avrxmega3\libgcc.a(_udivmodhi4.o)
                              at_lcd.o (__udivmodhi4)
d:/programs/7.0/toolchain/avr8/avr8-gnu-toolchain/bin/../lib/gcc/avr/5.4.0/avrxmega3\libgcc.a(_divmodhi4.o)
                              at_lcd.o (__divmodhi4)
d:/programs/7.0/toolchain/avr8/avr8-gnu-toolchain/bin/../lib/gcc/avr/5.4.0/avrxmega3\libgcc.a(_udivmodsi4.o)
                              at_lcd.o (__udivmodsi4)
d:/programs/7.0/toolchain/avr8/avr8-gnu-toolchain/bin/../lib/gcc/avr/5.4.0/avrxmega3\libgcc.a(_exit.o)
                              D:/Programs/7.0/Packs/Atmel/ATmega_DFP/1.7.374/gcc/dev/atmega4809/avrxmega3/crtatmega4809.o (exit)
d:/programs/7.0/toolchain/avr8/avr8-gnu-toolchain/bin/../lib/gcc/avr/5.4.0/avrxmega3\libgcc.a(_tablejump2.o)
                              servo.o (__tablejump2__)
d:/programs/7.0/toolchain/avr8/avr8-gnu-toolchain/bin/../lib/gcc/avr/5.4.0/avrxmega3\libgcc.a(_copy_data.o)
                              parser_handlers.o (__do_copy_data)
d:/programs/7.0/toolchain/avr8/avr8-gnu-toolchain/bin/../lib/gcc/avr/5.4.0/avrxmega3\libgcc.a(_clear_bss.o)
                              at_lcd.o (__do_clear_bss)
d:/programs/7.0/toolchain/avr8/avr8-gnu-toolchain/bin/../lib/gcc/avr/5.4.0/avrxmega3\libgcc.a(_ctors.o)
                              main.o (__do_global_ctors)
d:/programs/7.0/toolchain/avr8/avr8-gnu-toolchain/bin/../lib/gcc/avr/5.4.0/avrxmega3\libgcc.a(_dtors.o)
                              main.o (__do_global_dtors)
d:/programs/7.0/toolchain/avr8/avr8-gnu-toolchain/bin/../lib/gcc/avr/5.4.0/avrxmega3\libgcc.a(_umulhisi3.o)
                              main.o (__umulhisi3)
d:/programs/7.0/toolchain/avr8/avr8-gnu-toolchain/bin/../lib/gcc/avr/5.4.0/avrxmega3\libgcc.a(_muluhisi3.o)
                              at_lcd.o (__muluhisi3)
d:/programs/7.0/toolchain/avr8/avr8-gnu-toolchain/bin/../lib/gcc/avr/5.4.0/../../../../avr/lib/avrxmega3\libc.a(rand.o)
                              main.o (srand)
d:/programs/7.0/toolchain/avr8/avr8-gnu-toolchain/bin/../lib/gcc/avr/5.4.0/avrxmega3\libgcc.a(_divmodsi4.o)
                              d:/programs/7.0/toolchain/avr8/avr8-gnu-toolchain/bin/../lib/gcc/avr/5.4.0/../../../../avr/lib/avrxmega3\libc.a(rand.o) (__divmodsi4)
d:/programs/7.0/toolchain/avr8/avr8-gnu-toolchain/bin/../lib/gcc/avr/5.4.0/avrxmega3\libgcc.a(_negsi2.o)
                              d:/programs/7.0/toolchain/avr8/avr8-gnu-toolchain/bin/../lib/gcc/avr/5.4.0/avrxmega3\libgcc.a(_divmodsi4.o) (__negsi2)
d:/programs/7.0/toolchain/avr8/avr8-gnu-toolchain/bin/../lib/gcc/avr/5.4.0/avrxmega3\libgcc.a(_mulshisi3.o)
                              d:/programs/7.0/toolchain/avr8/avr8-gnu-toolchain/bin/../lib/gcc/avr/5.4.0/../../../../avr/lib/avrxmega3\libc.a(rand.o) (__mulohisi3)

Discarded input sections

 .data          0x00000000        0x0 D:/Programs/7.0/Packs/Atmel/ATmega_DFP/1.7.374/gcc/dev/atmega4809/avrxmega3/crtatmega4809.o
 .bss           0x00000000        0x0 D:/Programs/7.0/Packs/Atmel/ATmega_DFP/1.7.374/gcc/dev/atmega4809/avrxmega3/crtatmega4809.o
 .group         0x00000000        0x8 at_lcd.o
 .group         0x00000000        0x8 at_lcd.o
 .group         0x00000000        0x8 at_lcd.o
 .group         0x00000000        0x8 at_lcd.o
 .group         0x00000000        0x8 at_lcd.o
 .group         0x00000000        0x8 at_lcd.o
 .group         0x00000000        0x8 at_lcd.o
 .group         0x00000000        0x8 at_lcd.o
 .group         0x00000000        0x8 at_lcd.o
 .group         0x00000000        0x8 at_lcd.o
 .group         0x00000000        0x8 at_lcd.o
 .group         0x00000000        0x8 at_lcd.o
 .text          0x00000000        0x0 at_lcd.o
 .data          0x00000000        0x0 at_lcd.o
 .bss           0x00000000        0x0 at_lcd.o
 .text.isfinite
                0x00000000       0x14 at_lcd.o
 .text.copysign
                0x00000000       0x16 at_lcd.o
 .text._ZN4User6StringC2Ev
                0x00000000        0x2 at_lcd.o
 .text._ZN4User6StringD2Ev
                0x00000000        0x2 at_lcd.o
 .text._ZN4User6String10num_to_strEhhPc
                0x00000000       0xde at_lcd.o
 .text._ZN4User6String10num_to_strEahPc
                0x00000000      0x122 at_lcd.o
 .text._ZN4User6String10num_to_strEjhPc
                0x00000000      0x1c2 at_lcd.o
 .text._ZN4User6String10num_to_strEihPc
                0x00000000      0x2ce at_lcd.o
 .text._ZN4User6String10num_to_strEmhPc
                0x00000000      0x39c at_lcd.o
 .text._ZN4User6String10num_to_strElhPc
                0x00000000      0x660 at_lcd.o
 .rodata.str1.1
                0x00000000        0xe at_lcd.o
 .text._ZN4User6String10num_to_engEmahPc
                0x00000000      0x26a at_lcd.o
 .text._ZN4User6String10num_to_engElahPc
                0x00000000      0x2c2 at_lcd.o
 .text._ZN4User6String10num_to_engEmhPc
                0x00000000      0x26a at_lcd.o
 .text._ZN4User6String10num_to_engElhPc
                0x00000000      0x2c0 at_lcd.o
 .text._Z10lcd_confighh
                0x00000000       0x22 at_lcd.o
 .text._Z12lcd_print_u8hh
                0x00000000      0x118 at_lcd.o
 .text._Z12lcd_print_s8ha
                0x00000000      0x152 at_lcd.o
 .text          0x00000000        0x0 debug.o
 .data          0x00000000        0x0 debug.o
 .bss           0x00000000        0x0 debug.o
 .debug_line    0x00000000        0x0 debug.o
 .debug_str     0x00000000      0x181 debug.o
 .comment       0x00000000       0x31 debug.o
 .group         0x00000000        0x8 embedded_string.o
 .group         0x00000000        0x8 embedded_string.o
 .group         0x00000000        0x8 embedded_string.o
 .group         0x00000000        0x8 embedded_string.o
 .group         0x00000000        0x8 embedded_string.o
 .group         0x00000000        0x8 embedded_string.o
 .group         0x00000000        0x8 embedded_string.o
 .group         0x00000000        0x8 embedded_string.o
 .group         0x00000000        0x8 embedded_string.o
 .group         0x00000000        0x8 embedded_string.o
 .group         0x00000000        0x8 embedded_string.o
 .group         0x00000000        0x8 embedded_string.o
 .text          0x00000000        0x0 embedded_string.o
 .data          0x00000000        0x0 embedded_string.o
 .bss           0x00000000        0x0 embedded_string.o
 .text._ZN4User6StringC2Ev
                0x00000000        0x2 embedded_string.o
 .text._ZN4User6StringD2Ev
                0x00000000        0x2 embedded_string.o
 .text._ZN4User6String10num_to_strEhhPc
                0x00000000       0xde embedded_string.o
 .text._ZN4User6String10num_to_strEahPc
                0x00000000      0x122 embedded_string.o
 .rodata        0x00000000       0x3a embedded_string.o
 .text._ZN4User6String10num_to_strEjhPc
                0x00000000      0x1c2 embedded_string.o
 .text._ZN4User6String10num_to_strEihPc
                0x00000000      0x2ce embedded_string.o
 .text._ZN4User6String10num_to_strEmhPc
                0x00000000      0x39c embedded_string.o
 .text._ZN4User6String10num_to_strElhPc
                0x00000000      0x660 embedded_string.o
 .rodata.str1.1
                0x00000000        0xe embedded_string.o
 .text._ZN4User6String10num_to_engEmahPc
                0x00000000      0x26a embedded_string.o
 .text._ZN4User6String10num_to_engElahPc
                0x00000000      0x2c2 embedded_string.o
 .text._ZN4User6String10num_to_engEmhPc
                0x00000000      0x26a embedded_string.o
 .text._ZN4User6String10num_to_engElhPc
                0x00000000      0x2c0 embedded_string.o
 .debug_info    0x00000000     0x1315 embedded_string.o
 .debug_abbrev  0x00000000      0x262 embedded_string.o
 .debug_loc     0x00000000     0x335b embedded_string.o
 .debug_aranges
                0x00000000       0x78 embedded_string.o
 .debug_ranges  0x00000000       0xc8 embedded_string.o
 .debug_line    0x00000000     0x136a embedded_string.o
 .debug_str     0x00000000      0x554 embedded_string.o
 .comment       0x00000000       0x31 embedded_string.o
 .debug_frame   0x00000000      0x35c embedded_string.o
 .text          0x00000000        0x0 init.o
 .data          0x00000000        0x0 init.o
 .bss           0x00000000        0x0 init.o
 .text          0x00000000        0x0 int.o
 .data          0x00000000        0x0 int.o
 .bss           0x00000000        0x0 int.o
 .text.isfinite
                0x00000000       0x14 int.o
 .text.copysign
                0x00000000       0x16 int.o
 .text          0x00000000        0x0 main.o
 .data          0x00000000        0x0 main.o
 .bss           0x00000000        0x0 main.o
 .text.isfinite
                0x00000000       0x14 main.o
 .text.copysign
                0x00000000       0x16 main.o
 .text._Z17function_templatev
                0x00000000        0x2 main.o
 .text          0x00000000        0x0 parser_handlers.o
 .data          0x00000000        0x0 parser_handlers.o
 .bss           0x00000000        0x0 parser_handlers.o
 .text.isfinite
                0x00000000       0x14 parser_handlers.o
 .text.copysign
                0x00000000       0x16 parser_handlers.o
 .bss.g_f_timeout_detected
                0x00000000        0x1 parser_handlers.o
 .group         0x00000000        0x8 servo.o
 .text          0x00000000        0x0 servo.o
 .data          0x00000000        0x0 servo.o
 .bss           0x00000000        0x0 servo.o
 .text.isfinite
                0x00000000       0x14 servo.o
 .text.copysign
                0x00000000       0x16 servo.o
 .text._ZN9OrangeBot5Servo9get_errorEv
                0x00000000        0xa servo.o
 .text._ZN9OrangeBot5Servo9set_servoEhi
                0x00000000       0x60 servo.o
 .text._ZN9OrangeBot5Servo14error_recoveryEv
                0x00000000        0x4 servo.o
 .text._ZN9OrangeBot5Servo5dummyEv
                0x00000000        0x4 servo.o
 .text          0x00000000        0x0 string_uc.o
 .data          0x00000000        0x0 string_uc.o
 .bss           0x00000000        0x0 string_uc.o
 .text._ZN4User9String_ucC2Ev
                0x00000000        0x2 string_uc.o
 .text._ZN4User9String_ucD2Ev
                0x00000000        0x2 string_uc.o
 .text._ZN4User9String_uc9to_stringIaEEhT_Ph
                0x00000000       0x20 string_uc.o
 .rodata        0x00000000       0x32 string_uc.o
 .text._ZN4User9String_uc9to_stringIjEEhT_Ph
                0x00000000       0xb4 string_uc.o
 .text._ZN4User9String_uc9to_stringIiEEhT_Ph
                0x00000000       0x24 string_uc.o
 .text._ZN4User9String_uc9to_stringImEEhT_Ph
                0x00000000       0xea string_uc.o
 .text._ZN4User9String_uc9to_stringIlEEhT_Ph
                0x00000000       0x2c string_uc.o
 .text._ZN4User9String_uc5dummyEv
                0x00000000        0x4 string_uc.o
 .text          0x00000000        0x0 uart.o
 .data          0x00000000        0x0 uart.o
 .bss           0x00000000        0x0 uart.o
 .text.isfinite
                0x00000000       0x14 uart.o
 .text.copysign
                0x00000000       0x16 uart.o
 .text._ZN4User4Uart5dummyEv
                0x00000000        0x4 uart.o
 .group         0x00000000        0x8 uniparser.o
 .group         0x00000000        0x8 uniparser.o
 .group         0x00000000        0x8 uniparser.o
 .group         0x00000000        0x8 uniparser.o
 .group         0x00000000        0x8 uniparser.o
 .group         0x00000000        0x8 uniparser.o
 .group         0x00000000        0x8 uniparser.o
 .group         0x00000000        0x8 uniparser.o
 .group         0x00000000        0x8 uniparser.o
 .group         0x00000000        0x8 uniparser.o
 .group         0x00000000        0x8 uniparser.o
 .group         0x00000000        0x8 uniparser.o
 .group         0x00000000        0x8 uniparser.o
 .group         0x00000000        0x8 uniparser.o
 .text          0x00000000        0x0 uniparser.o
 .data          0x00000000        0x0 uniparser.o
 .bss           0x00000000        0x0 uniparser.o
 .text._ZN9Orangebot9Uniparser9get_errorEv
                0x00000000        0xa uniparser.o
 .text._ZN9Orangebot9Uniparser4initEv
                0x00000000       0x36 uniparser.o
 .text._ZN9Orangebot9Uniparser16init_arg_decoderEv
                0x00000000        0xa uniparser.o
 .text._ZN9Orangebot9Uniparser7set_argIhEEbhT_
                0x00000000       0x10 uniparser.o
 .text._ZN9Orangebot9Uniparser7set_argIaEEbhT_
                0x00000000       0x12 uniparser.o
 .text._ZN9Orangebot9Uniparser7set_argIjEEbhT_
                0x00000000       0x14 uniparser.o
 .text._ZN9Orangebot9Uniparser7set_argIiEEbhT_
                0x00000000       0x14 uniparser.o
 .text._ZN9Orangebot9Uniparser7set_argImEEbhT_
                0x00000000       0x18 uniparser.o
 .text._ZN9Orangebot9Uniparser7set_argIlEEbhT_
                0x00000000       0x18 uniparser.o
 .text._ZN9Orangebot9Uniparser7get_argIhEET_h
                0x00000000        0xe uniparser.o
 .text._ZN9Orangebot9Uniparser7get_argIaEET_h
                0x00000000       0x10 uniparser.o
 .text._ZN9Orangebot9Uniparser7get_argIjEET_h
                0x00000000       0x12 uniparser.o
 .text._ZN9Orangebot9Uniparser7get_argIiEET_h
                0x00000000       0x12 uniparser.o
 .text._ZN9Orangebot9Uniparser7get_argImEET_h
                0x00000000       0x16 uniparser.o
 .text._ZN9Orangebot9Uniparser7get_argIlEET_h
                0x00000000       0x16 uniparser.o
 .text          0x00000000        0x0 d:/programs/7.0/toolchain/avr8/avr8-gnu-toolchain/bin/../lib/gcc/avr/5.4.0/avrxmega3\libgcc.a(_udivmodqi4.o)
 .data          0x00000000        0x0 d:/programs/7.0/toolchain/avr8/avr8-gnu-toolchain/bin/../lib/gcc/avr/5.4.0/avrxmega3\libgcc.a(_udivmodqi4.o)
 .bss           0x00000000        0x0 d:/programs/7.0/toolchain/avr8/avr8-gnu-toolchain/bin/../lib/gcc/avr/5.4.0/avrxmega3\libgcc.a(_udivmodqi4.o)
 .text.libgcc.mul
                0x00000000        0x0 d:/programs/7.0/toolchain/avr8/avr8-gnu-toolchain/bin/../lib/gcc/avr/5.4.0/avrxmega3\libgcc.a(_udivmodqi4.o)
 .text.libgcc   0x00000000        0x0 d:/programs/7.0/toolchain/avr8/avr8-gnu-toolchain/bin/../lib/gcc/avr/5.4.0/avrxmega3\libgcc.a(_udivmodqi4.o)
 .text.libgcc.prologue
                0x00000000        0x0 d:/programs/7.0/toolchain/avr8/avr8-gnu-toolchain/bin/../lib/gcc/avr/5.4.0/avrxmega3\libgcc.a(_udivmodqi4.o)
 .text.libgcc.builtins
                0x00000000        0x0 d:/programs/7.0/toolchain/avr8/avr8-gnu-toolchain/bin/../lib/gcc/avr/5.4.0/avrxmega3\libgcc.a(_udivmodqi4.o)
 .text.libgcc.fmul
                0x00000000        0x0 d:/programs/7.0/toolchain/avr8/avr8-gnu-toolchain/bin/../lib/gcc/avr/5.4.0/avrxmega3\libgcc.a(_udivmodqi4.o)
 .text.libgcc.fixed
                0x00000000        0x0 d:/programs/7.0/toolchain/avr8/avr8-gnu-toolchain/bin/../lib/gcc/avr/5.4.0/avrxmega3\libgcc.a(_udivmodqi4.o)
 .text          0x00000000        0x0 d:/programs/7.0/toolchain/avr8/avr8-gnu-toolchain/bin/../lib/gcc/avr/5.4.0/avrxmega3\libgcc.a(_udivmodhi4.o)
 .data          0x00000000        0x0 d:/programs/7.0/toolchain/avr8/avr8-gnu-toolchain/bin/../lib/gcc/avr/5.4.0/avrxmega3\libgcc.a(_udivmodhi4.o)
 .bss           0x00000000        0x0 d:/programs/7.0/toolchain/avr8/avr8-gnu-toolchain/bin/../lib/gcc/avr/5.4.0/avrxmega3\libgcc.a(_udivmodhi4.o)
 .text.libgcc.mul
                0x00000000        0x0 d:/programs/7.0/toolchain/avr8/avr8-gnu-toolchain/bin/../lib/gcc/avr/5.4.0/avrxmega3\libgcc.a(_udivmodhi4.o)
 .text.libgcc   0x00000000        0x0 d:/programs/7.0/toolchain/avr8/avr8-gnu-toolchain/bin/../lib/gcc/avr/5.4.0/avrxmega3\libgcc.a(_udivmodhi4.o)
 .text.libgcc.prologue
                0x00000000        0x0 d:/programs/7.0/toolchain/avr8/avr8-gnu-toolchain/bin/../lib/gcc/avr/5.4.0/avrxmega3\libgcc.a(_udivmodhi4.o)
 .text.libgcc.builtins
                0x00000000        0x0 d:/programs/7.0/toolchain/avr8/avr8-gnu-toolchain/bin/../lib/gcc/avr/5.4.0/avrxmega3\libgcc.a(_udivmodhi4.o)
 .text.libgcc.fmul
                0x00000000        0x0 d:/programs/7.0/toolchain/avr8/avr8-gnu-toolchain/bin/../lib/gcc/avr/5.4.0/avrxmega3\libgcc.a(_udivmodhi4.o)
 .text.libgcc.fixed
                0x00000000        0x0 d:/programs/7.0/toolchain/avr8/avr8-gnu-toolchain/bin/../lib/gcc/avr/5.4.0/avrxmega3\libgcc.a(_udivmodhi4.o)
 .text          0x00000000        0x0 d:/programs/7.0/toolchain/avr8/avr8-gnu-toolchain/bin/../lib/gcc/avr/5.4.0/avrxmega3\libgcc.a(_divmodhi4.o)
 .data          0x00000000        0x0 d:/programs/7.0/toolchain/avr8/avr8-gnu-toolchain/bin/../lib/gcc/avr/5.4.0/avrxmega3\libgcc.a(_divmodhi4.o)
 .bss           0x00000000        0x0 d:/programs/7.0/toolchain/avr8/avr8-gnu-toolchain/bin/../lib/gcc/avr/5.4.0/avrxmega3\libgcc.a(_divmodhi4.o)
 .text.libgcc.mul
                0x00000000        0x0 d:/programs/7.0/toolchain/avr8/avr8-gnu-toolchain/bin/../lib/gcc/avr/5.4.0/avrxmega3\libgcc.a(_divmodhi4.o)
 .text.libgcc.div
                0x00000000       0x28 d:/programs/7.0/toolchain/avr8/avr8-gnu-toolchain/bin/../lib/gcc/avr/5.4.0/avrxmega3\libgcc.a(_divmodhi4.o)
 .text.libgcc   0x00000000        0x0 d:/programs/7.0/toolchain/avr8/avr8-gnu-toolchain/bin/../lib/gcc/avr/5.4.0/avrxmega3\libgcc.a(_divmodhi4.o)
 .text.libgcc.prologue
                0x00000000        0x0 d:/programs/7.0/toolchain/avr8/avr8-gnu-toolchain/bin/../lib/gcc/avr/5.4.0/avrxmega3\libgcc.a(_divmodhi4.o)
 .text.libgcc.builtins
                0x00000000        0x0 d:/programs/7.0/toolchain/avr8/avr8-gnu-toolchain/bin/../lib/gcc/avr/5.4.0/avrxmega3\libgcc.a(_divmodhi4.o)
 .text.libgcc.fmul
                0x00000000        0x0 d:/programs/7.0/toolchain/avr8/avr8-gnu-toolchain/bin/../lib/gcc/avr/5.4.0/avrxmega3\libgcc.a(_divmodhi4.o)
 .text.libgcc.fixed
                0x00000000        0x0 d:/programs/7.0/toolchain/avr8/avr8-gnu-toolchain/bin/../lib/gcc/avr/5.4.0/avrxmega3\libgcc.a(_divmodhi4.o)
 .text          0x00000000        0x0 d:/programs/7.0/toolchain/avr8/avr8-gnu-toolchain/bin/../lib/gcc/avr/5.4.0/avrxmega3\libgcc.a(_udivmodsi4.o)
 .data          0x00000000        0x0 d:/programs/7.0/toolchain/avr8/avr8-gnu-toolchain/bin/../lib/gcc/avr/5.4.0/avrxmega3\libgcc.a(_udivmodsi4.o)
 .bss           0x00000000        0x0 d:/programs/7.0/toolchain/avr8/avr8-gnu-toolchain/bin/../lib/gcc/avr/5.4.0/avrxmega3\libgcc.a(_udivmodsi4.o)
 .text.libgcc.mul
                0x00000000        0x0 d:/programs/7.0/toolchain/avr8/avr8-gnu-toolchain/bin/../lib/gcc/avr/5.4.0/avrxmega3\libgcc.a(_udivmodsi4.o)
 .text.libgcc   0x00000000        0x0 d:/programs/7.0/toolchain/avr8/avr8-gnu-toolchain/bin/../lib/gcc/avr/5.4.0/avrxmega3\libgcc.a(_udivmodsi4.o)
 .text.libgcc.prologue
                0x00000000        0x0 d:/programs/7.0/toolchain/avr8/avr8-gnu-toolchain/bin/../lib/gcc/avr/5.4.0/avrxmega3\libgcc.a(_udivmodsi4.o)
 .text.libgcc.builtins
                0x00000000        0x0 d:/programs/7.0/toolchain/avr8/avr8-gnu-toolchain/bin/../lib/gcc/avr/5.4.0/avrxmega3\libgcc.a(_udivmodsi4.o)
 .text.libgcc.fmul
                0x00000000        0x0 d:/programs/7.0/toolchain/avr8/avr8-gnu-toolchain/bin/../lib/gcc/avr/5.4.0/avrxmega3\libgcc.a(_udivmodsi4.o)
 .text.libgcc.fixed
                0x00000000        0x0 d:/programs/7.0/toolchain/avr8/avr8-gnu-toolchain/bin/../lib/gcc/avr/5.4.0/avrxmega3\libgcc.a(_udivmodsi4.o)
 .text          0x00000000        0x0 d:/programs/7.0/toolchain/avr8/avr8-gnu-toolchain/bin/../lib/gcc/avr/5.4.0/avrxmega3\libgcc.a(_exit.o)
 .data          0x00000000        0x0 d:/programs/7.0/toolchain/avr8/avr8-gnu-toolchain/bin/../lib/gcc/avr/5.4.0/avrxmega3\libgcc.a(_exit.o)
 .bss           0x00000000        0x0 d:/programs/7.0/toolchain/avr8/avr8-gnu-toolchain/bin/../lib/gcc/avr/5.4.0/avrxmega3\libgcc.a(_exit.o)
 .text.libgcc.mul
                0x00000000        0x0 d:/programs/7.0/toolchain/avr8/avr8-gnu-toolchain/bin/../lib/gcc/avr/5.4.0/avrxmega3\libgcc.a(_exit.o)
 .text.libgcc.div
                0x00000000        0x0 d:/programs/7.0/toolchain/avr8/avr8-gnu-toolchain/bin/../lib/gcc/avr/5.4.0/avrxmega3\libgcc.a(_exit.o)
 .text.libgcc   0x00000000        0x0 d:/programs/7.0/toolchain/avr8/avr8-gnu-toolchain/bin/../lib/gcc/avr/5.4.0/avrxmega3\libgcc.a(_exit.o)
 .text.libgcc.prologue
                0x00000000        0x0 d:/programs/7.0/toolchain/avr8/avr8-gnu-toolchain/bin/../lib/gcc/avr/5.4.0/avrxmega3\libgcc.a(_exit.o)
 .text.libgcc.builtins
                0x00000000        0x0 d:/programs/7.0/toolchain/avr8/avr8-gnu-toolchain/bin/../lib/gcc/avr/5.4.0/avrxmega3\libgcc.a(_exit.o)
 .text.libgcc.fmul
                0x00000000        0x0 d:/programs/7.0/toolchain/avr8/avr8-gnu-toolchain/bin/../lib/gcc/avr/5.4.0/avrxmega3\libgcc.a(_exit.o)
 .text.libgcc.fixed
                0x00000000        0x0 d:/programs/7.0/toolchain/avr8/avr8-gnu-toolchain/bin/../lib/gcc/avr/5.4.0/avrxmega3\libgcc.a(_exit.o)
 .text          0x00000000        0x0 d:/programs/7.0/toolchain/avr8/avr8-gnu-toolchain/bin/../lib/gcc/avr/5.4.0/avrxmega3\libgcc.a(_tablejump2.o)
 .data          0x00000000        0x0 d:/programs/7.0/toolchain/avr8/avr8-gnu-toolchain/bin/../lib/gcc/avr/5.4.0/avrxmega3\libgcc.a(_tablejump2.o)
 .bss           0x00000000        0x0 d:/programs/7.0/toolchain/avr8/avr8-gnu-toolchain/bin/../lib/gcc/avr/5.4.0/avrxmega3\libgcc.a(_tablejump2.o)
 .text.libgcc.mul
                0x00000000        0x0 d:/programs/7.0/toolchain/avr8/avr8-gnu-toolchain/bin/../lib/gcc/avr/5.4.0/avrxmega3\libgcc.a(_tablejump2.o)
 .text.libgcc.div
                0x00000000        0x0 d:/programs/7.0/toolchain/avr8/avr8-gnu-toolchain/bin/../lib/gcc/avr/5.4.0/avrxmega3\libgcc.a(_tablejump2.o)
 .text.libgcc.prologue
                0x00000000        0x0 d:/programs/7.0/toolchain/avr8/avr8-gnu-toolchain/bin/../lib/gcc/avr/5.4.0/avrxmega3\libgcc.a(_tablejump2.o)
 .text.libgcc.builtins
                0x00000000        0x0 d:/programs/7.0/toolchain/avr8/avr8-gnu-toolchain/bin/../lib/gcc/avr/5.4.0/avrxmega3\libgcc.a(_tablejump2.o)
 .text.libgcc.fmul
                0x00000000        0x0 d:/programs/7.0/toolchain/avr8/avr8-gnu-toolchain/bin/../lib/gcc/avr/5.4.0/avrxmega3\libgcc.a(_tablejump2.o)
 .text.libgcc.fixed
                0x00000000        0x0 d:/programs/7.0/toolchain/avr8/avr8-gnu-toolchain/bin/../lib/gcc/avr/5.4.0/avrxmega3\libgcc.a(_tablejump2.o)
 .text          0x00000000        0x0 d:/programs/7.0/toolchain/avr8/avr8-gnu-toolchain/bin/../lib/gcc/avr/5.4.0/avrxmega3\libgcc.a(_copy_data.o)
 .data          0x00000000        0x0 d:/programs/7.0/toolchain/avr8/avr8-gnu-toolchain/bin/../lib/gcc/avr/5.4.0/avrxmega3\libgcc.a(_copy_data.o)
 .bss           0x00000000        0x0 d:/programs/7.0/toolchain/avr8/avr8-gnu-toolchain/bin/../lib/gcc/avr/5.4.0/avrxmega3\libgcc.a(_copy_data.o)
 .text.libgcc.mul
                0x00000000        0x0 d:/programs/7.0/toolchain/avr8/avr8-gnu-toolchain/bin/../lib/gcc/avr/5.4.0/avrxmega3\libgcc.a(_copy_data.o)
 .text.libgcc.div
                0x00000000        0x0 d:/programs/7.0/toolchain/avr8/avr8-gnu-toolchain/bin/../lib/gcc/avr/5.4.0/avrxmega3\libgcc.a(_copy_data.o)
 .text.libgcc   0x00000000        0x0 d:/programs/7.0/toolchain/avr8/avr8-gnu-toolchain/bin/../lib/gcc/avr/5.4.0/avrxmega3\libgcc.a(_copy_data.o)
 .text.libgcc.prologue
                0x00000000        0x0 d:/programs/7.0/toolchain/avr8/avr8-gnu-toolchain/bin/../lib/gcc/avr/5.4.0/avrxmega3\libgcc.a(_copy_data.o)
 .text.libgcc.builtins
                0x00000000        0x0 d:/programs/7.0/toolchain/avr8/avr8-gnu-toolchain/bin/../lib/gcc/avr/5.4.0/avrxmega3\libgcc.a(_copy_data.o)
 .text.libgcc.fmul
                0x00000000        0x0 d:/programs/7.0/toolchain/avr8/avr8-gnu-toolchain/bin/../lib/gcc/avr/5.4.0/avrxmega3\libgcc.a(_copy_data.o)
 .text.libgcc.fixed
                0x00000000        0x0 d:/programs/7.0/toolchain/avr8/avr8-gnu-toolchain/bin/../lib/gcc/avr/5.4.0/avrxmega3\libgcc.a(_copy_data.o)
 .text          0x00000000        0x0 d:/programs/7.0/toolchain/avr8/avr8-gnu-toolchain/bin/../lib/gcc/avr/5.4.0/avrxmega3\libgcc.a(_clear_bss.o)
 .data          0x00000000        0x0 d:/programs/7.0/toolchain/avr8/avr8-gnu-toolchain/bin/../lib/gcc/avr/5.4.0/avrxmega3\libgcc.a(_clear_bss.o)
 .bss           0x00000000        0x0 d:/programs/7.0/toolchain/avr8/avr8-gnu-toolchain/bin/../lib/gcc/avr/5.4.0/avrxmega3\libgcc.a(_clear_bss.o)
 .text.libgcc.mul
                0x00000000        0x0 d:/programs/7.0/toolchain/avr8/avr8-gnu-toolchain/bin/../lib/gcc/avr/5.4.0/avrxmega3\libgcc.a(_clear_bss.o)
 .text.libgcc.div
                0x00000000        0x0 d:/programs/7.0/toolchain/avr8/avr8-gnu-toolchain/bin/../lib/gcc/avr/5.4.0/avrxmega3\libgcc.a(_clear_bss.o)
 .text.libgcc   0x00000000        0x0 d:/programs/7.0/toolchain/avr8/avr8-gnu-toolchain/bin/../lib/gcc/avr/5.4.0/avrxmega3\libgcc.a(_clear_bss.o)
 .text.libgcc.prologue
                0x00000000        0x0 d:/programs/7.0/toolchain/avr8/avr8-gnu-toolchain/bin/../lib/gcc/avr/5.4.0/avrxmega3\libgcc.a(_clear_bss.o)
 .text.libgcc.builtins
                0x00000000        0x0 d:/programs/7.0/toolchain/avr8/avr8-gnu-toolchain/bin/../lib/gcc/avr/5.4.0/avrxmega3\libgcc.a(_clear_bss.o)
 .text.libgcc.fmul
                0x00000000        0x0 d:/programs/7.0/toolchain/avr8/avr8-gnu-toolchain/bin/../lib/gcc/avr/5.4.0/avrxmega3\libgcc.a(_clear_bss.o)
 .text.libgcc.fixed
                0x00000000        0x0 d:/programs/7.0/toolchain/avr8/avr8-gnu-toolchain/bin/../lib/gcc/avr/5.4.0/avrxmega3\libgcc.a(_clear_bss.o)
 .text          0x00000000        0x0 d:/programs/7.0/toolchain/avr8/avr8-gnu-toolchain/bin/../lib/gcc/avr/5.4.0/avrxmega3\libgcc.a(_ctors.o)
 .data          0x00000000        0x0 d:/programs/7.0/toolchain/avr8/avr8-gnu-toolchain/bin/../lib/gcc/avr/5.4.0/avrxmega3\libgcc.a(_ctors.o)
 .bss           0x00000000        0x0 d:/programs/7.0/toolchain/avr8/avr8-gnu-toolchain/bin/../lib/gcc/avr/5.4.0/avrxmega3\libgcc.a(_ctors.o)
 .text.libgcc.mul
                0x00000000        0x0 d:/programs/7.0/toolchain/avr8/avr8-gnu-toolchain/bin/../lib/gcc/avr/5.4.0/avrxmega3\libgcc.a(_ctors.o)
 .text.libgcc.div
                0x00000000        0x0 d:/programs/7.0/toolchain/avr8/avr8-gnu-toolchain/bin/../lib/gcc/avr/5.4.0/avrxmega3\libgcc.a(_ctors.o)
 .text.libgcc   0x00000000        0x0 d:/programs/7.0/toolchain/avr8/avr8-gnu-toolchain/bin/../lib/gcc/avr/5.4.0/avrxmega3\libgcc.a(_ctors.o)
 .text.libgcc.prologue
                0x00000000        0x0 d:/programs/7.0/toolchain/avr8/avr8-gnu-toolchain/bin/../lib/gcc/avr/5.4.0/avrxmega3\libgcc.a(_ctors.o)
 .text.libgcc.builtins
                0x00000000        0x0 d:/programs/7.0/toolchain/avr8/avr8-gnu-toolchain/bin/../lib/gcc/avr/5.4.0/avrxmega3\libgcc.a(_ctors.o)
 .text.libgcc.fmul
                0x00000000        0x0 d:/programs/7.0/toolchain/avr8/avr8-gnu-toolchain/bin/../lib/gcc/avr/5.4.0/avrxmega3\libgcc.a(_ctors.o)
 .text.libgcc.fixed
                0x00000000        0x0 d:/programs/7.0/toolchain/avr8/avr8-gnu-toolchain/bin/../lib/gcc/avr/5.4.0/avrxmega3\libgcc.a(_ctors.o)
 .text          0x00000000        0x0 d:/programs/7.0/toolchain/avr8/avr8-gnu-toolchain/bin/../lib/gcc/avr/5.4.0/avrxmega3\libgcc.a(_dtors.o)
 .data          0x00000000        0x0 d:/programs/7.0/toolchain/avr8/avr8-gnu-toolchain/bin/../lib/gcc/avr/5.4.0/avrxmega3\libgcc.a(_dtors.o)
 .bss           0x00000000        0x0 d:/programs/7.0/toolchain/avr8/avr8-gnu-toolchain/bin/../lib/gcc/avr/5.4.0/avrxmega3\libgcc.a(_dtors.o)
 .text.libgcc.mul
                0x00000000        0x0 d:/programs/7.0/toolchain/avr8/avr8-gnu-toolchain/bin/../lib/gcc/avr/5.4.0/avrxmega3\libgcc.a(_dtors.o)
 .text.libgcc.div
                0x00000000        0x0 d:/programs/7.0/toolchain/avr8/avr8-gnu-toolchain/bin/../lib/gcc/avr/5.4.0/avrxmega3\libgcc.a(_dtors.o)
 .text.libgcc   0x00000000        0x0 d:/programs/7.0/toolchain/avr8/avr8-gnu-toolchain/bin/../lib/gcc/avr/5.4.0/avrxmega3\libgcc.a(_dtors.o)
 .text.libgcc.prologue
                0x00000000        0x0 d:/programs/7.0/toolchain/avr8/avr8-gnu-toolchain/bin/../lib/gcc/avr/5.4.0/avrxmega3\libgcc.a(_dtors.o)
 .text.libgcc.builtins
                0x00000000        0x0 d:/programs/7.0/toolchain/avr8/avr8-gnu-toolchain/bin/../lib/gcc/avr/5.4.0/avrxmega3\libgcc.a(_dtors.o)
 .text.libgcc.fmul
                0x00000000        0x0 d:/programs/7.0/toolchain/avr8/avr8-gnu-toolchain/bin/../lib/gcc/avr/5.4.0/avrxmega3\libgcc.a(_dtors.o)
 .text.libgcc.fixed
                0x00000000        0x0 d:/programs/7.0/toolchain/avr8/avr8-gnu-toolchain/bin/../lib/gcc/avr/5.4.0/avrxmega3\libgcc.a(_dtors.o)
 .text          0x00000000        0x0 d:/programs/7.0/toolchain/avr8/avr8-gnu-toolchain/bin/../lib/gcc/avr/5.4.0/avrxmega3\libgcc.a(_umulhisi3.o)
 .data          0x00000000        0x0 d:/programs/7.0/toolchain/avr8/avr8-gnu-toolchain/bin/../lib/gcc/avr/5.4.0/avrxmega3\libgcc.a(_umulhisi3.o)
 .bss           0x00000000        0x0 d:/programs/7.0/toolchain/avr8/avr8-gnu-toolchain/bin/../lib/gcc/avr/5.4.0/avrxmega3\libgcc.a(_umulhisi3.o)
 .text.libgcc.div
                0x00000000        0x0 d:/programs/7.0/toolchain/avr8/avr8-gnu-toolchain/bin/../lib/gcc/avr/5.4.0/avrxmega3\libgcc.a(_umulhisi3.o)
 .text.libgcc   0x00000000        0x0 d:/programs/7.0/toolchain/avr8/avr8-gnu-toolchain/bin/../lib/gcc/avr/5.4.0/avrxmega3\libgcc.a(_umulhisi3.o)
 .text.libgcc.prologue
                0x00000000        0x0 d:/programs/7.0/toolchain/avr8/avr8-gnu-toolchain/bin/../lib/gcc/avr/5.4.0/avrxmega3\libgcc.a(_umulhisi3.o)
 .text.libgcc.builtins
                0x00000000        0x0 d:/programs/7.0/toolchain/avr8/avr8-gnu-toolchain/bin/../lib/gcc/avr/5.4.0/avrxmega3\libgcc.a(_umulhisi3.o)
 .text.libgcc.fmul
                0x00000000        0x0 d:/programs/7.0/toolchain/avr8/avr8-gnu-toolchain/bin/../lib/gcc/avr/5.4.0/avrxmega3\libgcc.a(_umulhisi3.o)
 .text.libgcc.fixed
                0x00000000        0x0 d:/programs/7.0/toolchain/avr8/avr8-gnu-toolchain/bin/../lib/gcc/avr/5.4.0/avrxmega3\libgcc.a(_umulhisi3.o)
 .text          0x00000000        0x0 d:/programs/7.0/toolchain/avr8/avr8-gnu-toolchain/bin/../lib/gcc/avr/5.4.0/avrxmega3\libgcc.a(_muluhisi3.o)
 .data          0x00000000        0x0 d:/programs/7.0/toolchain/avr8/avr8-gnu-toolchain/bin/../lib/gcc/avr/5.4.0/avrxmega3\libgcc.a(_muluhisi3.o)
 .bss           0x00000000        0x0 d:/programs/7.0/toolchain/avr8/avr8-gnu-toolchain/bin/../lib/gcc/avr/5.4.0/avrxmega3\libgcc.a(_muluhisi3.o)
 .text.libgcc.div
                0x00000000        0x0 d:/programs/7.0/toolchain/avr8/avr8-gnu-toolchain/bin/../lib/gcc/avr/5.4.0/avrxmega3\libgcc.a(_muluhisi3.o)
 .text.libgcc   0x00000000        0x0 d:/programs/7.0/toolchain/avr8/avr8-gnu-toolchain/bin/../lib/gcc/avr/5.4.0/avrxmega3\libgcc.a(_muluhisi3.o)
 .text.libgcc.prologue
                0x00000000        0x0 d:/programs/7.0/toolchain/avr8/avr8-gnu-toolchain/bin/../lib/gcc/avr/5.4.0/avrxmega3\libgcc.a(_muluhisi3.o)
 .text.libgcc.builtins
                0x00000000        0x0 d:/programs/7.0/toolchain/avr8/avr8-gnu-toolchain/bin/../lib/gcc/avr/5.4.0/avrxmega3\libgcc.a(_muluhisi3.o)
 .text.libgcc.fmul
                0x00000000        0x0 d:/programs/7.0/toolchain/avr8/avr8-gnu-toolchain/bin/../lib/gcc/avr/5.4.0/avrxmega3\libgcc.a(_muluhisi3.o)
 .text.libgcc.fixed
                0x00000000        0x0 d:/programs/7.0/toolchain/avr8/avr8-gnu-toolchain/bin/../lib/gcc/avr/5.4.0/avrxmega3\libgcc.a(_muluhisi3.o)
 .text          0x00000000        0x0 d:/programs/7.0/toolchain/avr8/avr8-gnu-toolchain/bin/../lib/gcc/avr/5.4.0/../../../../avr/lib/avrxmega3\libc.a(rand.o)
 .bss           0x00000000        0x0 d:/programs/7.0/toolchain/avr8/avr8-gnu-toolchain/bin/../lib/gcc/avr/5.4.0/../../../../avr/lib/avrxmega3\libc.a(rand.o)
 .text          0x00000000        0x0 d:/programs/7.0/toolchain/avr8/avr8-gnu-toolchain/bin/../lib/gcc/avr/5.4.0/avrxmega3\libgcc.a(_divmodsi4.o)
 .data          0x00000000        0x0 d:/programs/7.0/toolchain/avr8/avr8-gnu-toolchain/bin/../lib/gcc/avr/5.4.0/avrxmega3\libgcc.a(_divmodsi4.o)
 .bss           0x00000000        0x0 d:/programs/7.0/toolchain/avr8/avr8-gnu-toolchain/bin/../lib/gcc/avr/5.4.0/avrxmega3\libgcc.a(_divmodsi4.o)
 .text.libgcc.mul
                0x00000000        0x0 d:/programs/7.0/toolchain/avr8/avr8-gnu-toolchain/bin/../lib/gcc/avr/5.4.0/avrxmega3\libgcc.a(_divmodsi4.o)
 .text.libgcc   0x00000000        0x0 d:/programs/7.0/toolchain/avr8/avr8-gnu-toolchain/bin/../lib/gcc/avr/5.4.0/avrxmega3\libgcc.a(_divmodsi4.o)
 .text.libgcc.prologue
                0x00000000        0x0 d:/programs/7.0/toolchain/avr8/avr8-gnu-toolchain/bin/../lib/gcc/avr/5.4.0/avrxmega3\libgcc.a(_divmodsi4.o)
 .text.libgcc.builtins
                0x00000000        0x0 d:/programs/7.0/toolchain/avr8/avr8-gnu-toolchain/bin/../lib/gcc/avr/5.4.0/avrxmega3\libgcc.a(_divmodsi4.o)
 .text.libgcc.fmul
                0x00000000        0x0 d:/programs/7.0/toolchain/avr8/avr8-gnu-toolchain/bin/../lib/gcc/avr/5.4.0/avrxmega3\libgcc.a(_divmodsi4.o)
 .text.libgcc.fixed
                0x00000000        0x0 d:/programs/7.0/toolchain/avr8/avr8-gnu-toolchain/bin/../lib/gcc/avr/5.4.0/avrxmega3\libgcc.a(_divmodsi4.o)
 .text          0x00000000        0x0 d:/programs/7.0/toolchain/avr8/avr8-gnu-toolchain/bin/../lib/gcc/avr/5.4.0/avrxmega3\libgcc.a(_negsi2.o)
 .data          0x00000000        0x0 d:/programs/7.0/toolchain/avr8/avr8-gnu-toolchain/bin/../lib/gcc/avr/5.4.0/avrxmega3\libgcc.a(_negsi2.o)
 .bss           0x00000000        0x0 d:/programs/7.0/toolchain/avr8/avr8-gnu-toolchain/bin/../lib/gcc/avr/5.4.0/avrxmega3\libgcc.a(_negsi2.o)
 .text.libgcc.mul
                0x00000000        0x0 d:/programs/7.0/toolchain/avr8/avr8-gnu-toolchain/bin/../lib/gcc/avr/5.4.0/avrxmega3\libgcc.a(_negsi2.o)
 .text.libgcc   0x00000000        0x0 d:/programs/7.0/toolchain/avr8/avr8-gnu-toolchain/bin/../lib/gcc/avr/5.4.0/avrxmega3\libgcc.a(_negsi2.o)
 .text.libgcc.prologue
                0x00000000        0x0 d:/programs/7.0/toolchain/avr8/avr8-gnu-toolchain/bin/../lib/gcc/avr/5.4.0/avrxmega3\libgcc.a(_negsi2.o)
 .text.libgcc.builtins
                0x00000000        0x0 d:/programs/7.0/toolchain/avr8/avr8-gnu-toolchain/bin/../lib/gcc/avr/5.4.0/avrxmega3\libgcc.a(_negsi2.o)
 .text.libgcc.fmul
                0x00000000        0x0 d:/programs/7.0/toolchain/avr8/avr8-gnu-toolchain/bin/../lib/gcc/avr/5.4.0/avrxmega3\libgcc.a(_negsi2.o)
 .text.libgcc.fixed
                0x00000000        0x0 d:/programs/7.0/toolchain/avr8/avr8-gnu-toolchain/bin/../lib/gcc/avr/5.4.0/avrxmega3\libgcc.a(_negsi2.o)
 .text          0x00000000        0x0 d:/programs/7.0/toolchain/avr8/avr8-gnu-toolchain/bin/../lib/gcc/avr/5.4.0/avrxmega3\libgcc.a(_mulshisi3.o)
 .data          0x00000000        0x0 d:/programs/7.0/toolchain/avr8/avr8-gnu-toolchain/bin/../lib/gcc/avr/5.4.0/avrxmega3\libgcc.a(_mulshisi3.o)
 .bss           0x00000000        0x0 d:/programs/7.0/toolchain/avr8/avr8-gnu-toolchain/bin/../lib/gcc/avr/5.4.0/avrxmega3\libgcc.a(_mulshisi3.o)
 .text.libgcc.div
                0x00000000        0x0 d:/programs/7.0/toolchain/avr8/avr8-gnu-toolchain/bin/../lib/gcc/avr/5.4.0/avrxmega3\libgcc.a(_mulshisi3.o)
 .text.libgcc   0x00000000        0x0 d:/programs/7.0/toolchain/avr8/avr8-gnu-toolchain/bin/../lib/gcc/avr/5.4.0/avrxmega3\libgcc.a(_mulshisi3.o)
 .text.libgcc.prologue
                0x00000000        0x0 d:/programs/7.0/toolchain/avr8/avr8-gnu-toolchain/bin/../lib/gcc/avr/5.4.0/avrxmega3\libgcc.a(_mulshisi3.o)
 .text.libgcc.builtins
                0x00000000        0x0 d:/programs/7.0/toolchain/avr8/avr8-gnu-toolchain/bin/../lib/gcc/avr/5.4.0/avrxmega3\libgcc.a(_mulshisi3.o)
 .text.libgcc.fmul
                0x00000000        0x0 d:/programs/7.0/toolchain/avr8/avr8-gnu-toolchain/bin/../lib/gcc/avr/5.4.0/avrxmega3\libgcc.a(_mulshisi3.o)
 .text.libgcc.fixed
                0x00000000        0x0 d:/programs/7.0/toolchain/avr8/avr8-gnu-toolchain/bin/../lib/gcc/avr/5.4.0/avrxmega3\libgcc.a(_mulshisi3.o)

Memory Configuration

Name             Origin             Length             Attributes
text             0x00000000         0x0000c000         xr
data             0x00802800         0x00001800         rw !x
eeprom           0x00810000         0x00000100         rw !x
fuse             0x00820000         0x0000000a         rw !x
lock             0x00830000         0x00000400         rw !x
signature        0x00840000         0x00000400         rw !x
user_signatures  0x00850000         0x00000400         rw !x
*default*        0x00000000         0xffffffff

Linker script and memory map

Address of section .data set to 0x802800
                0x00004000                __RODATA_PM_OFFSET__ = 0x4000
LOAD D:/Programs/7.0/Packs/Atmel/ATmega_DFP/1.7.374/gcc/dev/atmega4809/avrxmega3/crtatmega4809.o
LOAD at_lcd.o
LOAD debug.o
LOAD embedded_string.o
LOAD init.o
LOAD int.o
LOAD main.o
LOAD parser_handlers.o
LOAD servo.o
LOAD string_uc.o
LOAD uart.o
LOAD uniparser.o
START GROUP
LOAD d:/programs/7.0/toolchain/avr8/avr8-gnu-toolchain/bin/../lib/gcc/avr/5.4.0/../../../../avr/lib/avrxmega3\libm.a
END GROUP
LOAD d:/programs/7.0/toolchain/avr8/avr8-gnu-toolchain/bin/../lib/gcc/avr/5.4.0/avrxmega3\libgcc.a
LOAD d:/programs/7.0/toolchain/avr8/avr8-gnu-toolchain/bin/../lib/gcc/avr/5.4.0/../../../../avr/lib/avrxmega3\libm.a
START GROUP
LOAD d:/programs/7.0/toolchain/avr8/avr8-gnu-toolchain/bin/../lib/gcc/avr/5.4.0/avrxmega3\libgcc.a
LOAD d:/programs/7.0/toolchain/avr8/avr8-gnu-toolchain/bin/../lib/gcc/avr/5.4.0/../../../../avr/lib/avrxmega3\libm.a
LOAD d:/programs/7.0/toolchain/avr8/avr8-gnu-toolchain/bin/../lib/gcc/avr/5.4.0/../../../../avr/lib/avrxmega3\libc.a
LOAD D:/Programs/7.0/Packs/Atmel/ATmega_DFP/1.7.374/gcc/dev/atmega4809/avrxmega3\libatmega4809.a
END GROUP
                [0x00000000]                __TEXT_REGION_ORIGIN__ = DEFINED (__TEXT_REGION_ORIGIN__)?__TEXT_REGION_ORIGIN__:0x0
                [0x00802800]                __DATA_REGION_ORIGIN__ = DEFINED (__DATA_REGION_ORIGIN__)?__DATA_REGION_ORIGIN__:0x802000
                [0x0000c000]                __TEXT_REGION_LENGTH__ = DEFINED (__TEXT_REGION_LENGTH__)?__TEXT_REGION_LENGTH__:0x100000
                [0x00001800]                __DATA_REGION_LENGTH__ = DEFINED (__DATA_REGION_LENGTH__)?__DATA_REGION_LENGTH__:0xffa0
                [0x00000100]                __EEPROM_REGION_LENGTH__ = DEFINED (__EEPROM_REGION_LENGTH__)?__EEPROM_REGION_LENGTH__:0x10000
                [0x0000000a]                __FUSE_REGION_LENGTH__ = DEFINED (__FUSE_REGION_LENGTH__)?__FUSE_REGION_LENGTH__:0x400
                0x00000400                __LOCK_REGION_LENGTH__ = DEFINED (__LOCK_REGION_LENGTH__)?__LOCK_REGION_LENGTH__:0x400
                0x00000400                __SIGNATURE_REGION_LENGTH__ = DEFINED (__SIGNATURE_REGION_LENGTH__)?__SIGNATURE_REGION_LENGTH__:0x400
                0x00000400                __USER_SIGNATURE_REGION_LENGTH__ = DEFINED (__USER_SIGNATURE_REGION_LENGTH__)?__USER_SIGNATURE_REGION_LENGTH__:0x400
                0x00008000                __RODATA_PM_OFFSET__ = DEFINED (__RODATA_PM_OFFSET__)?__RODATA_PM_OFFSET__:0x8000

.hash
 *(.hash)

.dynsym
 *(.dynsym)

.dynstr
 *(.dynstr)

.gnu.version
 *(.gnu.version)

.gnu.version_d
 *(.gnu.version_d)

.gnu.version_r
 *(.gnu.version_r)

.rel.init
 *(.rel.init)

.rela.init
 *(.rela.init)

.rel.text
 *(.rel.text)
 *(.rel.text.*)
 *(.rel.gnu.linkonce.t*)

.rela.text
 *(.rela.text)
 *(.rela.text.*)
 *(.rela.gnu.linkonce.t*)

.rel.fini
 *(.rel.fini)

.rela.fini
 *(.rela.fini)

.rel.rodata
 *(.rel.rodata)
 *(.rel.rodata.*)
 *(.rel.gnu.linkonce.r*)

.rela.rodata
 *(.rela.rodata)
 *(.rela.rodata.*)
 *(.rela.gnu.linkonce.r*)

.rel.data
 *(.rel.data)
 *(.rel.data.*)
 *(.rel.gnu.linkonce.d*)

.rela.data
 *(.rela.data)
 *(.rela.data.*)
 *(.rela.gnu.linkonce.d*)

.rel.ctors
 *(.rel.ctors)

.rela.ctors
 *(.rela.ctors)

.rel.dtors
 *(.rel.dtors)

.rela.dtors
 *(.rela.dtors)

.rel.got
 *(.rel.got)

.rela.got
 *(.rela.got)

.rel.bss
 *(.rel.bss)

.rela.bss
 *(.rela.bss)

.rel.plt
 *(.rel.plt)

.rela.plt
 *(.rela.plt)

.text           0x00000000     0x3560
 *(.vectors)
 .vectors       0x00000000       0xa0 D:/Programs/7.0/Packs/Atmel/ATmega_DFP/1.7.374/gcc/dev/atmega4809/avrxmega3/crtatmega4809.o
                0x00000000                __vector_default
                0x00000000                __vectors
 *(.vectors)
 *(.progmem.gcc*)
 .progmem.gcc_sw_table._ZN9OrangeBot5Servo12hal_servo_ioEhb
                0x000000a0       0x10 servo.o
                0x000000b0                . = ALIGN (0x2)
                0x000000b0                __trampolines_start = .
 *(.trampolines)
 .trampolines   0x000000b0        0x0 linker stubs
 *(.trampolines*)
                0x000000b0                __trampolines_end = .
 *libprintf_flt.a:*(.progmem.data)
 *libc.a:*(.progmem.data)
 *(.progmem*)
                0x000000b0                . = ALIGN (0x2)
 *(.jumptables)
 *(.jumptables*)
 *(.lowtext)
 *(.lowtext*)
                0x000000b0                __ctors_start = .
 *(.ctors)
 .ctors         0x000000b0        0x2 main.o
                0x000000b2                __ctors_end = .
                0x000000b2                __dtors_start = .
 *(.dtors)
 .dtors         0x000000b2        0x2 main.o
                0x000000b4                __dtors_end = .
 SORT(*)(.ctors)
 SORT(*)(.dtors)
 *(.init0)
 .init0         0x000000b4        0x0 D:/Programs/7.0/Packs/Atmel/ATmega_DFP/1.7.374/gcc/dev/atmega4809/avrxmega3/crtatmega4809.o
                0x000000b4                __init
 *(.init0)
 *(.init1)
 *(.init1)
 *(.init2)
 .init2         0x000000b4        0xc D:/Programs/7.0/Packs/Atmel/ATmega_DFP/1.7.374/gcc/dev/atmega4809/avrxmega3/crtatmega4809.o
 *(.init2)
 *(.init3)
 *(.init3)
 *(.init4)
 .init4         0x000000c0       0x16 d:/programs/7.0/toolchain/avr8/avr8-gnu-toolchain/bin/../lib/gcc/avr/5.4.0/avrxmega3\libgcc.a(_copy_data.o)
                0x000000c0                __do_copy_data
 .init4         0x000000d6       0x10 d:/programs/7.0/toolchain/avr8/avr8-gnu-toolchain/bin/../lib/gcc/avr/5.4.0/avrxmega3\libgcc.a(_clear_bss.o)
                0x000000d6                __do_clear_bss
 *(.init4)
 *(.init5)
 *(.init5)
 *(.init6)
 .init6         0x000000e6       0x16 d:/programs/7.0/toolchain/avr8/avr8-gnu-toolchain/bin/../lib/gcc/avr/5.4.0/avrxmega3\libgcc.a(_ctors.o)
                0x000000e6                __do_global_ctors
 *(.init6)
 *(.init7)
 *(.init7)
 *(.init8)
 *(.init8)
 *(.init9)
 .init9         0x000000fc        0x8 D:/Programs/7.0/Packs/Atmel/ATmega_DFP/1.7.374/gcc/dev/atmega4809/avrxmega3/crtatmega4809.o
 *(.init9)
 *(.text)
 .text          0x00000104        0x4 D:/Programs/7.0/Packs/Atmel/ATmega_DFP/1.7.374/gcc/dev/atmega4809/avrxmega3/crtatmega4809.o
                0x00000104                __vector_38
                0x00000104                __vector_22
                0x00000104                __vector_28
                0x00000104                __vector_1
                0x00000104                __vector_32
                0x00000104                __vector_34
                0x00000104                __vector_24
                0x00000104                __vector_12
                0x00000104                __bad_interrupt
                0x00000104                __vector_6
                0x00000104                __vector_31
                0x00000104                __vector_35
                0x00000104                __vector_39
                0x00000104                __vector_3
                0x00000104                __vector_23
                0x00000104                __vector_30
                0x00000104                __vector_25
                0x00000104                __vector_11
                0x00000104                __vector_13
                0x00000104                __vector_19
                0x00000104                __vector_27
                0x00000104                __vector_5
                0x00000104                __vector_33
                0x00000104                __vector_37
                0x00000104                __vector_9
                0x00000104                __vector_2
                0x00000104                __vector_21
                0x00000104                __vector_15
                0x00000104                __vector_36
                0x00000104                __vector_29
                0x00000104                __vector_8
                0x00000104                __vector_26
                0x00000104                __vector_14
                0x00000104                __vector_10
                0x00000104                __vector_16
                0x00000104                __vector_18
                0x00000104                __vector_20
                0x00000108                . = ALIGN (0x2)
 *(.text.*)
 .text._Z12lcd_send_cmdh
                0x00000108       0x78 at_lcd.o
                0x00000108                _Z12lcd_send_cmdh
 .text._Z8lcd_initv
                0x00000180       0x4c at_lcd.o
                0x00000180                _Z8lcd_initv
 .text._Z10lcd_updatev
                0x000001cc      0x300 at_lcd.o
                0x000001cc                _Z10lcd_updatev
 .text._Z14lcd_print_charhh
                0x000004cc       0x56 at_lcd.o
                0x000004cc                _Z14lcd_print_charhh
 .text._Z13lcd_print_strhPKc
                0x00000522       0x44 at_lcd.o
                0x00000522                _Z13lcd_print_strhPKc
 .text._Z13lcd_print_u16hj
                0x00000566      0x1dc at_lcd.o
                0x00000566                _Z13lcd_print_u16hj
 .text._Z10init_clockv
                0x00000742       0x3e init.o
                0x00000742                _Z10init_clockv
 .text._Z8init_pinv
                0x00000780       0xac init.o
                0x00000780                _Z8init_pinv
 .text._Z8init_rtcv
                0x0000082c       0x36 init.o
                0x0000082c                _Z8init_rtcv
 .text._Z4initv
                0x00000862        0xe init.o
                0x00000862                _Z4initv
 .text.__vector_4
                0x00000870       0xaa int.o
                0x00000870                __vector_4
 .text.__vector_17
                0x0000091a       0x4c int.o
                0x0000091a                __vector_17
 .text.__vector_7
                0x00000966       0x52 int.o
                0x00000966                __vector_7
 .text._Z41__static_initialization_and_destruction_0ii
                0x000009b8       0x5a main.o
 .text._Z12report_error11_Error_code
                0x00000a12        0xe main.o
                0x00000a12                _Z12report_error11_Error_code
 .text.main     0x00000a20      0x1da main.o
                0x00000a20                main
 .text._GLOBAL__sub_I_g_isr_flags
                0x00000bfa        0xe main.o
 .text._GLOBAL__sub_D_g_isr_flags
                0x00000c08        0xe main.o
 .text._Z12ping_handlerv
                0x00000c16       0x16 parser_handlers.o
                0x00000c16                _Z12ping_handlerv
 .text._Z22send_signature_handlerv
                0x00000c2c       0xae parser_handlers.o
                0x00000c2c                _Z22send_signature_handlerv
 .text._Z13set_servo_ppmhii
                0x00000cda       0x1e parser_handlers.o
                0x00000cda                _Z13set_servo_ppmhii
 .text._Z20init_parser_commandsRN9Orangebot9UniparserE
                0x00000cf8       0x3e parser_handlers.o
                0x00000cf8                _Z20init_parser_commandsRN9Orangebot9UniparserE
 .text._ZN9OrangeBot5ServoD2Ev
                0x00000d36        0x2 servo.o
                0x00000d36                _ZN9OrangeBot5ServoD2Ev
                0x00000d36                _ZN9OrangeBot5ServoD1Ev
 .text._ZN9OrangeBot5Servo11hal_init_ioEv
                0x00000d38       0x46 servo.o
                0x00000d38                _ZN9OrangeBot5Servo11hal_init_ioEv
 .text._ZN9OrangeBot5Servo25hal_init_ta0_timeout_modeEj
                0x00000d7e       0x5c servo.o
                0x00000d7e                _ZN9OrangeBot5Servo25hal_init_ta0_timeout_modeEj
 .text._ZN9OrangeBot5Servo12hal_delay_usEv
                0x00000dda        0xc servo.o
                0x00000dda                _ZN9OrangeBot5Servo12hal_delay_usEv
 .text._ZN9OrangeBot5Servo9hal_powerEb
                0x00000de6       0x1e servo.o
                0x00000de6                _ZN9OrangeBot5Servo9hal_powerEb
 .text._ZN9OrangeBot5Servo11hal_run_isrEb
                0x00000e04       0x26 servo.o
                0x00000e04                _ZN9OrangeBot5Servo11hal_run_isrEb
 .text._ZN9OrangeBot5Servo15init_class_varsEv
                0x00000e2a       0xa8 servo.o
                0x00000e2a                _ZN9OrangeBot5Servo15init_class_varsEv
 .text._ZN9OrangeBot5Servo12report_errorENS0_11_Error_codeEj
                0x00000ed2       0x18 servo.o
                0x00000ed2                _ZN9OrangeBot5Servo12report_errorENS0_11_Error_codeEj
 .text._ZN9OrangeBot5Servo9set_servoEhij
                0x00000eea       0xa4 servo.o
                0x00000eea                _ZN9OrangeBot5Servo9set_servoEhij
 .text._ZN9OrangeBot5Servo4initEv
                0x00000f8e       0x58 servo.o
                0x00000f8e                _ZN9OrangeBot5Servo4initEv
 .text._ZN9OrangeBot5ServoC2Ev
                0x00000fe6        0x6 servo.o
                0x00000fe6                _ZN9OrangeBot5ServoC2Ev
                0x00000fe6                _ZN9OrangeBot5ServoC1Ev
 .text._ZN9OrangeBot5Servo12hal_servo_ioEhb
                0x00000fec       0xe8 servo.o
                0x00000fec                _ZN9OrangeBot5Servo12hal_servo_ioEhb
 .text._ZN9OrangeBot5Servo26hal_microseconds_to_countsEj
                0x000010d4       0x42 servo.o
                0x000010d4                _ZN9OrangeBot5Servo26hal_microseconds_to_countsEj
 .text._ZN9OrangeBot5Servo19hal_timer_set_delayEj
                0x00001116       0x88 servo.o
                0x00001116                _ZN9OrangeBot5Servo19hal_timer_set_delayEj
 .text._ZN9OrangeBot5Servo10soft_startEhhhh
                0x0000119e       0x8a servo.o
                0x0000119e                _ZN9OrangeBot5Servo10soft_startEhhhh
 .text._ZN9OrangeBot5Servo5powerEb
                0x00001228       0x40 servo.o
                0x00001228                _ZN9OrangeBot5Servo5powerEb
 .text._ZN9OrangeBot5Servo14clear_servo_ioEv
                0x00001268       0x2e servo.o
                0x00001268                _ZN9OrangeBot5Servo14clear_servo_ioEv
 .text._ZN9OrangeBot5Servo14emergency_stopEv
                0x00001296       0x28 servo.o
                0x00001296                _ZN9OrangeBot5Servo14emergency_stopEv
 .text._ZN9OrangeBot5Servo19compute_servo_delayEhRj
                0x000012be      0x372 servo.o
                0x000012be                _ZN9OrangeBot5Servo19compute_servo_delayEhRj
 .text._ZN9OrangeBot5Servo13hal_timer_isrEv
                0x00001630      0x128 servo.o
                0x00001630                _ZN9OrangeBot5Servo13hal_timer_isrEv
 .text._ZN4User9String_uc10str_lengthEPhh
                0x00001758       0x1c string_uc.o
                0x00001758                _ZN4User9String_uc10str_lengthEPhh
 .text._ZN4User9String_uc9to_stringIhEEhT_Ph
                0x00001774       0x82 string_uc.o
                0x00001774                _ZN4User9String_uc9to_stringIhEEhT_Ph
 .text._ZN4User4UartD2Ev
                0x000017f6        0x2 uart.o
                0x000017f6                _ZN4User4UartD1Ev
                0x000017f6                _ZN4User4UartD2Ev
 .text._ZN4User4Uart4sendEh
                0x000017f8       0x2c uart.o
                0x000017f8                _ZN4User4Uart4sendEh
 .text._ZN4User4Uart14get_counter_txERj
                0x00001824       0x10 uart.o
                0x00001824                _ZN4User4Uart14get_counter_txERj
 .text._ZN4User4Uart14get_counter_rxERj
                0x00001834       0x10 uart.o
                0x00001834                _ZN4User4Uart14get_counter_rxERj
 .text._ZN4User4Uart7receiveERh
                0x00001844       0x50 uart.o
                0x00001844                _ZN4User4Uart7receiveERh
 .text._ZN4User4Uart10isr_rx_exeEv
                0x00001894       0x6c uart.o
                0x00001894                _ZN4User4Uart10isr_rx_exeEv
 .text._ZN4User4Uart6updateEv
                0x00001900       0x78 uart.o
                0x00001900                _ZN4User4Uart6updateEv
 .text._ZN4User4Uart9init_uartER12USART_structj
                0x00001978       0x34 uart.o
                0x00001978                _ZN4User4Uart9init_uartER12USART_structj
 .text._ZN4User4Uart4initEv
                0x000019ac       0x3a uart.o
                0x000019ac                _ZN4User4Uart4initEv
 .text._ZN4User4UartC2Ev
                0x000019e6        0x6 uart.o
                0x000019e6                _ZN4User4UartC2Ev
                0x000019e6                _ZN4User4UartC1Ev
 .text._ZN9Orangebot9UniparserD2Ev
                0x000019ec        0x2 uniparser.o
                0x000019ec                _ZN9Orangebot9UniparserD1Ev
                0x000019ec                _ZN9Orangebot9UniparserD2Ev
 .text._ZN9Orangebot9Uniparser14accumulate_argEh
                0x000019ee      0x30a uniparser.o
                0x000019ee                _ZN9Orangebot9Uniparser14accumulate_argEh
 .text._ZN9Orangebot9Uniparser9close_argEv
                0x00001cf8       0x7e uniparser.o
                0x00001cf8                _ZN9Orangebot9Uniparser9close_argEv
 .text._ZN9Orangebot9Uniparser13error_handlerENS_10_Err_codesE
                0x00001d76        0xa uniparser.o
                0x00001d76                _ZN9Orangebot9Uniparser13error_handlerENS_10_Err_codesE
 .text._ZN9Orangebot9Uniparser7chk_cmdEPKh
                0x00001d80      0x10a uniparser.o
                0x00001d80                _ZN9Orangebot9Uniparser7chk_cmdEPKh
 .text._ZN9Orangebot9Uniparser7add_cmdEPKcPv
                0x00001e8a       0x76 uniparser.o
                0x00001e8a                _ZN9Orangebot9Uniparser7add_cmdEPKcPv
 .text._ZN9Orangebot9Uniparser7add_argEh
                0x00001f00       0xec uniparser.o
                0x00001f00                _ZN9Orangebot9Uniparser7add_argEh
 .text._ZN9Orangebot9Uniparser16execute_callbackEPv
                0x00001fec      0xf34 uniparser.o
                0x00001fec                _ZN9Orangebot9Uniparser16execute_callbackEPv
 .text._ZN9Orangebot9Uniparser5parseEh
                0x00002f20      0x420 uniparser.o
                0x00002f20                _ZN9Orangebot9Uniparser5parseEh
 .text._ZN9Orangebot9UniparserC2Ev
                0x00003340       0x3c uniparser.o
                0x00003340                _ZN9Orangebot9UniparserC2Ev
                0x00003340                _ZN9Orangebot9UniparserC1Ev
 .text.libgcc.div
                0x0000337c       0x18 d:/programs/7.0/toolchain/avr8/avr8-gnu-toolchain/bin/../lib/gcc/avr/5.4.0/avrxmega3\libgcc.a(_udivmodqi4.o)
                0x0000337c                __udivmodqi4
 .text.libgcc.div
                0x00003394       0x28 d:/programs/7.0/toolchain/avr8/avr8-gnu-toolchain/bin/../lib/gcc/avr/5.4.0/avrxmega3\libgcc.a(_udivmodhi4.o)
                0x00003394                __udivmodhi4
 .text.libgcc.div
                0x000033bc       0x44 d:/programs/7.0/toolchain/avr8/avr8-gnu-toolchain/bin/../lib/gcc/avr/5.4.0/avrxmega3\libgcc.a(_udivmodsi4.o)
                0x000033bc                __udivmodsi4
 .text.libgcc   0x00003400        0xc d:/programs/7.0/toolchain/avr8/avr8-gnu-toolchain/bin/../lib/gcc/avr/5.4.0/avrxmega3\libgcc.a(_tablejump2.o)
                0x00003400                __tablejump2__
 .text.libgcc.mul
                0x0000340c       0x1e d:/programs/7.0/toolchain/avr8/avr8-gnu-toolchain/bin/../lib/gcc/avr/5.4.0/avrxmega3\libgcc.a(_umulhisi3.o)
                0x0000340c                __umulhisi3
 .text.libgcc.mul
                0x0000342a       0x16 d:/programs/7.0/toolchain/avr8/avr8-gnu-toolchain/bin/../lib/gcc/avr/5.4.0/avrxmega3\libgcc.a(_muluhisi3.o)
                0x0000342a                __muluhisi3
 .text.avr-libc
                0x00003440       0xb8 d:/programs/7.0/toolchain/avr8/avr8-gnu-toolchain/bin/../lib/gcc/avr/5.4.0/../../../../avr/lib/avrxmega3\libc.a(rand.o)
                0x000034d2                rand_r
                0x000034d8                rand
                0x000034e2                srand
 .text.libgcc.div
                0x000034f8       0x2e d:/programs/7.0/toolchain/avr8/avr8-gnu-toolchain/bin/../lib/gcc/avr/5.4.0/avrxmega3\libgcc.a(_divmodsi4.o)
                0x000034f8                __divmodsi4
 .text.libgcc.div
                0x00003526       0x10 d:/programs/7.0/toolchain/avr8/avr8-gnu-toolchain/bin/../lib/gcc/avr/5.4.0/avrxmega3\libgcc.a(_negsi2.o)
                0x00003526                __negsi2
 .text.libgcc.mul
                0x00003536       0x10 d:/programs/7.0/toolchain/avr8/avr8-gnu-toolchain/bin/../lib/gcc/avr/5.4.0/avrxmega3\libgcc.a(_mulshisi3.o)
                0x00003536                __mulshisi3
                0x0000353c                __mulohisi3
                0x00003546                . = ALIGN (0x2)
 *(.fini9)
 .fini9         0x00003546        0x0 d:/programs/7.0/toolchain/avr8/avr8-gnu-toolchain/bin/../lib/gcc/avr/5.4.0/avrxmega3\libgcc.a(_exit.o)
                0x00003546                _exit
                0x00003546                exit
 *(.fini9)
 *(.fini8)
 *(.fini8)
 *(.fini7)
 *(.fini7)
 *(.fini6)
 .fini6         0x00003546       0x16 d:/programs/7.0/toolchain/avr8/avr8-gnu-toolchain/bin/../lib/gcc/avr/5.4.0/avrxmega3\libgcc.a(_dtors.o)
                0x00003546                __do_global_dtors
 *(.fini6)
 *(.fini5)
 *(.fini5)
 *(.fini4)
 *(.fini4)
 *(.fini3)
 *(.fini3)
 *(.fini2)
 *(.fini2)
 *(.fini1)
 *(.fini1)
 *(.fini0)
 .fini0         0x0000355c        0x4 d:/programs/7.0/toolchain/avr8/avr8-gnu-toolchain/bin/../lib/gcc/avr/5.4.0/avrxmega3\libgcc.a(_exit.o)
 *(.fini0)
                0x00003560                _etext = .

.rodata         0x00007560       0x66 load address 0x00003560
 *(.rodata)
 .rodata        0x00007560       0x3a at_lcd.o
 *(.rodata*)
 .rodata.str1.1
                0x0000759a        0xa main.o
 .rodata.str1.1
                0x000075a4       0x22 parser_handlers.o
 *(.gnu.linkonce.r*)

.data           0x00802800        0x6 load address 0x000035c6
                0x00802800                PROVIDE (__data_start, .)
 *(.data)
 .data          0x00802800        0x4 d:/programs/7.0/toolchain/avr8/avr8-gnu-toolchain/bin/../lib/gcc/avr/5.4.0/../../../../avr/lib/avrxmega3\libc.a(rand.o)
 *(.data*)
 .data.g_board_sign
                0x00802804        0x2 parser_handlers.o
                0x00802804                g_board_sign
 *(.gnu.linkonce.d*)
                0x00802806                . = ALIGN (0x2)
                0x00802806                _edata = .
                0x00802806                PROVIDE (__data_end, .)

.bss            0x00802806      0x150
                0x00802806                PROVIDE (__bss_start, .)
 *(.bss)
 *(.bss*)
 .bss._ZZ10lcd_updatevE8data_buf
                0x00802806        0x1 at_lcd.o
 .bss._ZZ10lcd_updatevE6status
                0x00802807        0x2 at_lcd.o
 .bss.lcd_error
                0x00802809        0x1 at_lcd.o
                0x00802809                lcd_error
 .bss.lcd_cfg_flags
                0x0080280a        0x1 at_lcd.o
                0x0080280a                lcd_cfg_flags
 .bss.lcd_updt  0x0080280b        0x4 at_lcd.o
                0x0080280b                lcd_updt
 .bss.lcd_show  0x0080280f       0x20 at_lcd.o
                0x0080280f                lcd_show
 .bss._ZZ10__vector_4E8pre_slow
                0x0080282f        0x2 int.o
 .bss.gc_servo  0x00802831       0x6e main.o
                0x00802831                gc_servo
 .bss.gcl_rx_parser
                0x0080289f       0x75 main.o
                0x0080289f                gcl_rx_parser
 .bss.gcl_uart0
                0x00802914       0x3f main.o
                0x00802914                gcl_uart0
 .bss.ge_error_code
                0x00802953        0x1 main.o
                0x00802953                ge_error_code
 .bss.g_isr_flags
                0x00802954        0x1 main.o
                0x00802954                g_isr_flags
 .bss.g_uart_timeout_cnt
                0x00802955        0x1 parser_handlers.o
                0x00802955                g_uart_timeout_cnt
 *(COMMON)
                0x00802956                PROVIDE (__bss_end, .)
                0x000035c6                __data_load_start = LOADADDR (.data)
                0x000035cc                __data_load_end = (__data_load_start + SIZEOF (.data))

.noinit         0x00802956        0x0
                [!provide]                PROVIDE (__noinit_start, .)
 *(.noinit*)
                [!provide]                PROVIDE (__noinit_end, .)
                0x00802956                _end = .
                [!provide]                PROVIDE (__heap_start, .)

.eeprom         0x00810000        0x0
 *(.eeprom*)
                0x00810000                __eeprom_end = .

.fuse
 *(.fuse)
 *(.lfuse)
 *(.hfuse)
 *(.efuse)

.lock
 *(.lock*)

.signature
 *(.signature*)

.user_signatures
 *(.user_signatures*)

.stab
 *(.stab)

.stabstr
 *(.stabstr)

.stab.excl
 *(.stab.excl)

.stab.exclstr
 *(.stab.exclstr)

.stab.index
 *(.stab.index)

.stab.indexstr
 *(.stab.indexstr)

.comment        0x00000000       0x30
 *(.comment)
 .comment       0x00000000       0x30 at_lcd.o
                                 0x31 (size before relaxing)
 .comment       0x00000030       0x31 init.o
 .comment       0x00000030       0x31 int.o
 .comment       0x00000030       0x31 main.o
 .comment       0x00000030       0x31 parser_handlers.o
 .comment       0x00000030       0x31 servo.o
 .comment       0x00000030       0x31 string_uc.o
 .comment       0x00000030       0x31 uart.o
 .comment       0x00000030       0x31 uniparser.o
 .comment       0x00000030       0x31 d:/programs/7.0/toolchain/avr8/avr8-gnu-toolchain/bin/../lib/gcc/avr/5.4.0/../../../../avr/lib/avrxmega3\libc.a(rand.o)

.note.gnu.avr.deviceinfo
                0x00000000       0x40
 .note.gnu.avr.deviceinfo
                0x00000000       0x40 D:/Programs/7.0/Packs/Atmel/ATmega_DFP/1.7.374/gcc/dev/atmega4809/avrxmega3/crtatmega4809.o

.note.gnu.build-id
 *(.note.gnu.build-id)

.debug
 *(.debug)

.line
 *(.line)

.debug_srcinfo
 *(.debug_srcinfo)

.debug_sfnames
 *(.debug_sfnames)

.debug_aranges  0x00000000      0x498
 *(.debug_aranges)
 .debug_aranges
                0x00000000       0xd0 at_lcd.o
 .debug_aranges
                0x000000d0       0x38 init.o
 .debug_aranges
                0x00000108       0x40 int.o
 .debug_aranges
                0x00000148       0x58 main.o
 .debug_aranges
                0x000001a0       0x48 parser_handlers.o
 .debug_aranges
                0x000001e8       0xe8 servo.o
 .debug_aranges
                0x000002d0       0x68 string_uc.o
 .debug_aranges
                0x00000338       0x80 uart.o
 .debug_aranges
                0x000003b8       0xe0 uniparser.o

.debug_pubnames
 *(.debug_pubnames)

.debug_info     0x00000000     0xf2e9
 *(.debug_info .gnu.linkonce.wi.*)
 .debug_info    0x00000000     0x248a D:/Programs/7.0/Packs/Atmel/ATmega_DFP/1.7.374/gcc/dev/atmega4809/avrxmega3/crtatmega4809.o
 .debug_info    0x0000248a     0x1ded at_lcd.o
 .debug_info    0x00004277      0x7f2 init.o
 .debug_info    0x00004a69     0x14a7 int.o
 .debug_info    0x00005f10     0x17ad main.o
 .debug_info    0x000076bd     0x15a4 parser_handlers.o
 .debug_info    0x00008c61     0x1e96 servo.o
 .debug_info    0x0000aaf7      0x67c string_uc.o
 .debug_info    0x0000b173      0xa34 uart.o
 .debug_info    0x0000bba7     0x3742 uniparser.o

.debug_abbrev   0x00000000     0x4077
 *(.debug_abbrev)
 .debug_abbrev  0x00000000     0x2296 D:/Programs/7.0/Packs/Atmel/ATmega_DFP/1.7.374/gcc/dev/atmega4809/avrxmega3/crtatmega4809.o
 .debug_abbrev  0x00002296      0x436 at_lcd.o
 .debug_abbrev  0x000026cc      0x153 init.o
 .debug_abbrev  0x0000281f      0x310 int.o
 .debug_abbrev  0x00002b2f      0x462 main.o
 .debug_abbrev  0x00002f91      0x3ea parser_handlers.o
 .debug_abbrev  0x0000337b      0x3f6 servo.o
 .debug_abbrev  0x00003771      0x255 string_uc.o
 .debug_abbrev  0x000039c6      0x31c uart.o
 .debug_abbrev  0x00003ce2      0x395 uniparser.o

.debug_line     0x00000000     0x53e4
 *(.debug_line .debug_line.* .debug_line_end)
 .debug_line    0x00000000      0x187 D:/Programs/7.0/Packs/Atmel/ATmega_DFP/1.7.374/gcc/dev/atmega4809/avrxmega3/crtatmega4809.o
 .debug_line    0x00000187     0x1c52 at_lcd.o
 .debug_line    0x00001dd9      0x1de init.o
 .debug_line    0x00001fb7      0x1eb int.o
 .debug_line    0x000021a2      0x377 main.o
 .debug_line    0x00002519      0x271 parser_handlers.o
 .debug_line    0x0000278a      0xaaa servo.o
 .debug_line    0x00003234      0x343 string_uc.o
 .debug_line    0x00003577      0x41a uart.o
 .debug_line    0x00003991     0x1a53 uniparser.o

.debug_frame    0x00000000      0xef4
 *(.debug_frame)
 .debug_frame   0x00000000      0x49c at_lcd.o
 .debug_frame   0x0000049c       0x54 init.o
 .debug_frame   0x000004f0      0x150 int.o
 .debug_frame   0x00000640       0xcc main.o
 .debug_frame   0x0000070c       0xb8 parser_handlers.o
 .debug_frame   0x000007c4      0x2d8 servo.o
 .debug_frame   0x00000a9c      0x134 string_uc.o
 .debug_frame   0x00000bd0       0xf8 uart.o
 .debug_frame   0x00000cc8      0x22c uniparser.o

.debug_str      0x00000000     0x3e1d
 *(.debug_str)
 .debug_str     0x00000000      0xf85 D:/Programs/7.0/Packs/Atmel/ATmega_DFP/1.7.374/gcc/dev/atmega4809/avrxmega3/crtatmega4809.o
 .debug_str     0x00000f85      0x7d0 at_lcd.o
                                0x85b (size before relaxing)
 .debug_str     0x00001755      0x682 init.o
                                0x972 (size before relaxing)
 .debug_str     0x00001dd7      0xa9b int.o
                                0xe57 (size before relaxing)
 .debug_str     0x00002872      0x730 main.o
                               0x14e7 (size before relaxing)
 .debug_str     0x00002fa2      0x24a parser_handlers.o
                               0x153e (size before relaxing)
 .debug_str     0x000031ec      0x405 servo.o
                               0x1100 (size before relaxing)
 .debug_str     0x000035f1      0x183 string_uc.o
                                0x51d (size before relaxing)
 .debug_str     0x00003774      0x29e uart.o
                                0x85a (size before relaxing)
 .debug_str     0x00003a12      0x40b uniparser.o
                                0xb1b (size before relaxing)

.debug_loc      0x00000000    0x10cdc
 *(.debug_loc)
 .debug_loc     0x00000000     0x419e at_lcd.o
 .debug_loc     0x0000419e       0x4c init.o
 .debug_loc     0x000041ea      0x30c int.o
 .debug_loc     0x000044f6      0x2c1 main.o
 .debug_loc     0x000047b7      0x2d8 parser_handlers.o
 .debug_loc     0x00004a8f     0x16cb servo.o
 .debug_loc     0x0000615a      0x73e string_uc.o
 .debug_loc     0x00006898      0x39f uart.o
 .debug_loc     0x00006c37     0xa0a5 uniparser.o

.debug_macinfo
 *(.debug_macinfo)

.debug_weaknames
 *(.debug_weaknames)

.debug_funcnames
 *(.debug_funcnames)

.debug_typenames
 *(.debug_typenames)

.debug_varnames
 *(.debug_varnames)

.debug_pubtypes
 *(.debug_pubtypes)

.debug_ranges   0x00000000     0x1078
 *(.debug_ranges)
 .debug_ranges  0x00000000      0x120 at_lcd.o
 .debug_ranges  0x00000120       0x28 init.o
 .debug_ranges  0x00000148       0x30 int.o
 .debug_ranges  0x00000178       0x48 main.o
 .debug_ranges  0x000001c0       0x38 parser_handlers.o
 .debug_ranges  0x000001f8      0x108 servo.o
 .debug_ranges  0x00000300       0x58 string_uc.o
 .debug_ranges  0x00000358       0x70 uart.o
 .debug_ranges  0x000003c8      0xcb0 uniparser.o

.debug_macro
 *(.debug_macro)
OUTPUT(2022-01-05b AT4809 UART Driver.elf elf32-avr)
LOAD linker stubs
